Archive member included to satisfy reference by file (symbol)

c:/program files/gcc-arm-none-eabi-10.3-2021.10-win32/bin/../lib/gcc/arm-none-eabi/10.3.1/../../../../arm-none-eabi/lib/thumb/v7-m/nofp\libc_nano.a(lib_a-exit.o)
                              c:/program files/gcc-arm-none-eabi-10.3-2021.10-win32/bin/../lib/gcc/arm-none-eabi/10.3.1/../../../../arm-none-eabi/lib/thumb/v7-m/nofp/crt0.o (exit)
c:/program files/gcc-arm-none-eabi-10.3-2021.10-win32/bin/../lib/gcc/arm-none-eabi/10.3.1/../../../../arm-none-eabi/lib/thumb/v7-m/nofp\libc_nano.a(lib_a-impure.o)
                              c:/program files/gcc-arm-none-eabi-10.3-2021.10-win32/bin/../lib/gcc/arm-none-eabi/10.3.1/../../../../arm-none-eabi/lib/thumb/v7-m/nofp\libc_nano.a(lib_a-exit.o) (_global_impure_ptr)
c:/program files/gcc-arm-none-eabi-10.3-2021.10-win32/bin/../lib/gcc/arm-none-eabi/10.3.1/../../../../arm-none-eabi/lib/thumb/v7-m/nofp\libc_nano.a(lib_a-init.o)
                              c:/program files/gcc-arm-none-eabi-10.3-2021.10-win32/bin/../lib/gcc/arm-none-eabi/10.3.1/../../../../arm-none-eabi/lib/thumb/v7-m/nofp/crt0.o (__libc_init_array)
c:/program files/gcc-arm-none-eabi-10.3-2021.10-win32/bin/../lib/gcc/arm-none-eabi/10.3.1/../../../../arm-none-eabi/lib/thumb/v7-m/nofp\libc_nano.a(lib_a-memcpy-stub.o)
                              build/radarandec20.o (memcpy)
c:/program files/gcc-arm-none-eabi-10.3-2021.10-win32/bin/../lib/gcc/arm-none-eabi/10.3.1/../../../../arm-none-eabi/lib/thumb/v7-m/nofp\libc_nano.a(lib_a-memset.o)
                              c:/program files/gcc-arm-none-eabi-10.3-2021.10-win32/bin/../lib/gcc/arm-none-eabi/10.3.1/../../../../arm-none-eabi/lib/thumb/v7-m/nofp/crt0.o (memset)
c:/program files/gcc-arm-none-eabi-10.3-2021.10-win32/bin/../lib/gcc/arm-none-eabi/10.3.1/../../../../arm-none-eabi/lib/thumb/v7-m/nofp\libc_nano.a(lib_a-sprintf.o)
                              build/radarandec20.o (sprintf)
c:/program files/gcc-arm-none-eabi-10.3-2021.10-win32/bin/../lib/gcc/arm-none-eabi/10.3.1/../../../../arm-none-eabi/lib/thumb/v7-m/nofp\libc_nano.a(lib_a-strlen.o)
                              build/u1rs232.o (strlen)
c:/program files/gcc-arm-none-eabi-10.3-2021.10-win32/bin/../lib/gcc/arm-none-eabi/10.3.1/../../../../arm-none-eabi/lib/thumb/v7-m/nofp\libc_nano.a(lib_a-strstr.o)
                              build/radarandec20.o (strstr)
c:/program files/gcc-arm-none-eabi-10.3-2021.10-win32/bin/../lib/gcc/arm-none-eabi/10.3.1/../../../../arm-none-eabi/lib/thumb/v7-m/nofp\libc_nano.a(lib_a-nano-svfprintf.o)
                              c:/program files/gcc-arm-none-eabi-10.3-2021.10-win32/bin/../lib/gcc/arm-none-eabi/10.3.1/../../../../arm-none-eabi/lib/thumb/v7-m/nofp\libc_nano.a(lib_a-sprintf.o) (_svfprintf_r)
c:/program files/gcc-arm-none-eabi-10.3-2021.10-win32/bin/../lib/gcc/arm-none-eabi/10.3.1/../../../../arm-none-eabi/lib/thumb/v7-m/nofp\libc_nano.a(lib_a-nano-vfprintf_i.o)
                              c:/program files/gcc-arm-none-eabi-10.3-2021.10-win32/bin/../lib/gcc/arm-none-eabi/10.3.1/../../../../arm-none-eabi/lib/thumb/v7-m/nofp\libc_nano.a(lib_a-nano-svfprintf.o) (_printf_i)
c:/program files/gcc-arm-none-eabi-10.3-2021.10-win32/bin/../lib/gcc/arm-none-eabi/10.3.1/../../../../arm-none-eabi/lib/thumb/v7-m/nofp\libc_nano.a(lib_a-memchr-stub.o)
                              c:/program files/gcc-arm-none-eabi-10.3-2021.10-win32/bin/../lib/gcc/arm-none-eabi/10.3.1/../../../../arm-none-eabi/lib/thumb/v7-m/nofp\libc_nano.a(lib_a-nano-svfprintf.o) (memchr)
c:/program files/gcc-arm-none-eabi-10.3-2021.10-win32/bin/../lib/gcc/arm-none-eabi/10.3.1/../../../../arm-none-eabi/lib/thumb/v7-m/nofp\libc_nano.a(lib_a-memmove.o)
                              c:/program files/gcc-arm-none-eabi-10.3-2021.10-win32/bin/../lib/gcc/arm-none-eabi/10.3.1/../../../../arm-none-eabi/lib/thumb/v7-m/nofp\libc_nano.a(lib_a-nano-svfprintf.o) (memmove)
c:/program files/gcc-arm-none-eabi-10.3-2021.10-win32/bin/../lib/gcc/arm-none-eabi/10.3.1/../../../../arm-none-eabi/lib/thumb/v7-m/nofp\libc_nano.a(lib_a-nano-freer.o)
                              c:/program files/gcc-arm-none-eabi-10.3-2021.10-win32/bin/../lib/gcc/arm-none-eabi/10.3.1/../../../../arm-none-eabi/lib/thumb/v7-m/nofp\libc_nano.a(lib_a-nano-svfprintf.o) (_free_r)
c:/program files/gcc-arm-none-eabi-10.3-2021.10-win32/bin/../lib/gcc/arm-none-eabi/10.3.1/../../../../arm-none-eabi/lib/thumb/v7-m/nofp\libc_nano.a(lib_a-nano-mallocr.o)
                              c:/program files/gcc-arm-none-eabi-10.3-2021.10-win32/bin/../lib/gcc/arm-none-eabi/10.3.1/../../../../arm-none-eabi/lib/thumb/v7-m/nofp\libc_nano.a(lib_a-nano-svfprintf.o) (_malloc_r)
c:/program files/gcc-arm-none-eabi-10.3-2021.10-win32/bin/../lib/gcc/arm-none-eabi/10.3.1/../../../../arm-none-eabi/lib/thumb/v7-m/nofp\libc_nano.a(lib_a-nano-reallocr.o)
[...]
Memory Configuration

Name             Origin             Length             Attributes
RAM              0x20000000         0x00005000         xrw
FLASH            0x08000000         0x00020000         xr
*default*        0x00000000         0xffffffff

Linker script and memory map

LOAD c:/program files/gcc-arm-none-eabi-10.3-2021.10-win32/bin/../lib/gcc/arm-none-eabi/10.3.1/thumb/v7-m/nofp/crti.o
LOAD c:/program files/gcc-arm-none-eabi-10.3-2021.10-win32/bin/../lib/gcc/arm-none-eabi/10.3.1/thumb/v7-m/nofp/crtbegin.o
LOAD c:/program files/gcc-arm-none-eabi-10.3-2021.10-win32/bin/../lib/gcc/arm-none-eabi/10.3.1/../../../../arm-none-eabi/lib/thumb/v7-m/nofp/crt0.o
LOAD build/main.o
LOAD build/oled.o
LOAD build/radarandec20.o
LOAD build/u1rs232.o
LOAD build/u2ec20.o
LOAD build/u3radar.o
LOAD build/stm32f1xx_it.o
LOAD build/stm32f1xx_hal_msp.o
LOAD build/stm32f1xx_hal_gpio_ex.o
LOAD build/stm32f1xx_hal_i2c.o
LOAD build/stm32f1xx_hal.o
LOAD build/stm32f1xx_hal_rcc.o
LOAD build/stm32f1xx_hal_rcc_ex.o
LOAD build/stm32f1xx_hal_gpio.o
LOAD build/stm32f1xx_hal_dma.o
LOAD build/stm32f1xx_hal_cortex.o
LOAD build/stm32f1xx_hal_pwr.o
LOAD build/stm32f1xx_hal_flash.o
LOAD build/stm32f1xx_hal_flash_ex.o
LOAD build/stm32f1xx_hal_exti.o
LOAD build/stm32f1xx_hal_tim.o
LOAD build/stm32f1xx_hal_tim_ex.o
LOAD build/stm32f1xx_hal_uart.o
LOAD build/system_stm32f1xx.o
LOAD build/startup_stm32f103xb.o
LOAD c:/program files/gcc-arm-none-eabi-10.3-2021.10-win32/bin/../lib/gcc/arm-none-eabi/10.3.1/../../../../arm-none-eabi/lib/thumb/v7-m/nofp\libc_nano.a
LOAD c:/program files/gcc-arm-none-eabi-10.3-2021.10-win32/bin/../lib/gcc/arm-none-eabi/10.3.1/../../../../arm-none-eabi/lib/thumb/v7-m/nofp\libm.a
LOAD c:/program files/gcc-arm-none-eabi-10.3-2021.10-win32/bin/../lib/gcc/arm-none-eabi/10.3.1/../../../../arm-none-eabi/lib/thumb/v7-m/nofp\libnosys.a
START GROUP
LOAD c:/program files/gcc-arm-none-eabi-10.3-2021.10-win32/bin/../lib/gcc/arm-none-eabi/10.3.1/thumb/v7-m/nofp\libgcc.a
LOAD c:/program files/gcc-arm-none-eabi-10.3-2021.10-win32/bin/../lib/gcc/arm-none-eabi/10.3.1/../../../../arm-none-eabi/lib/thumb/v7-m/nofp\libc_nano.a
END GROUP
START GROUP
LOAD c:/program files/gcc-arm-none-eabi-10.3-2021.10-win32/bin/../lib/gcc/arm-none-eabi/10.3.1/thumb/v7-m/nofp\libgcc.a
LOAD c:/program files/gcc-arm-none-eabi-10.3-2021.10-win32/bin/../lib/gcc/arm-none-eabi/10.3.1/../../../../arm-none-eabi/lib/thumb/v7-m/nofp\libc_nano.a
END GROUP
LOAD c:/program files/gcc-arm-none-eabi-10.3-2021.10-win32/bin/../lib/gcc/arm-none-eabi/10.3.1/thumb/v7-m/nofp/crtend.o
LOAD c:/program files/gcc-arm-none-eabi-10.3-2021.10-win32/bin/../lib/gcc/arm-none-eabi/10.3.1/thumb/v7-m/nofp/crtn.o
                0x20005000                _estack = (ORIGIN (RAM) + LENGTH (RAM))
                0x00000200                _Min_Heap_Size = 0x200
                0x00000400                _Min_Stack_Size = 0x400

.isr_vector     0x08000000      0x10c
                0x08000000                . = ALIGN (0x4)
 *(.isr_vector)
 .isr_vector    0x08000000      0x10c build/startup_stm32f103xb.o
                0x08000000                g_pfnVectors
                0x0800010c                . = ALIGN (0x4)

.text           0x0800010c     0x45b4
                0x0800010c                . = ALIGN (0x4)
 *(.text)
 .text          0x0800010c       0x40 c:/program files/gcc-arm-none-eabi-10.3-2021.10-win32/bin/../lib/gcc/arm-none-eabi/10.3.1/thumb/v7-m/nofp/crtbegin.o
 .text          0x0800014c       0x10 c:/program files/gcc-arm-none-eabi-10.3-2021.10-win32/bin/../lib/gcc/arm-none-eabi/10.3.1/../../../../arm-none-eabi/lib/thumb/v7-m/nofp\libc_nano.a(lib_a-strlen.o)
                0x0800014c                strlen
 *(.text*)
 .text.main     0x0800015c       0x2a build/main.o
                0x0800015c                main
 .text.SystemClock_Config
                0x08000186       0x8a build/main.o
                0x08000186                SystemClock_Config
 .text.MX_I2C1_Init
                0x08000210       0x5c build/main.o
 .text.MX_USART1_UART_Init
                0x0800026c       0x54 build/main.o
 .text.MX_USART2_UART_Init
                0x080002c0       0x54 build/main.o
 .text.MX_USART3_UART_Init
                0x08000314       0x54 build/main.o
 .text.MX_DMA_Init
                0x08000368       0x5c build/main.o
 .text.MX_GPIO_Init
                0x080003c4       0xf4 build/main.o
 .text.Error_Handler
                0x080004b8        0xc build/main.o
                0x080004b8                Error_Handler
 .text.delay_us
                0x080004c4       0x28 build/oled.o
 .text.delay_oledms
                0x080004ec       0x28 build/oled.o
                0x080004ec                delay_oledms
 .text.Clear_Buffer
                0x08000514       0x3c build/radarandec20.o
                0x08000514                Clear_Buffer
 .text.ucharCmp
                0x08000550       0x46 build/radarandec20.o
                0x08000550                ucharCmp
 .text.findStrCmp
                0x08000596       0x54 build/radarandec20.o
                0x08000596                findStrCmp
 .text.HexStrConvert
                0x080005ea       0x8e build/radarandec20.o
                0x080005ea                HexStrConvert
 .text.ec20power
                0x08000678       0x68 build/radarandec20.o
                0x08000678                ec20power
 .text.GetIDCode
                0x080006e0       0x78 build/radarandec20.o
                0x080006e0                GetIDCode
 .text.DataSendPre
                0x08000758      0x240 build/radarandec20.o
                0x08000758                DataSendPre
 .text.ec20ProcessFun
                0x08000998      0x548 build/radarandec20.o
                0x08000998                ec20ProcessFun
 .text.PollFun  0x08000ee0      0x260 build/radarandec20.o
                0x08000ee0                PollFun
 .text.u1Conf   0x08001140       0x2c build/u1rs232.o
                0x08001140                u1Conf
 .text.u1rxitProcess
                0x0800116c       0x4c build/u1rs232.o
                0x0800116c                u1rxitProcess
 .text.SendTxDebug
                0x080011b8       0x2c build/u1rs232.o
                0x080011b8                SendTxDebug
 .text.u2Conf   0x080011e4       0x2c build/u2ec20.o
                0x080011e4                u2Conf
 .text.u2rxitProcess
                0x08001210       0xc4 build/u2ec20.o
                0x08001210                u2rxitProcess
 .text.SendTxBuf
                0x080012d4       0x2c build/u2ec20.o
                0x080012d4                SendTxBuf
 .text.u3Conf   0x08001300       0x2c build/u3radar.o
                0x08001300                u3Conf
 .text.u3rxProcess
                0x0800132c      0x104 build/u3radar.o
                0x0800132c                u3rxProcess
 .text.NMI_Handler
                0x08001430        0xc build/stm32f1xx_it.o
                0x08001430                NMI_Handler
 .text.HardFault_Handler
                0x0800143c        0x6 build/stm32f1xx_it.o
                0x0800143c                HardFault_Handler
 .text.MemManage_Handler
                0x08001442        0x6 build/stm32f1xx_it.o
                0x08001442                MemManage_Handler
 .text.BusFault_Handler
                0x08001448        0x6 build/stm32f1xx_it.o
                0x08001448                BusFault_Handler
 .text.UsageFault_Handler
                0x0800144e        0x6 build/stm32f1xx_it.o
                0x0800144e                UsageFault_Handler
 .text.SVC_Handler
                0x08001454        0xc build/stm32f1xx_it.o
                0x08001454                SVC_Handler
 .text.DebugMon_Handler
                0x08001460        0xc build/stm32f1xx_it.o
                0x08001460                DebugMon_Handler
 .text.PendSV_Handler
                0x0800146c        0xc build/stm32f1xx_it.o
                0x0800146c                PendSV_Handler
 .text.SysTick_Handler
                0x08001478       0xc8 build/stm32f1xx_it.o
                0x08001478                SysTick_Handler
 .text.DMA1_Channel3_IRQHandler
                0x08001540       0x14 build/stm32f1xx_it.o
                0x08001540                DMA1_Channel3_IRQHandler
 .text.DMA1_Channel5_IRQHandler
                0x08001554       0x14 build/stm32f1xx_it.o
                0x08001554                DMA1_Channel5_IRQHandler
 .text.DMA1_Channel6_IRQHandler
                0x08001568       0x14 build/stm32f1xx_it.o
                0x08001568                DMA1_Channel6_IRQHandler
 .text.USART1_IRQHandler
                0x0800157c       0x18 build/stm32f1xx_it.o
                0x0800157c                USART1_IRQHandler
 .text.USART2_IRQHandler
                0x08001594       0x18 build/stm32f1xx_it.o
                0x08001594                USART2_IRQHandler
 .text.USART3_IRQHandler
                0x080015ac       0x18 build/stm32f1xx_it.o
                0x080015ac                USART3_IRQHandler
 .text.HAL_MspInit
                0x080015c4       0x64 build/stm32f1xx_hal_msp.o
                0x080015c4                HAL_MspInit
 .text.HAL_I2C_MspInit
                0x08001628       0x7c build/stm32f1xx_hal_msp.o
                0x08001628                HAL_I2C_MspInit
 .text.HAL_UART_MspInit
                0x080016a4      0x2ac build/stm32f1xx_hal_msp.o
                0x080016a4                HAL_UART_MspInit
 .text.HAL_I2C_Init
                0x08001950      0x288 build/stm32f1xx_hal_i2c.o
                0x08001950                HAL_I2C_Init
 .text.HAL_Init
                0x08001bd8       0x2c build/stm32f1xx_hal.o
                0x08001bd8                HAL_Init
 .text.HAL_InitTick
                0x08001c04       0x60 build/stm32f1xx_hal.o
                0x08001c04                HAL_InitTick
 .text.HAL_IncTick
                0x08001c64       0x24 build/stm32f1xx_hal.o
                0x08001c64                HAL_IncTick
 .text.HAL_GetTick
                0x08001c88       0x14 build/stm32f1xx_hal.o
                0x08001c88                HAL_GetTick
 .text.HAL_RCC_OscConfig
                0x08001c9c      0x504 build/stm32f1xx_hal_rcc.o
                0x08001c9c                HAL_RCC_OscConfig
 .text.HAL_RCC_ClockConfig
                0x080021a0      0x1d4 build/stm32f1xx_hal_rcc.o
                0x080021a0                HAL_RCC_ClockConfig
 .text.HAL_RCC_GetSysClockFreq
                0x08002374       0xbc build/stm32f1xx_hal_rcc.o
                0x08002374                HAL_RCC_GetSysClockFreq
 .text.HAL_RCC_GetHCLKFreq
                0x08002430       0x14 build/stm32f1xx_hal_rcc.o
                0x08002430                HAL_RCC_GetHCLKFreq
 .text.HAL_RCC_GetPCLK1Freq
                0x08002444       0x28 build/stm32f1xx_hal_rcc.o
                0x08002444                HAL_RCC_GetPCLK1Freq
 .text.HAL_RCC_GetPCLK2Freq
                0x0800246c       0x28 build/stm32f1xx_hal_rcc.o
                0x0800246c                HAL_RCC_GetPCLK2Freq
 .text.RCC_Delay
                0x08002494       0x3c build/stm32f1xx_hal_rcc.o
 .text.HAL_GPIO_Init
                0x080024d0      0x308 build/stm32f1xx_hal_gpio.o
                0x080024d0                HAL_GPIO_Init
 .text.HAL_GPIO_ReadPin
                0x080027d8       0x2e build/stm32f1xx_hal_gpio.o
                0x080027d8                HAL_GPIO_ReadPin
 .text.HAL_GPIO_WritePin
                0x08002806       0x30 build/stm32f1xx_hal_gpio.o
                0x08002806                HAL_GPIO_WritePin
 *fill*         0x08002836        0x2 
 .text.HAL_DMA_Init
                0x08002838       0xb4 build/stm32f1xx_hal_dma.o
                0x08002838                HAL_DMA_Init
 .text.HAL_DMA_Start_IT
                0x080028ec       0xbe build/stm32f1xx_hal_dma.o
                0x080028ec                HAL_DMA_Start_IT
 .text.HAL_DMA_Abort
                0x080029aa       0x74 build/stm32f1xx_hal_dma.o
                0x080029aa                HAL_DMA_Abort
 *fill*         0x08002a1e        0x2 
 .text.HAL_DMA_Abort_IT
                0x08002a20       0xec build/stm32f1xx_hal_dma.o
                0x08002a20                HAL_DMA_Abort_IT
 .text.HAL_DMA_IRQHandler
                0x08002b0c      0x20c build/stm32f1xx_hal_dma.o
                0x08002b0c                HAL_DMA_IRQHandler
 .text.DMA_SetConfig
                0x08002d18       0x5a build/stm32f1xx_hal_dma.o
 *fill*         0x08002d72        0x2 
 .text.__NVIC_SetPriorityGrouping
                0x08002d74       0x48 build/stm32f1xx_hal_cortex.o
 .text.__NVIC_GetPriorityGrouping
                0x08002dbc       0x1c build/stm32f1xx_hal_cortex.o
 .text.__NVIC_EnableIRQ
                0x08002dd8       0x38 build/stm32f1xx_hal_cortex.o
 .text.__NVIC_SetPriority
                0x08002e10       0x54 build/stm32f1xx_hal_cortex.o
 .text.NVIC_EncodePriority
                0x08002e64       0x64 build/stm32f1xx_hal_cortex.o
 .text.SysTick_Config
                0x08002ec8       0x44 build/stm32f1xx_hal_cortex.o
 .text.HAL_NVIC_SetPriorityGrouping
                0x08002f0c       0x16 build/stm32f1xx_hal_cortex.o
                0x08002f0c                HAL_NVIC_SetPriorityGrouping
 .text.HAL_NVIC_SetPriority
                0x08002f22       0x38 build/stm32f1xx_hal_cortex.o
                0x08002f22                HAL_NVIC_SetPriority
 .text.HAL_NVIC_EnableIRQ
                0x08002f5a       0x1c build/stm32f1xx_hal_cortex.o
                0x08002f5a                HAL_NVIC_EnableIRQ
 .text.HAL_SYSTICK_Config
                0x08002f76       0x18 build/stm32f1xx_hal_cortex.o
                0x08002f76                HAL_SYSTICK_Config
 .text.HAL_UART_Init
                0x08002f8e       0x9a build/stm32f1xx_hal_uart.o
                0x08002f8e                HAL_UART_Init
 .text.HAL_UART_Transmit
                0x08003028      0x124 build/stm32f1xx_hal_uart.o
                0x08003028                HAL_UART_Transmit
 .text.HAL_UART_Receive_DMA
                0x0800314c       0x60 build/stm32f1xx_hal_uart.o
                0x0800314c                HAL_UART_Receive_DMA
 .text.HAL_UART_DMAStop
                0x080031ac       0xb6 build/stm32f1xx_hal_uart.o
                0x080031ac                HAL_UART_DMAStop
 *fill*         0x08003262        0x2 
 .text.HAL_UART_IRQHandler
                0x08003264      0x354 build/stm32f1xx_hal_uart.o
                0x08003264                HAL_UART_IRQHandler
 .text.HAL_UART_TxCpltCallback
                0x080035b8       0x12 build/stm32f1xx_hal_uart.o
                0x080035b8                HAL_UART_TxCpltCallback
 .text.HAL_UART_RxCpltCallback
                0x080035ca       0x12 build/stm32f1xx_hal_uart.o
                0x080035ca                HAL_UART_RxCpltCallback
 .text.HAL_UART_RxHalfCpltCallback
                0x080035dc       0x12 build/stm32f1xx_hal_uart.o
                0x080035dc                HAL_UART_RxHalfCpltCallback
 .text.HAL_UART_ErrorCallback
                0x080035ee       0x12 build/stm32f1xx_hal_uart.o
                0x080035ee                HAL_UART_ErrorCallback
 .text.HAL_UARTEx_RxEventCallback
                0x08003600       0x16 build/stm32f1xx_hal_uart.o
                0x08003600                HAL_UARTEx_RxEventCallback
 .text.UART_DMAReceiveCplt
                0x08003616       0x96 build/stm32f1xx_hal_uart.o
 .text.UART_DMARxHalfCplt
                0x080036ac       0x36 build/stm32f1xx_hal_uart.o
 .text.UART_DMAError
                0x080036e2       0x94 build/stm32f1xx_hal_uart.o
 .text.UART_WaitOnFlagUntilTimeout
                0x08003776       0x94 build/stm32f1xx_hal_uart.o
 *fill*         0x0800380a        0x2 
 .text.UART_Start_Receive_DMA
                0x0800380c       0xc8 build/stm32f1xx_hal_uart.o
                0x0800380c                UART_Start_Receive_DMA
 .text.UART_EndTxTransfer
                0x080038d4       0x2a build/stm32f1xx_hal_uart.o
 .text.UART_EndRxTransfer
                0x080038fe       0x58 build/stm32f1xx_hal_uart.o
 .text.UART_DMAAbortOnError
                0x08003956       0x28 build/stm32f1xx_hal_uart.o
 .text.UART_Transmit_IT
                0x0800397e       0x9e build/stm32f1xx_hal_uart.o
 .text.UART_EndTransmit_IT
                0x08003a1c       0x30 build/stm32f1xx_hal_uart.o
 .text.UART_Receive_IT
                0x08003a4c      0x152 build/stm32f1xx_hal_uart.o
 *fill*         0x08003b9e        0x2 
 .text.UART_SetConfig
                0x08003ba0      0x11c build/stm32f1xx_hal_uart.o
 .text.SystemInit
                0x08003cbc        0xc build/system_stm32f1xx.o
                0x08003cbc                SystemInit
 .text.Reset_Handler
                0x08003cc8       0x48 build/startup_stm32f103xb.o
                0x08003cc8                Reset_Handler
 .text.Default_Handler
                0x08003d10        0x2 build/startup_stm32f103xb.o
                0x08003d10                RTC_Alarm_IRQHandler
                0x08003d10                EXTI2_IRQHandler
                0x08003d10                TIM1_CC_IRQHandler
                0x08003d10                PVD_IRQHandler
                0x08003d10                EXTI3_IRQHandler
                0x08003d10                EXTI0_IRQHandler
                0x08003d10                I2C2_EV_IRQHandler
                0x08003d10                ADC1_2_IRQHandler
                0x08003d10                SPI1_IRQHandler
                0x08003d10                TAMPER_IRQHandler
                0x08003d10                DMA1_Channel4_IRQHandler
                0x08003d10                RTC_IRQHandler
                0x08003d10                DMA1_Channel7_IRQHandler
                0x08003d10                CAN1_RX1_IRQHandler
                0x08003d10                TIM4_IRQHandler
                0x08003d10                I2C1_EV_IRQHandler
                0x08003d10                TIM3_IRQHandler
                0x08003d10                RCC_IRQHandler
                0x08003d10                TIM1_TRG_COM_IRQHandler
                0x08003d10                DMA1_Channel1_IRQHandler
                0x08003d10                Default_Handler
                0x08003d10                EXTI15_10_IRQHandler
                0x08003d10                EXTI9_5_IRQHandler
                0x08003d10                SPI2_IRQHandler
                0x08003d10                EXTI4_IRQHandler
                0x08003d10                USB_LP_CAN1_RX0_IRQHandler
                0x08003d10                USB_HP_CAN1_TX_IRQHandler
                0x08003d10                TIM1_UP_IRQHandler
                0x08003d10                WWDG_IRQHandler
                0x08003d10                TIM2_IRQHandler
                0x08003d10                TIM1_BRK_IRQHandler
                0x08003d10                EXTI1_IRQHandler
                0x08003d10                I2C2_ER_IRQHandler
                0x08003d10                DMA1_Channel2_IRQHandler
                0x08003d10                CAN1_SCE_IRQHandler
                0x08003d10                FLASH_IRQHandler
                0x08003d10                I2C1_ER_IRQHandler
                0x08003d10                USBWakeUp_IRQHandler
 *fill*         0x08003d12        0x2 
 .text.__libc_init_array
                0x08003d14       0x48 c:/program files/gcc-arm-none-eabi-10.3-2021.10-win32/bin/../lib/gcc/arm-none-eabi/10.3.1/../../../../arm-none-eabi/lib/thumb/v7-m/nofp\libc_nano.a(lib_a-init.o)
                0x08003d14                __libc_init_array
 .text.memcpy   0x08003d5c       0x1c c:/program files/gcc-arm-none-eabi-10.3-2021.10-win32/bin/../lib/gcc/arm-none-eabi/10.3.1/../../../../arm-none-eabi/lib/thumb/v7-m/nofp\libc_nano.a(lib_a-memcpy-stub.o)
                0x08003d5c                memcpy
 .text.memset   0x08003d78       0x10 c:/program files/gcc-arm-none-eabi-10.3-2021.10-win32/bin/../lib/gcc/arm-none-eabi/10.3.1/../../../../arm-none-eabi/lib/thumb/v7-m/nofp\libc_nano.a(lib_a-memset.o)
                0x08003d78                memset
 .text.sprintf  0x08003d88       0x40 c:/program files/gcc-arm-none-eabi-10.3-2021.10-win32/bin/../lib/gcc/arm-none-eabi/10.3.1/../../../../arm-none-eabi/lib/thumb/v7-m/nofp\libc_nano.a(lib_a-sprintf.o)
                0x08003d88                siprintf
                0x08003d88                sprintf
 .text.strstr   0x08003dc8       0x2c c:/program files/gcc-arm-none-eabi-10.3-2021.10-win32/bin/../lib/gcc/arm-none-eabi/10.3.1/../../../../arm-none-eabi/lib/thumb/v7-m/nofp\libc_nano.a(lib_a-strstr.o)
                0x08003dc8                strstr
 .text.__ssputs_r
                0x08003df4       0xb6 c:/program files/gcc-arm-none-eabi-10.3-2021.10-win32/bin/../lib/gcc/arm-none-eabi/10.3.1/../../../../arm-none-eabi/lib/thumb/v7-m/nofp\libc_nano.a(lib_a-nano-svfprintf.o)
                0x08003df4                __ssputs_r
 *fill*         0x08003eaa        0x2 
 .text._svfprintf_r
                0x08003eac      0x200 c:/program files/gcc-arm-none-eabi-10.3-2021.10-win32/bin/../lib/gcc/arm-none-eabi/10.3.1/../../../../arm-none-eabi/lib/thumb/v7-m/nofp\libc_nano.a(lib_a-nano-svfprintf.o)
                0x08003eac                _svfiprintf_r
                0x08003eac                _svfprintf_r
 .text._printf_common
                0x080040ac       0xde c:/program files/gcc-arm-none-eabi-10.3-2021.10-win32/bin/../lib/gcc/arm-none-eabi/10.3.1/../../../../arm-none-eabi/lib/thumb/v7-m/nofp\libc_nano.a(lib_a-nano-vfprintf_i.o)
                0x080040ac                _printf_common
 *fill*         0x0800418a        0x2 
 .text._printf_i
                0x0800418c      0x24c c:/program files/gcc-arm-none-eabi-10.3-2021.10-win32/bin/../lib/gcc/arm-none-eabi/10.3.1/../../../../arm-none-eabi/lib/thumb/v7-m/nofp\libc_nano.a(lib_a-nano-vfprintf_i.o)
                0x0800418c                _printf_i
 .text.memchr   0x080043d8       0x1c c:/program files/gcc-arm-none-eabi-10.3-2021.10-win32/bin/../lib/gcc/arm-none-eabi/10.3.1/../../../../arm-none-eabi/lib/thumb/v7-m/nofp\libc_nano.a(lib_a-memchr-stub.o)
                0x080043d8                memchr
 .text.memmove  0x080043f4       0x34 c:/program files/gcc-arm-none-eabi-10.3-2021.10-win32/bin/../lib/gcc/arm-none-eabi/10.3.1/../../../../arm-none-eabi/lib/thumb/v7-m/nofp\libc_nano.a(lib_a-memmove.o)
                0x080043f4                memmove
 .text._free_r  0x08004428       0x90 c:/program files/gcc-arm-none-eabi-10.3-2021.10-win32/bin/../lib/gcc/arm-none-eabi/10.3.1/../../../../arm-none-eabi/lib/thumb/v7-m/nofp\libc_nano.a(lib_a-nano-freer.o)
                0x08004428                _free_r
 .text.sbrk_aligned
                0x080044b8       0x40 c:/program files/gcc-arm-none-eabi-10.3-2021.10-win32/bin/../lib/gcc/arm-none-eabi/10.3.1/../../../../arm-none-eabi/lib/thumb/v7-m/nofp\libc_nano.a(lib_a-nano-mallocr.o)
 .text._malloc_r
                0x080044f8       0xe8 c:/program files/gcc-arm-none-eabi-10.3-2021.10-win32/bin/../lib/gcc/arm-none-eabi/10.3.1/../../../../arm-none-eabi/lib/thumb/v7-m/nofp\libc_nano.a(lib_a-nano-mallocr.o)
                0x080044f8                _malloc_r
 .text._realloc_r
                0x080045e0       0x5e c:/program files/gcc-arm-none-eabi-10.3-2021.10-win32/bin/../lib/gcc/arm-none-eabi/10.3.1/../../../../arm-none-eabi/lib/thumb/v7-m/nofp\libc_nano.a(lib_a-nano-reallocr.o)
                0x080045e0                _realloc_r
 *fill*         0x0800463e        0x2 
 .text._sbrk_r  0x08004640       0x20 c:/program files/gcc-arm-none-eabi-10.3-2021.10-win32/bin/../lib/gcc/arm-none-eabi/10.3.1/../../../../arm-none-eabi/lib/thumb/v7-m/nofp\libc_nano.a(lib_a-sbrkr.o)
                0x08004640                _sbrk_r
 .text.__malloc_lock
                0x08004660        0xc c:/program files/gcc-arm-none-eabi-10.3-2021.10-win32/bin/../lib/gcc/arm-none-eabi/10.3.1/../../../../arm-none-eabi/lib/thumb/v7-m/nofp\libc_nano.a(lib_a-mlock.o)
                0x08004660                __malloc_lock
 .text.__malloc_unlock
                0x0800466c        0xc c:/program files/gcc-arm-none-eabi-10.3-2021.10-win32/bin/../lib/gcc/arm-none-eabi/10.3.1/../../../../arm-none-eabi/lib/thumb/v7-m/nofp\libc_nano.a(lib_a-mlock.o)
                0x0800466c                __malloc_unlock
 .text._malloc_usable_size_r
                0x08004678       0x10 c:/program files/gcc-arm-none-eabi-10.3-2021.10-win32/bin/../lib/gcc/arm-none-eabi/10.3.1/../../../../arm-none-eabi/lib/thumb/v7-m/nofp\libc_nano.a(lib_a-nano-msizer.o)
                0x08004678                _malloc_usable_size_r
 .text.__retarget_lock_acquire_recursive
                0x08004688        0x2 c:/program files/gcc-arm-none-eabi-10.3-2021.10-win32/bin/../lib/gcc/arm-none-eabi/10.3.1/../../../../arm-none-eabi/lib/thumb/v7-m/nofp\libc_nano.a(lib_a-lock.o)
                0x08004688                __retarget_lock_acquire_recursive
 .text.__retarget_lock_release_recursive
                0x0800468a        0x2 c:/program files/gcc-arm-none-eabi-10.3-2021.10-win32/bin/../lib/gcc/arm-none-eabi/10.3.1/../../../../arm-none-eabi/lib/thumb/v7-m/nofp\libc_nano.a(lib_a-lock.o)
                0x0800468a                __retarget_lock_release_recursive
 .text._sbrk    0x0800468c       0x1c c:/program files/gcc-arm-none-eabi-10.3-2021.10-win32/bin/../lib/gcc/arm-none-eabi/10.3.1/../../../../arm-none-eabi/lib/thumb/v7-m/nofp\libnosys.a(sbrk.o)
                0x0800468c                _sbrk
 *(.glue_7)
 .glue_7        0x080046a8        0x0 linker stubs
 *(.glue_7t)
 .glue_7t       0x080046a8        0x0 linker stubs
 *(.eh_frame)
 .eh_frame      0x080046a8        0x0 c:/program files/gcc-arm-none-eabi-10.3-2021.10-win32/bin/../lib/gcc/arm-none-eabi/10.3.1/thumb/v7-m/nofp/crtbegin.o
 *(.init)
 .init          0x080046a8        0x4 c:/program files/gcc-arm-none-eabi-10.3-2021.10-win32/bin/../lib/gcc/arm-none-eabi/10.3.1/thumb/v7-m/nofp/crti.o
                0x080046a8                _init
 .init          0x080046ac        0x8 c:/program files/gcc-arm-none-eabi-10.3-2021.10-win32/bin/../lib/gcc/arm-none-eabi/10.3.1/thumb/v7-m/nofp/crtn.o
 *(.fini)
 .fini          0x080046b4        0x4 c:/program files/gcc-arm-none-eabi-10.3-2021.10-win32/bin/../lib/gcc/arm-none-eabi/10.3.1/thumb/v7-m/nofp/crti.o
                0x080046b4                _fini
 .fini          0x080046b8        0x8 c:/program files/gcc-arm-none-eabi-10.3-2021.10-win32/bin/../lib/gcc/arm-none-eabi/10.3.1/thumb/v7-m/nofp/crtn.o
                0x080046c0                . = ALIGN (0x4)
                0x080046c0                _etext = .

.vfp11_veneer   0x080046c0        0x0
 .vfp11_veneer  0x080046c0        0x0 linker stubs

.v4_bx          0x080046c0        0x0
 .v4_bx         0x080046c0        0x0 linker stubs

.iplt           0x080046c0        0x0
 .iplt          0x080046c0        0x0 c:/program files/gcc-arm-none-eabi-10.3-2021.10-win32/bin/../lib/gcc/arm-none-eabi/10.3.1/thumb/v7-m/nofp/crtbegin.o

.rodata         0x080046c0      0x318
                0x080046c0                . = ALIGN (0x4)
 *(.rodata)
 .rodata        0x080046c0      0x2b9 build/radarandec20.o
 *fill*         0x08004979        0x3 
 .rodata        0x0800497c       0x10 build/stm32f1xx_hal_rcc.o
 *(.rodata*)
 .rodata.AHBPrescTable
                0x0800498c       0x10 build/system_stm32f1xx.o
                0x0800498c                AHBPrescTable
 .rodata.APBPrescTable
                0x0800499c        0x8 build/system_stm32f1xx.o
                0x0800499c                APBPrescTable
 .rodata._svfprintf_r.str1.1
                0x080049a4       0x11 c:/program files/gcc-arm-none-eabi-10.3-2021.10-win32/bin/../lib/gcc/arm-none-eabi/10.3.1/../../../../arm-none-eabi/lib/thumb/v7-m/nofp\libc_nano.a(lib_a-nano-svfprintf.o)
 .rodata._printf_i.str1.1
                0x080049b5       0x22 c:/program files/gcc-arm-none-eabi-10.3-2021.10-win32/bin/../lib/gcc/arm-none-eabi/10.3.1/../../../../arm-none-eabi/lib/thumb/v7-m/nofp\libc_nano.a(lib_a-nano-vfprintf_i.o)
                0x080049d8                . = ALIGN (0x4)
 *fill*         0x080049d7        0x1 

.rel.dyn        0x080049d8        0x0
 .rel.iplt      0x080049d8        0x0 c:/program files/gcc-arm-none-eabi-10.3-2021.10-win32/bin/../lib/gcc/arm-none-eabi/10.3.1/thumb/v7-m/nofp/crtbegin.o

.ARM.extab
 *(.ARM.extab* .gnu.linkonce.armextab.*)

.ARM            0x080049d8        0x0
                0x080049d8                __exidx_start = .
 *(.ARM.exidx*)
                0x080049d8                __exidx_end = .

.preinit_array  0x080049d8        0x0
                0x080049d8                PROVIDE (__preinit_array_start = .)
 *(.preinit_array*)
                0x080049d8                PROVIDE (__preinit_array_end = .)

.init_array     0x080049d8        0x4
                0x080049d8                PROVIDE (__init_array_start = .)
 *(SORT_BY_NAME(.init_array.*))
 *(.init_array*)
 .init_array    0x080049d8        0x4 c:/program files/gcc-arm-none-eabi-10.3-2021.10-win32/bin/../lib/gcc/arm-none-eabi/10.3.1/thumb/v7-m/nofp/crtbegin.o
                0x080049dc                PROVIDE (__init_array_end = .)

.fini_array     0x080049dc        0x4
                [!provide]                PROVIDE (__fini_array_start = .)
 *(SORT_BY_NAME(.fini_array.*))
 *(.fini_array*)
 .fini_array    0x080049dc        0x4 c:/program files/gcc-arm-none-eabi-10.3-2021.10-win32/bin/../lib/gcc/arm-none-eabi/10.3.1/thumb/v7-m/nofp/crtbegin.o
                [!provide]                PROVIDE (__fini_array_end = .)
                0x080049e0                _sidata = LOADADDR (.data)

.data           0x20000000       0xfc load address 0x080049e0
                0x20000000                . = ALIGN (0x4)
                0x20000000                _sdata = .
 *(.data)
 *(.data*)
 .data.POLLTime
                0x20000000        0x4 build/radarandec20.o
                0x20000000                POLLTime
 .data.SendList
                0x20000004       0x44 build/radarandec20.o
                0x20000004                SendList
 .data.RecExpected
                0x20000048       0x44 build/radarandec20.o
                0x20000048                RecExpected
 .data.uwTickPrio
                0x2000008c        0x4 build/stm32f1xx_hal.o
                0x2000008c                uwTickPrio
 .data.uwTickFreq
                0x20000090        0x1 build/stm32f1xx_hal.o
                0x20000090                uwTickFreq
 *fill*         0x20000091        0x3 
 .data.SystemCoreClock
                0x20000094        0x4 build/system_stm32f1xx.o
                0x20000094                SystemCoreClock
 .data._impure_ptr
                0x20000098        0x4 c:/program files/gcc-arm-none-eabi-10.3-2021.10-win32/bin/../lib/gcc/arm-none-eabi/10.3.1/../../../../arm-none-eabi/lib/thumb/v7-m/nofp\libc_nano.a(lib_a-impure.o)
                0x20000098                _impure_ptr
 .data.impure_data
                0x2000009c       0x60 c:/program files/gcc-arm-none-eabi-10.3-2021.10-win32/bin/../lib/gcc/arm-none-eabi/10.3.1/../../../../arm-none-eabi/lib/thumb/v7-m/nofp\libc_nano.a(lib_a-impure.o)
                0x200000fc                . = ALIGN (0x4)
                0x200000fc                _edata = .

.igot.plt       0x200000fc        0x0 load address 0x08004adc
 .igot.plt      0x200000fc        0x0 c:/program files/gcc-arm-none-eabi-10.3-2021.10-win32/bin/../lib/gcc/arm-none-eabi/10.3.1/thumb/v7-m/nofp/crtbegin.o
                0x200000fc                . = ALIGN (0x4)

.bss            0x200000fc      0x5f8 load address 0x08004adc
                0x200000fc                _sbss = .
                0x200000fc                __bss_start__ = _sbss
 *(.bss)
 .bss           0x200000fc       0x1c c:/program files/gcc-arm-none-eabi-10.3-2021.10-win32/bin/../lib/gcc/arm-none-eabi/10.3.1/thumb/v7-m/nofp/crtbegin.o
 *(.bss*)
 .bss.hi2c1     0x20000118       0x54 build/main.o
                0x20000118                hi2c1
 .bss.huart1    0x2000016c       0x44 build/main.o
                0x2000016c                huart1
 .bss.huart2    0x200001b0       0x44 build/main.o
                0x200001b0                huart2
 .bss.huart3    0x200001f4       0x44 build/main.o
                0x200001f4                huart3
 .bss.hdma_usart1_rx
                0x20000238       0x44 build/main.o
                0x20000238                hdma_usart1_rx
 .bss.hdma_usart2_rx
                0x2000027c       0x44 build/main.o
                0x2000027c                hdma_usart2_rx
 .bss.hdma_usart3_rx
                0x200002c0       0x44 build/main.o
                0x200002c0                hdma_usart3_rx
 .bss.CpuID     0x20000304        0xc build/radarandec20.o
                0x20000304                CpuID
 .bss.SendID    0x20000310        0x4 build/radarandec20.o
                0x20000310                SendID
 .bss.GpsRecFlag
                0x20000314        0x1 build/radarandec20.o
                0x20000314                GpsRecFlag
 .bss.CloudtriggerFlag
                0x20000315        0x1 build/radarandec20.o
                0x20000315                CloudtriggerFlag
 *fill*         0x20000316        0x2 
 .bss.CloudtriggerTime
                0x20000318        0x4 build/radarandec20.o
                0x20000318                CloudtriggerTime
 .bss.PollTimeCnt
                0x2000031c        0x2 build/radarandec20.o
                0x2000031c                PollTimeCnt
 *fill*         0x2000031e        0x2 
 .bss.RxBufferDMA
                0x20000320       0x64 build/radarandec20.o
                0x20000320                RxBufferDMA
 .bss.DMARxLenU2
                0x20000384        0x2 build/radarandec20.o
                0x20000384                DMARxLenU2
 *fill*         0x20000386        0x2 
 .bss.rsRxBuf   0x20000388       0xc8 build/radarandec20.o
                0x20000388                rsRxBuf
 .bss.rsRxIndexLen
                0x20000450        0x4 build/radarandec20.o
                0x20000450                rsRxIndexLen
 .bss.rsRxLen   0x20000454        0x4 build/radarandec20.o
                0x20000454                rsRxLen
 .bss.rsRxTime  0x20000458        0x4 build/radarandec20.o
                0x20000458                rsRxTime
 .bss.rsPackFlag
                0x2000045c        0x1 build/radarandec20.o
                0x2000045c                rsPackFlag
 .bss.rsRecFlag
                0x2000045d        0x1 build/radarandec20.o
                0x2000045d                rsRecFlag
 .bss.ProSta    0x2000045e        0x1 build/radarandec20.o
                0x2000045e                ProSta
 .bss.linkflagSta
                0x2000045f        0x1 build/radarandec20.o
                0x2000045f                linkflagSta
 .bss.CurStaSendCnt
                0x20000460        0x1 build/radarandec20.o
                0x20000460                CurStaSendCnt
 *fill*         0x20000461        0x3 
 .bss.SendCntRecClear
                0x20000464        0x4 build/radarandec20.o
                0x20000464                SendCntRecClear
 .bss.SendGPSCnt
                0x20000468        0x4 build/radarandec20.o
                0x20000468                SendGPSCnt
 .bss.GPSStatFlag
                0x2000046c        0x1 build/radarandec20.o
                0x2000046c                GPSStatFlag
 *fill*         0x2000046d        0x3 
 .bss.ec20send  0x20000470       0x46 build/radarandec20.o
                0x20000470                ec20send
 *fill*         0x200004b6        0x2 
 .bss.pec20     0x200004b8        0x4 build/radarandec20.o
                0x200004b8                pec20
 .bss.ec20heart
                0x200004bc        0x8 build/radarandec20.o
                0x200004bc                ec20heart
 .bss.u3rx      0x200004c4       0x64 build/radarandec20.o
                0x200004c4                u3rx
 .bss.RxLenU3   0x20000528        0x2 build/radarandec20.o
                0x20000528                RxLenU3
 *fill*         0x2000052a        0x2 
 .bss.msint     0x2000052c        0x4 build/radarandec20.o
                0x2000052c                msint
 .bss.lifetime_count
                0x20000530        0x4 build/radarandec20.o
                0x20000530                lifetime_count
 .bss.danger_keep
                0x20000534        0x1 build/radarandec20.o
                0x20000534                danger_keep
 .bss.ready_2_warning
                0x20000535        0x1 build/radarandec20.o
                0x20000535                ready_2_warning
 .bss.waringtimeflag
                0x20000536        0x1 build/radarandec20.o
                0x20000536                waringtimeflag
 .bss.waringspeedflag
                0x20000537        0x1 build/radarandec20.o
                0x20000537                waringspeedflag
 .bss.waringtime
                0x20000538        0x4 build/radarandec20.o
                0x20000538                waringtime
 .bss.warning_ID
                0x2000053c        0x1 build/radarandec20.o
                0x2000053c                warning_ID
 *fill*         0x2000053d        0x1 
 .bss.ms10      0x2000053e        0x2 build/radarandec20.o
                0x2000053e                ms10
 .bss.warmSend  0x20000540        0x4 build/radarandec20.o
                0x20000540                warmSend
 .bss.sendbuf   0x20000544       0xff build/radarandec20.o
                0x20000544                sendbuf
 .bss.warmnobeep
                0x20000643        0x1 build/radarandec20.o
                0x20000643                warmnobeep
 .bss.linkflag  0x20000644        0x1 build/radarandec20.o
                0x20000644                linkflag
 .bss.sendingflag
                0x20000645        0x1 build/radarandec20.o
                0x20000645                sendingflag
 *fill*         0x20000646        0x2 
 .bss.simCnt    0x20000648        0x4 build/radarandec20.o
                0x20000648                simCnt
 .bss.psend     0x2000064c        0x4 build/radarandec20.o
                0x2000064c                psend
 .bss.readsxtioflag
                0x20000650        0x1 build/radarandec20.o
                0x20000650                readsxtioflag
 *fill*         0x20000651        0x3 
 .bss.txb       0x20000654       0x14 build/radarandec20.o
                0x20000654                txb
 .bss.sendedflag
                0x20000668        0x1 build/radarandec20.o
                0x20000668                sendedflag
 .bss.warmonceflag
                0x20000669        0x1 build/radarandec20.o
                0x20000669                warmonceflag
 *fill*         0x2000066a        0x2 
 .bss.indx.1    0x2000066c        0x4 build/radarandec20.o
 .bss.initflag.0
                0x20000670        0x1 build/radarandec20.o
 *fill*         0x20000671        0x3 
 .bss.u1buf     0x20000674       0x64 build/u1rs232.o
                0x20000674                u1buf
 .bss.sflagCnt.0
                0x200006d8        0x1 build/u3radar.o
 *fill*         0x200006d9        0x3 
 .bss.uwTick    0x200006dc        0x4 build/stm32f1xx_hal.o
                0x200006dc                uwTick
 .bss.__malloc_free_list
                0x200006e0        0x4 c:/program files/gcc-arm-none-eabi-10.3-2021.10-win32/bin/../lib/gcc/arm-none-eabi/10.3.1/../../../../arm-none-eabi/lib/thumb/v7-m/nofp\libc_nano.a(lib_a-nano-mallocr.o)
                0x200006e0                __malloc_free_list
 .bss.__malloc_sbrk_start
                0x200006e4        0x4 c:/program files/gcc-arm-none-eabi-10.3-2021.10-win32/bin/../lib/gcc/arm-none-eabi/10.3.1/../../../../arm-none-eabi/lib/thumb/v7-m/nofp\libc_nano.a(lib_a-nano-mallocr.o)
                0x200006e4                __malloc_sbrk_start
 .bss.errno     0x200006e8        0x4 c:/program files/gcc-arm-none-eabi-10.3-2021.10-win32/bin/../lib/gcc/arm-none-eabi/10.3.1/../../../../arm-none-eabi/lib/thumb/v7-m/nofp\libc_nano.a(lib_a-reent.o)
                0x200006e8                errno
 .bss.__lock___malloc_recursive_mutex
                0x200006ec        0x1 c:/program files/gcc-arm-none-eabi-10.3-2021.10-win32/bin/../lib/gcc/arm-none-eabi/10.3.1/../../../../arm-none-eabi/lib/thumb/v7-m/nofp\libc_nano.a(lib_a-lock.o)
                0x200006ec                __lock___malloc_recursive_mutex
 *fill*         0x200006ed        0x3 
 .bss.heap_end.0
                0x200006f0        0x4 c:/program files/gcc-arm-none-eabi-10.3-2021.10-win32/bin/../lib/gcc/arm-none-eabi/10.3.1/../../../../arm-none-eabi/lib/thumb/v7-m/nofp\libnosys.a(sbrk.o)
 *(COMMON)
                0x200006f4                . = ALIGN (0x4)
                0x200006f4                _ebss = .
                0x200006f4                __bss_end__ = _ebss

._user_heap_stack
                0x200006f4      0x604 load address 0x08004adc
                0x200006f8                . = ALIGN (0x8)
 *fill*         0x200006f4        0x4 
                0x200006f8                PROVIDE (end = .)
                [!provide]                PROVIDE (_end = .)
                0x200008f8                . = (. + _Min_Heap_Size)
 *fill*         0x200006f8      0x200 
                0x20000cf8                . = (. + _Min_Stack_Size)
 *fill*         0x200008f8      0x400 
                0x20000cf8                . = ALIGN (0x8)

/DISCARD/
 libc.a(*)
 libm.a(*)
 libgcc.a(*)

.ARM.attributes
                0x00000000       0x29
 *(.ARM.attributes)
 .ARM.attributes
                0x00000000       0x1d c:/program files/gcc-arm-none-eabi-10.3-2021.10-win32/bin/../lib/gcc/arm-none-eabi/10.3.1/thumb/v7-m/nofp/crti.o
 .ARM.attributes
                0x0000001d       0x2d c:/program files/gcc-arm-none-eabi-10.3-2021.10-win32/bin/../lib/gcc/arm-none-eabi/10.3.1/thumb/v7-m/nofp/crtbegin.o
 .ARM.attributes
                0x0000004a       0x2d build/main.o
 .ARM.attributes
                0x00000077       0x2d build/oled.o
 .ARM.attributes
                0x000000a4       0x2d build/radarandec20.o
 .ARM.attributes
                0x000000d1       0x2d build/u1rs232.o
 .ARM.attributes
                0x000000fe       0x2d build/u2ec20.o
 .ARM.attributes
                0x0000012b       0x2d build/u3radar.o
 .ARM.attributes
                0x00000158       0x2d build/stm32f1xx_it.o
 .ARM.attributes
                0x00000185       0x2d build/stm32f1xx_hal_msp.o
 .ARM.attributes
                0x000001b2       0x2d build/stm32f1xx_hal_i2c.o
 .ARM.attributes
                0x000001df       0x2d build/stm32f1xx_hal.o
 .ARM.attributes
                0x0000020c       0x2d build/stm32f1xx_hal_rcc.o
 .ARM.attributes
                0x00000239       0x2d build/stm32f1xx_hal_gpio.o
 .ARM.attributes
                0x00000266       0x2d build/stm32f1xx_hal_dma.o
 .ARM.attributes
                0x00000293       0x2d build/stm32f1xx_hal_cortex.o
 .ARM.attributes
                0x000002c0       0x2d build/stm32f1xx_hal_uart.o
 .ARM.attributes
                0x000002ed       0x2d build/system_stm32f1xx.o
 .ARM.attributes
                0x0000031a       0x21 build/startup_stm32f103xb.o
 .ARM.attributes
                0x0000033b       0x2d c:/program files/gcc-arm-none-eabi-10.3-2021.10-win32/bin/../lib/gcc/arm-none-eabi/10.3.1/../../../../arm-none-eabi/lib/thumb/v7-m/nofp\libc_nano.a(lib_a-impure.o)
 .ARM.attributes
                0x00000368       0x2d c:/program files/gcc-arm-none-eabi-10.3-2021.10-win32/bin/../lib/gcc/arm-none-eabi/10.3.1/../../../../arm-none-eabi/lib/thumb/v7-m/nofp\libc_nano.a(lib_a-init.o)
 .ARM.attributes
                0x00000395       0x2d c:/program files/gcc-arm-none-eabi-10.3-2021.10-win32/bin/../lib/gcc/arm-none-eabi/10.3.1/../../../../arm-none-eabi/lib/thumb/v7-m/nofp\libc_nano.a(lib_a-memcpy-stub.o)
 .ARM.attributes
                0x000003c2       0x2d c:/program files/gcc-arm-none-eabi-10.3-2021.10-win32/bin/../lib/gcc/arm-none-eabi/10.3.1/../../../../arm-none-eabi/lib/thumb/v7-m/nofp\libc_nano.a(lib_a-memset.o)
 .ARM.attributes
                0x000003ef       0x2d c:/program files/gcc-arm-none-eabi-10.3-2021.10-win32/bin/../lib/gcc/arm-none-eabi/10.3.1/../../../../arm-none-eabi/lib/thumb/v7-m/nofp\libc_nano.a(lib_a-sprintf.o)
 .ARM.attributes
                0x0000041c       0x17 c:/program files/gcc-arm-none-eabi-10.3-2021.10-win32/bin/../lib/gcc/arm-none-eabi/10.3.1/../../../../arm-none-eabi/lib/thumb/v7-m/nofp\libc_nano.a(lib_a-strlen.o)
 .ARM.attributes
                0x00000433       0x2d c:/program files/gcc-arm-none-eabi-10.3-2021.10-win32/bin/../lib/gcc/arm-none-eabi/10.3.1/../../../../arm-none-eabi/lib/thumb/v7-m/nofp\libc_nano.a(lib_a-strstr.o)
 .ARM.attributes
                0x00000460       0x2d c:/program files/gcc-arm-none-eabi-10.3-2021.10-win32/bin/../lib/gcc/arm-none-eabi/10.3.1/../../../../arm-none-eabi/lib/thumb/v7-m/nofp\libc_nano.a(lib_a-nano-svfprintf.o)
 .ARM.attributes
                0x0000048d       0x2d c:/program files/gcc-arm-none-eabi-10.3-2021.10-win32/bin/../lib/gcc/arm-none-eabi/10.3.1/../../../../arm-none-eabi/lib/thumb/v7-m/nofp\libc_nano.a(lib_a-nano-vfprintf_i.o)
 .ARM.attributes
                0x000004ba       0x2d c:/program files/gcc-arm-none-eabi-10.3-2021.10-win32/bin/../lib/gcc/arm-none-eabi/10.3.1/../../../../arm-none-eabi/lib/thumb/v7-m/nofp\libc_nano.a(lib_a-memchr-stub.o)
 .ARM.attributes
                0x000004e7       0x2d c:/program files/gcc-arm-none-eabi-10.3-2021.10-win32/bin/../lib/gcc/arm-none-eabi/10.3.1/../../../../arm-none-eabi/lib/thumb/v7-m/nofp\libc_nano.a(lib_a-memmove.o)
 .ARM.attributes
                0x00000514       0x2d c:/program files/gcc-arm-none-eabi-10.3-2021.10-win32/bin/../lib/gcc/arm-none-eabi/10.3.1/../../../../arm-none-eabi/lib/thumb/v7-m/nofp\libc_nano.a(lib_a-nano-freer.o)
 .ARM.attributes
                0x00000541       0x2d c:/program files/gcc-arm-none-eabi-10.3-2021.10-win32/bin/../lib/gcc/arm-none-eabi/10.3.1/../../../../arm-none-eabi/lib/thumb/v7-m/nofp\libc_nano.a(lib_a-nano-mallocr.o)
 .ARM.attributes
                0x0000056e       0x2d c:/program files/gcc-arm-none-eabi-10.3-2021.10-win32/bin/../lib/gcc/arm-none-eabi/10.3.1/../../../../arm-none-eabi/lib/thumb/v7-m/nofp\libc_nano.a(lib_a-nano-reallocr.o)
 .ARM.attributes
                0x0000059b       0x2d c:/program files/gcc-arm-none-eabi-10.3-2021.10-win32/bin/../lib/gcc/arm-none-eabi/10.3.1/../../../../arm-none-eabi/lib/thumb/v7-m/nofp\libc_nano.a(lib_a-sbrkr.o)
 .ARM.attributes
                0x000005c8       0x2d c:/program files/gcc-arm-none-eabi-10.3-2021.10-win32/bin/../lib/gcc/arm-none-eabi/10.3.1/../../../../arm-none-eabi/lib/thumb/v7-m/nofp\libc_nano.a(lib_a-mlock.o)
 .ARM.attributes
                0x000005f5       0x2d c:/program files/gcc-arm-none-eabi-10.3-2021.10-win32/bin/../lib/gcc/arm-none-eabi/10.3.1/../../../../arm-none-eabi/lib/thumb/v7-m/nofp\libc_nano.a(lib_a-nano-msizer.o)
 .ARM.attributes
                0x00000622       0x2d c:/program files/gcc-arm-none-eabi-10.3-2021.10-win32/bin/../lib/gcc/arm-none-eabi/10.3.1/../../../../arm-none-eabi/lib/thumb/v7-m/nofp\libc_nano.a(lib_a-reent.o)
 .ARM.attributes
                0x0000064f       0x2d c:/program files/gcc-arm-none-eabi-10.3-2021.10-win32/bin/../lib/gcc/arm-none-eabi/10.3.1/../../../../arm-none-eabi/lib/thumb/v7-m/nofp\libc_nano.a(lib_a-lock.o)
 .ARM.attributes
                0x0000067c       0x2d c:/program files/gcc-arm-none-eabi-10.3-2021.10-win32/bin/../lib/gcc/arm-none-eabi/10.3.1/../../../../arm-none-eabi/lib/thumb/v7-m/nofp\libnosys.a(sbrk.o)
 .ARM.attributes
                0x000006a9       0x1d c:/program files/gcc-arm-none-eabi-10.3-2021.10-win32/bin/../lib/gcc/arm-none-eabi/10.3.1/thumb/v7-m/nofp/crtn.o
OUTPUT(build/EC20103RB.elf elf32-littlearm)
LOAD linker stubs
LOAD c:/program files/gcc-arm-none-eabi-10.3-2021.10-win32/bin/../lib/gcc/arm-none-eabi/10.3.1/../../../../arm-none-eabi/lib/thumb/v7-m/nofp\libc.a
LOAD c:/program files/gcc-arm-none-eabi-10.3-2021.10-win32/bin/../lib/gcc/arm-none-eabi/10.3.1/../../../../arm-none-eabi/lib/thumb/v7-m/nofp\libm.a
LOAD c:/program files/gcc-arm-none-eabi-10.3-2021.10-win32/bin/../lib/gcc/arm-none-eabi/10.3.1/thumb/v7-m/nofp\libgcc.a

.debug_info     0x00000000     0xbe7d
 .debug_info    0x00000000      0xefa build/main.o
 .debug_info    0x00000efa      0x640 build/oled.o
 .debug_info    0x0000153a     0x11f1 build/radarandec20.o
 .debug_info    0x0000272b      0x676 build/u1rs232.o
 .debug_info    0x00002da1      0x6de build/u2ec20.o
 .debug_info    0x0000347f      0x6a9 build/u3radar.o
 .debug_info    0x00003b28      0x880 build/stm32f1xx_it.o
 .debug_info    0x000043a8      0xe4e build/stm32f1xx_hal_msp.o
 .debug_info    0x000051f6     0x28b6 build/stm32f1xx_hal_i2c.o
 .debug_info    0x00007aac      0x798 build/stm32f1xx_hal.o
 .debug_info    0x00008244      0x8cb build/stm32f1xx_hal_rcc.o
 .debug_info    0x00008b0f      0x67d build/stm32f1xx_hal_gpio.o
 .debug_info    0x0000918c      0x7a6 build/stm32f1xx_hal_dma.o
 .debug_info    0x00009932      0xbf5 build/stm32f1xx_hal_cortex.o
 .debug_info    0x0000a527     0x16d3 build/stm32f1xx_hal_uart.o
 .debug_info    0x0000bbfa      0x261 build/system_stm32f1xx.o
 .debug_info    0x0000be5b       0x22 build/startup_stm32f103xb.o

.debug_abbrev   0x00000000     0x1ef5
 .debug_abbrev  0x00000000      0x1ee build/main.o
 .debug_abbrev  0x000001ee      0x1f4 build/oled.o
 .debug_abbrev  0x000003e2      0x2b8 build/radarandec20.o
 .debug_abbrev  0x0000069a      0x1a2 build/u1rs232.o
 .debug_abbrev  0x0000083c      0x18f build/u2ec20.o
 .debug_abbrev  0x000009cb      0x17e build/u3radar.o
 .debug_abbrev  0x00000b49      0x150 build/stm32f1xx_it.o
 .debug_abbrev  0x00000c99      0x1d8 build/stm32f1xx_hal_msp.o
 .debug_abbrev  0x00000e71      0x25b build/stm32f1xx_hal_i2c.o
 .debug_abbrev  0x000010cc      0x1c7 build/stm32f1xx_hal.o
 .debug_abbrev  0x00001293      0x25f build/stm32f1xx_hal_rcc.o
 .debug_abbrev  0x000014f2      0x1ba build/stm32f1xx_hal_gpio.o
 .debug_abbrev  0x000016ac      0x1e8 build/stm32f1xx_hal_dma.o
 .debug_abbrev  0x00001894      0x2ca build/stm32f1xx_hal_cortex.o
 .debug_abbrev  0x00001b5e      0x24b build/stm32f1xx_hal_uart.o
 .debug_abbrev  0x00001da9      0x13a build/system_stm32f1xx.o
 .debug_abbrev  0x00001ee3       0x12 build/startup_stm32f103xb.o

.debug_loc      0x00000000     0x5bb0
 .debug_loc     0x00000000      0x212 build/main.o
 .debug_loc     0x00000212      0x4e4 build/oled.o
 .debug_loc     0x000006f6      0x32c build/radarandec20.o
 .debug_loc     0x00000a22       0xcc build/u1rs232.o
 .debug_loc     0x00000aee       0xcc build/u2ec20.o
 .debug_loc     0x00000bba       0x7c build/u3radar.o
 .debug_loc     0x00000c36      0x2f4 build/stm32f1xx_it.o
 .debug_loc     0x00000f2a      0x19c build/stm32f1xx_hal_msp.o
 .debug_loc     0x000010c6     0x1af6 build/stm32f1xx_hal_i2c.o
 .debug_loc     0x00002bbc      0x698 build/stm32f1xx_hal.o
 .debug_loc     0x00003254      0x444 build/stm32f1xx_hal_rcc.o
 .debug_loc     0x00003698      0x2d4 build/stm32f1xx_hal_gpio.o
 .debug_loc     0x0000396c      0x470 build/stm32f1xx_hal_dma.o
 .debug_loc     0x00003ddc      0x8f8 build/stm32f1xx_hal_cortex.o
 .debug_loc     0x000046d4     0x143c build/stm32f1xx_hal_uart.o
 .debug_loc     0x00005b10       0xa0 build/system_stm32f1xx.o

.debug_aranges  0x00000000      0xaf8
 .debug_aranges
                0x00000000       0x60 build/main.o
 .debug_aranges
                0x00000060       0xa0 build/oled.o
 .debug_aranges
                0x00000100       0x68 build/radarandec20.o
 .debug_aranges
                0x00000168       0x30 build/u1rs232.o
 .debug_aranges
                0x00000198       0x30 build/u2ec20.o
 .debug_aranges
                0x000001c8       0x28 build/u3radar.o
 .debug_aranges
                0x000001f0       0x90 build/stm32f1xx_it.o
 .debug_aranges
                0x00000280       0x40 build/stm32f1xx_hal_msp.o
 .debug_aranges
                0x000002c0      0x2a0 build/stm32f1xx_hal_i2c.o
 .debug_aranges
                0x00000560       0xe0 build/stm32f1xx_hal.o
 .debug_aranges
                0x00000640       0x90 build/stm32f1xx_hal_rcc.o
 .debug_aranges
                0x000006d0       0x58 build/stm32f1xx_hal_gpio.o
 .debug_aranges
                0x00000728       0x80 build/stm32f1xx_hal_dma.o
 .debug_aranges
                0x000007a8      0x100 build/stm32f1xx_hal_cortex.o
 .debug_aranges
                0x000008a8      0x200 build/stm32f1xx_hal_uart.o
 .debug_aranges
                0x00000aa8       0x28 build/system_stm32f1xx.o
 .debug_aranges
                0x00000ad0       0x28 build/startup_stm32f103xb.o

.debug_ranges   0x00000000      0xa48
 .debug_ranges  0x00000000       0x50 build/main.o
 .debug_ranges  0x00000050       0x90 build/oled.o
 .debug_ranges  0x000000e0       0x58 build/radarandec20.o
 .debug_ranges  0x00000138       0x20 build/u1rs232.o
 .debug_ranges  0x00000158       0x20 build/u2ec20.o
 .debug_ranges  0x00000178       0x18 build/u3radar.o
 .debug_ranges  0x00000190       0x80 build/stm32f1xx_it.o
 .debug_ranges  0x00000210       0x30 build/stm32f1xx_hal_msp.o
 .debug_ranges  0x00000240      0x2b8 build/stm32f1xx_hal_i2c.o
 .debug_ranges  0x000004f8       0xd0 build/stm32f1xx_hal.o
 .debug_ranges  0x000005c8       0x80 build/stm32f1xx_hal_rcc.o
 .debug_ranges  0x00000648       0x48 build/stm32f1xx_hal_gpio.o
 .debug_ranges  0x00000690       0x70 build/stm32f1xx_hal_dma.o
 .debug_ranges  0x00000700       0xf0 build/stm32f1xx_hal_cortex.o
 .debug_ranges  0x000007f0      0x220 build/stm32f1xx_hal_uart.o
 .debug_ranges  0x00000a10       0x18 build/system_stm32f1xx.o
 .debug_ranges  0x00000a28       0x20 build/startup_stm32f103xb.o

.debug_line     0x00000000     0x8e73
 .debug_line    0x00000000      0x3bc build/main.o
 .debug_line    0x000003bc      0x610 build/oled.o
 .debug_line    0x000009cc      0x85d build/radarandec20.o
 .debug_line    0x00001229      0x204 build/u1rs232.o
 .debug_line    0x0000142d      0x261 build/u2ec20.o
 .debug_line    0x0000168e      0x277 build/u3radar.o
 .debug_line    0x00001905      0x357 build/stm32f1xx_it.o
 .debug_line    0x00001c5c      0x368 build/stm32f1xx_hal_msp.o
 .debug_line    0x00001fc4     0x35a5 build/stm32f1xx_hal_i2c.o
 .debug_line    0x00005569      0x490 build/stm32f1xx_hal.o
 .debug_line    0x000059f9      0x8d2 build/stm32f1xx_hal_rcc.o
 .debug_line    0x000062cb      0x4f2 build/stm32f1xx_hal_gpio.o
 .debug_line    0x000067bd      0x8c1 build/stm32f1xx_hal_dma.o
 .debug_line    0x0000707e      0x626 build/stm32f1xx_hal_cortex.o
 .debug_line    0x000076a4     0x155c build/stm32f1xx_hal_uart.o
 .debug_line    0x00008c00      0x1fe build/system_stm32f1xx.o
 .debug_line    0x00008dfe       0x75 build/startup_stm32f103xb.o

.debug_str      0x00000000     0x3055
 .debug_str     0x00000000      0xc78 build/main.o
                                0xd38 (size before relaxing)
 .debug_str     0x00000c78      0x148 build/oled.o
                                0x2a4 (size before relaxing)
 .debug_str     0x00000dc0      0x4a1 build/radarandec20.o
                                0xa29 (size before relaxing)
 .debug_str     0x00001261       0x35 build/u1rs232.o
                                0x585 (size before relaxing)
 .debug_str     0x00001296       0x2c build/u2ec20.o
                                0x5bc (size before relaxing)
 .debug_str     0x000012c2       0x2a build/u3radar.o
                                0x5b0 (size before relaxing)
 .debug_str     0x000012ec      0x124 build/stm32f1xx_it.o
                                0x743 (size before relaxing)
 .debug_str     0x00001410       0xa3 build/stm32f1xx_hal_msp.o
                                0xbfc (size before relaxing)
 .debug_str     0x000014b3      0x8e6 build/stm32f1xx_hal_i2c.o
                                0xf47 (size before relaxing)
 .debug_str     0x00001d99      0x2d4 build/stm32f1xx_hal.o
                                0x7c2 (size before relaxing)
 .debug_str     0x0000206d      0x228 build/stm32f1xx_hal_rcc.o
                                0x5e7 (size before relaxing)
 .debug_str     0x00002295      0x139 build/stm32f1xx_hal_gpio.o
                                0x3e3 (size before relaxing)
 .debug_str     0x000023ce      0x237 build/stm32f1xx_hal_dma.o
                                0x5d4 (size before relaxing)
 .debug_str     0x00002605      0x407 build/stm32f1xx_hal_cortex.o
                                0x8b6 (size before relaxing)
 .debug_str     0x00002a0c      0x5db build/stm32f1xx_hal_uart.o
                                0xbfa (size before relaxing)
 .debug_str     0x00002fe7       0x4a build/system_stm32f1xx.o
                                0x232 (size before relaxing)
 .debug_str     0x00003031       0x24 build/startup_stm32f103xb.o
                                 0x56 (size before relaxing)

.comment        0x00000000       0x49
 .comment       0x00000000       0x49 build/main.o
                                 0x4a (size before relaxing)
 .comment       0x00000049       0x4a build/oled.o
 .comment       0x00000049       0x4a build/radarandec20.o
 .comment       0x00000049       0x4a build/u1rs232.o
 .comment       0x00000049       0x4a build/u2ec20.o
 .comment       0x00000049       0x4a build/u3radar.o
 .comment       0x00000049       0x4a build/stm32f1xx_it.o
 .comment       0x00000049       0x4a build/stm32f1xx_hal_msp.o
 .comment       0x00000049       0x4a build/stm32f1xx_hal_i2c.o
 .comment       0x00000049       0x4a build/stm32f1xx_hal.o
 .comment       0x00000049       0x4a build/stm32f1xx_hal_rcc.o
 .comment       0x00000049       0x4a build/stm32f1xx_hal_gpio.o
 .comment       0x00000049       0x4a build/stm32f1xx_hal_dma.o
 .comment       0x00000049       0x4a build/stm32f1xx_hal_cortex.o
 .comment       0x00000049       0x4a build/stm32f1xx_hal_uart.o
 .comment       0x00000049       0x4a build/system_stm32f1xx.o

.debug_frame    0x00000000     0x3014
 .debug_frame   0x00000000      0x128 build/main.o
 .debug_frame   0x00000128      0x268 build/oled.o
 .debug_frame   0x00000390      0x184 build/radarandec20.o
 .debug_frame   0x00000514       0x74 build/u1rs232.o
 .debug_frame   0x00000588       0x74 build/u2ec20.o
 .debug_frame   0x000005fc       0x50 build/u3radar.o
 .debug_frame   0x0000064c      0x1b4 build/stm32f1xx_it.o
 .debug_frame   0x00000800       0xcc build/stm32f1xx_hal_msp.o
 .debug_frame   0x000008cc      0xc5c build/stm32f1xx_hal_i2c.o
 .debug_frame   0x00001528      0x334 build/stm32f1xx_hal.o
 .debug_frame   0x0000185c      0x21c build/stm32f1xx_hal_rcc.o
 .debug_frame   0x00001a78      0x14c build/stm32f1xx_hal_gpio.o
 .debug_frame   0x00001bc4      0x208 build/stm32f1xx_hal_dma.o
 .debug_frame   0x00001dcc      0x428 build/stm32f1xx_hal_cortex.o
 .debug_frame   0x000021f4      0x914 build/stm32f1xx_hal_uart.o
 .debug_frame   0x00002b08       0x58 build/system_stm32f1xx.o
 .debug_frame   0x00002b60       0x2c c:/program files/gcc-arm-none-eabi-10.3-2021.10-win32/bin/../lib/gcc/arm-none-eabi/10.3.1/../../../../arm-none-eabi/lib/thumb/v7-m/nofp\libc_nano.a(lib_a-init.o)
 .debug_frame   0x00002b8c       0x28 c:/program files/gcc-arm-none-eabi-10.3-2021.10-win32/bin/../lib/gcc/arm-none-eabi/10.3.1/../../../../arm-none-eabi/lib/thumb/v7-m/nofp\libc_nano.a(lib_a-memcpy-stub.o)
 .debug_frame   0x00002bb4       0x20 c:/program files/gcc-arm-none-eabi-10.3-2021.10-win32/bin/../lib/gcc/arm-none-eabi/10.3.1/../../../../arm-none-eabi/lib/thumb/v7-m/nofp\libc_nano.a(lib_a-memset.o)
 .debug_frame   0x00002bd4       0x6c c:/program files/gcc-arm-none-eabi-10.3-2021.10-win32/bin/../lib/gcc/arm-none-eabi/10.3.1/../../../../arm-none-eabi/lib/thumb/v7-m/nofp\libc_nano.a(lib_a-sprintf.o)
 .debug_frame   0x00002c40       0x2c c:/program files/gcc-arm-none-eabi-10.3-2021.10-win32/bin/../lib/gcc/arm-none-eabi/10.3.1/../../../../arm-none-eabi/lib/thumb/v7-m/nofp\libc_nano.a(lib_a-strstr.o)
 .debug_frame   0x00002c6c       0x90 c:/program files/gcc-arm-none-eabi-10.3-2021.10-win32/bin/../lib/gcc/arm-none-eabi/10.3.1/../../../../arm-none-eabi/lib/thumb/v7-m/nofp\libc_nano.a(lib_a-nano-svfprintf.o)
 .debug_frame   0x00002cfc       0x60 c:/program files/gcc-arm-none-eabi-10.3-2021.10-win32/bin/../lib/gcc/arm-none-eabi/10.3.1/../../../../arm-none-eabi/lib/thumb/v7-m/nofp\libc_nano.a(lib_a-nano-vfprintf_i.o)
 .debug_frame   0x00002d5c       0x28 c:/program files/gcc-arm-none-eabi-10.3-2021.10-win32/bin/../lib/gcc/arm-none-eabi/10.3.1/../../../../arm-none-eabi/lib/thumb/v7-m/nofp\libc_nano.a(lib_a-memchr-stub.o)
 .debug_frame   0x00002d84       0x28 c:/program files/gcc-arm-none-eabi-10.3-2021.10-win32/bin/../lib/gcc/arm-none-eabi/10.3.1/../../../../arm-none-eabi/lib/thumb/v7-m/nofp\libc_nano.a(lib_a-memmove.o)
 .debug_frame   0x00002dac       0x38 c:/program files/gcc-arm-none-eabi-10.3-2021.10-win32/bin/../lib/gcc/arm-none-eabi/10.3.1/../../../../arm-none-eabi/lib/thumb/v7-m/nofp\libc_nano.a(lib_a-nano-freer.o)
 .debug_frame   0x00002de4       0x4c c:/program files/gcc-arm-none-eabi-10.3-2021.10-win32/bin/../lib/gcc/arm-none-eabi/10.3.1/../../../../arm-none-eabi/lib/thumb/v7-m/nofp\libc_nano.a(lib_a-nano-mallocr.o)
 .debug_frame   0x00002e30       0x3c c:/program files/gcc-arm-none-eabi-10.3-2021.10-win32/bin/../lib/gcc/arm-none-eabi/10.3.1/../../../../arm-none-eabi/lib/thumb/v7-m/nofp\libc_nano.a(lib_a-nano-reallocr.o)
 .debug_frame   0x00002e6c       0x2c c:/program files/gcc-arm-none-eabi-10.3-2021.10-win32/bin/../lib/gcc/arm-none-eabi/10.3.1/../../../../arm-none-eabi/lib/thumb/v7-m/nofp\libc_nano.a(lib_a-sbrkr.o)
 .debug_frame   0x00002e98       0x30 c:/program files/gcc-arm-none-eabi-10.3-2021.10-win32/bin/../lib/gcc/arm-none-eabi/10.3.1/../../../../arm-none-eabi/lib/thumb/v7-m/nofp\libc_nano.a(lib_a-mlock.o)
 .debug_frame   0x00002ec8       0x20 c:/program files/gcc-arm-none-eabi-10.3-2021.10-win32/bin/../lib/gcc/arm-none-eabi/10.3.1/../../../../arm-none-eabi/lib/thumb/v7-m/nofp\libc_nano.a(lib_a-nano-msizer.o)
 .debug_frame   0x00002ee8       0x5c c:/program files/gcc-arm-none-eabi-10.3-2021.10-win32/bin/../lib/gcc/arm-none-eabi/10.3.1/../../../../arm-none-eabi/lib/thumb/v7-m/nofp\libc_nano.a(lib_a-reent.o)
 .debug_frame   0x00002f44       0xb0 c:/program files/gcc-arm-none-eabi-10.3-2021.10-win32/bin/../lib/gcc/arm-none-eabi/10.3.1/../../../../arm-none-eabi/lib/thumb/v7-m/nofp\libc_nano.a(lib_a-lock.o)
 .debug_frame   0x00002ff4       0x20 c:/program files/gcc-arm-none-eabi-10.3-2021.10-win32/bin/../lib/gcc/arm-none-eabi/10.3.1/../../../../arm-none-eabi/lib/thumb/v7-m/nofp\libnosys.a(sbrk.o)

Cross Reference Table

Symbol                                            File
ADC1_2_IRQHandler                                 build/startup_stm32f103xb.o
AHBPrescTable                                     build/system_stm32f1xx.o
                                                  build/stm32f1xx_hal_rcc.o
APBPrescTable                                     build/system_stm32f1xx.o
                                                  build/stm32f1xx_hal_rcc.o
BusFault_Handler                                  build/stm32f1xx_it.o
CAN1_RX1_IRQHandler                               build/startup_stm32f103xb.o
CAN1_SCE_IRQHandler                               build/startup_stm32f103xb.o
Clear_Buffer                                      build/radarandec20.o
CloudtriggerFlag                                  build/radarandec20.o
                                                  build/stm32f1xx_it.o
CloudtriggerTime                                  build/radarandec20.o
                                                  build/stm32f1xx_it.o
CpuID                                             build/radarandec20.o
CurStaSendCnt                                     build/radarandec20.o
DMA1_Channel1_IRQHandler                          build/startup_stm32f103xb.o
DMA1_Channel2_IRQHandler                          build/startup_stm32f103xb.o
DMA1_Channel3_IRQHandler                          build/stm32f1xx_it.o
DMA1_Channel4_IRQHandler                          build/startup_stm32f103xb.o
DMA1_Channel5_IRQHandler                          build/stm32f1xx_it.o
DMA1_Channel6_IRQHandler                          build/stm32f1xx_it.o
DMA1_Channel7_IRQHandler                          build/startup_stm32f103xb.o
DMARxLenU2                                        build/radarandec20.o
                                                  build/u2ec20.o
DataSendPre                                       build/radarandec20.o
DebugMon_Handler                                  build/stm32f1xx_it.o
Default_Handler                                   build/startup_stm32f103xb.o
EXTI0_IRQHandler                                  build/startup_stm32f103xb.o
EXTI15_10_IRQHandler                              build/startup_stm32f103xb.o
EXTI1_IRQHandler                                  build/startup_stm32f103xb.o
EXTI2_IRQHandler                                  build/startup_stm32f103xb.o
EXTI3_IRQHandler                                  build/startup_stm32f103xb.o
EXTI4_IRQHandler                                  build/startup_stm32f103xb.o
EXTI9_5_IRQHandler                                build/startup_stm32f103xb.o
Error_Handler                                     build/main.o
                                                  build/stm32f1xx_hal_msp.o
F6x8                                              build/oled.o
F8X16                                             build/oled.o
FLASH_IRQHandler                                  build/startup_stm32f103xb.o
FLASH_PageErase                                   build/stm32f1xx_hal_flash_ex.o
                                                  build/stm32f1xx_hal_flash.o
FLASH_WaitForLastOperation                        build/stm32f1xx_hal_flash.o
                                                  build/stm32f1xx_hal_flash_ex.o
GPSStatFlag                                       build/radarandec20.o
GSMinit                                           build/radarandec20.o
GetIDCode                                         build/radarandec20.o
GpsRecFlag                                        build/radarandec20.o
HAL_DBGMCU_DisableDBGSleepMode                    build/stm32f1xx_hal.o
HAL_DBGMCU_DisableDBGStandbyMode                  build/stm32f1xx_hal.o
HAL_DBGMCU_DisableDBGStopMode                     build/stm32f1xx_hal.o
HAL_DBGMCU_EnableDBGSleepMode                     build/stm32f1xx_hal.o
HAL_DBGMCU_EnableDBGStandbyMode                   build/stm32f1xx_hal.o
HAL_DBGMCU_EnableDBGStopMode                      build/stm32f1xx_hal.o
HAL_DMA_Abort                                     build/stm32f1xx_hal_dma.o
                                                  build/stm32f1xx_hal_uart.o
HAL_DMA_Abort_IT                                  build/stm32f1xx_hal_dma.o
                                                  build/stm32f1xx_hal_uart.o
                                                  build/stm32f1xx_hal_i2c.o
HAL_DMA_DeInit                                    build/stm32f1xx_hal_dma.o
                                                  build/stm32f1xx_hal_msp.o
HAL_DMA_GetError                                  build/stm32f1xx_hal_dma.o
                                                  build/stm32f1xx_hal_uart.o
HAL_DMA_GetState                                  build/stm32f1xx_hal_dma.o
                                                  build/stm32f1xx_hal_i2c.o
HAL_DMA_IRQHandler                                build/stm32f1xx_hal_dma.o
                                                  build/stm32f1xx_it.o
HAL_DMA_Init                                      build/stm32f1xx_hal_dma.o
                                                  build/stm32f1xx_hal_msp.o
HAL_DMA_PollForTransfer                           build/stm32f1xx_hal_dma.o
HAL_DMA_RegisterCallback                          build/stm32f1xx_hal_dma.o
HAL_DMA_Start                                     build/stm32f1xx_hal_dma.o
HAL_DMA_Start_IT                                  build/stm32f1xx_hal_dma.o
                                                  build/stm32f1xx_hal_uart.o
                                                  build/stm32f1xx_hal_i2c.o
HAL_DMA_UnRegisterCallback                        build/stm32f1xx_hal_dma.o
HAL_DeInit                                        build/stm32f1xx_hal.o
HAL_Delay                                         build/stm32f1xx_hal.o
HAL_EXTI_ClearConfigLine                          build/stm32f1xx_hal_exti.o
HAL_EXTI_ClearPending                             build/stm32f1xx_hal_exti.o
HAL_EXTI_GenerateSWI                              build/stm32f1xx_hal_exti.o
HAL_EXTI_GetConfigLine                            build/stm32f1xx_hal_exti.o
HAL_EXTI_GetHandle                                build/stm32f1xx_hal_exti.o
HAL_EXTI_GetPending                               build/stm32f1xx_hal_exti.o
HAL_EXTI_IRQHandler                               build/stm32f1xx_hal_exti.o
HAL_EXTI_RegisterCallback                         build/stm32f1xx_hal_exti.o
HAL_EXTI_SetConfigLine                            build/stm32f1xx_hal_exti.o
HAL_FLASHEx_Erase                                 build/stm32f1xx_hal_flash_ex.o
HAL_FLASHEx_Erase_IT                              build/stm32f1xx_hal_flash_ex.o
HAL_FLASHEx_OBErase                               build/stm32f1xx_hal_flash_ex.o
HAL_FLASHEx_OBGetConfig                           build/stm32f1xx_hal_flash_ex.o
HAL_FLASHEx_OBGetUserData                         build/stm32f1xx_hal_flash_ex.o
HAL_FLASHEx_OBProgram                             build/stm32f1xx_hal_flash_ex.o
HAL_FLASH_EndOfOperationCallback                  build/stm32f1xx_hal_flash.o
HAL_FLASH_GetError                                build/stm32f1xx_hal_flash.o
HAL_FLASH_IRQHandler                              build/stm32f1xx_hal_flash.o
HAL_FLASH_Lock                                    build/stm32f1xx_hal_flash.o
HAL_FLASH_OB_Launch                               build/stm32f1xx_hal_flash.o
HAL_FLASH_OB_Lock                                 build/stm32f1xx_hal_flash.o
HAL_FLASH_OB_Unlock                               build/stm32f1xx_hal_flash.o
HAL_FLASH_OperationErrorCallback                  build/stm32f1xx_hal_flash.o
HAL_FLASH_Program                                 build/stm32f1xx_hal_flash.o
HAL_FLASH_Program_IT                              build/stm32f1xx_hal_flash.o
HAL_FLASH_Unlock                                  build/stm32f1xx_hal_flash.o
HAL_GPIOEx_ConfigEventout                         build/stm32f1xx_hal_gpio_ex.o
HAL_GPIOEx_DisableEventout                        build/stm32f1xx_hal_gpio_ex.o
HAL_GPIOEx_EnableEventout                         build/stm32f1xx_hal_gpio_ex.o
HAL_GPIO_DeInit                                   build/stm32f1xx_hal_gpio.o
                                                  build/stm32f1xx_hal_msp.o
HAL_GPIO_EXTI_Callback                            build/stm32f1xx_hal_gpio.o
HAL_GPIO_EXTI_IRQHandler                          build/stm32f1xx_hal_gpio.o
HAL_GPIO_Init                                     build/stm32f1xx_hal_gpio.o
                                                  build/stm32f1xx_hal_rcc.o
                                                  build/stm32f1xx_hal_msp.o
                                                  build/main.o
HAL_GPIO_LockPin                                  build/stm32f1xx_hal_gpio.o
HAL_GPIO_ReadPin                                  build/stm32f1xx_hal_gpio.o
                                                  build/radarandec20.o
HAL_GPIO_TogglePin                                build/stm32f1xx_hal_gpio.o
HAL_GPIO_WritePin                                 build/stm32f1xx_hal_gpio.o
                                                  build/stm32f1xx_it.o
                                                  build/radarandec20.o
                                                  build/main.o
HAL_GetDEVID                                      build/stm32f1xx_hal.o
HAL_GetHalVersion                                 build/stm32f1xx_hal.o
HAL_GetREVID                                      build/stm32f1xx_hal.o
HAL_GetTick                                       build/stm32f1xx_hal.o
                                                  build/stm32f1xx_hal_uart.o
                                                  build/stm32f1xx_hal_flash.o
                                                  build/stm32f1xx_hal_dma.o
                                                  build/stm32f1xx_hal_rcc_ex.o
                                                  build/stm32f1xx_hal_rcc.o
                                                  build/stm32f1xx_hal_i2c.o
HAL_GetTickFreq                                   build/stm32f1xx_hal.o
HAL_GetTickPrio                                   build/stm32f1xx_hal.o
HAL_GetUIDw0                                      build/stm32f1xx_hal.o
HAL_GetUIDw1                                      build/stm32f1xx_hal.o
HAL_GetUIDw2                                      build/stm32f1xx_hal.o
HAL_HalfDuplex_EnableReceiver                     build/stm32f1xx_hal_uart.o
HAL_HalfDuplex_EnableTransmitter                  build/stm32f1xx_hal_uart.o
HAL_HalfDuplex_Init                               build/stm32f1xx_hal_uart.o
HAL_I2C_AbortCpltCallback                         build/stm32f1xx_hal_i2c.o
HAL_I2C_AddrCallback                              build/stm32f1xx_hal_i2c.o
HAL_I2C_DeInit                                    build/stm32f1xx_hal_i2c.o
HAL_I2C_DisableListen_IT                          build/stm32f1xx_hal_i2c.o
HAL_I2C_ER_IRQHandler                             build/stm32f1xx_hal_i2c.o
HAL_I2C_EV_IRQHandler                             build/stm32f1xx_hal_i2c.o
HAL_I2C_EnableListen_IT                           build/stm32f1xx_hal_i2c.o
HAL_I2C_ErrorCallback                             build/stm32f1xx_hal_i2c.o
HAL_I2C_GetError                                  build/stm32f1xx_hal_i2c.o
HAL_I2C_GetMode                                   build/stm32f1xx_hal_i2c.o
HAL_I2C_GetState                                  build/stm32f1xx_hal_i2c.o
HAL_I2C_Init                                      build/stm32f1xx_hal_i2c.o
                                                  build/main.o
HAL_I2C_IsDeviceReady                             build/stm32f1xx_hal_i2c.o
HAL_I2C_ListenCpltCallback                        build/stm32f1xx_hal_i2c.o
HAL_I2C_MasterRxCpltCallback                      build/stm32f1xx_hal_i2c.o
HAL_I2C_MasterTxCpltCallback                      build/stm32f1xx_hal_i2c.o
HAL_I2C_Master_Abort_IT                           build/stm32f1xx_hal_i2c.o
HAL_I2C_Master_Receive                            build/stm32f1xx_hal_i2c.o
HAL_I2C_Master_Receive_DMA                        build/stm32f1xx_hal_i2c.o
HAL_I2C_Master_Receive_IT                         build/stm32f1xx_hal_i2c.o
HAL_I2C_Master_Seq_Receive_DMA                    build/stm32f1xx_hal_i2c.o
HAL_I2C_Master_Seq_Receive_IT                     build/stm32f1xx_hal_i2c.o
HAL_I2C_Master_Seq_Transmit_DMA                   build/stm32f1xx_hal_i2c.o
HAL_I2C_Master_Seq_Transmit_IT                    build/stm32f1xx_hal_i2c.o
HAL_I2C_Master_Transmit                           build/stm32f1xx_hal_i2c.o
HAL_I2C_Master_Transmit_DMA                       build/stm32f1xx_hal_i2c.o
HAL_I2C_Master_Transmit_IT                        build/stm32f1xx_hal_i2c.o
HAL_I2C_MemRxCpltCallback                         build/stm32f1xx_hal_i2c.o
HAL_I2C_MemTxCpltCallback                         build/stm32f1xx_hal_i2c.o
HAL_I2C_Mem_Read                                  build/stm32f1xx_hal_i2c.o
HAL_I2C_Mem_Read_DMA                              build/stm32f1xx_hal_i2c.o
HAL_I2C_Mem_Read_IT                               build/stm32f1xx_hal_i2c.o
HAL_I2C_Mem_Write                                 build/stm32f1xx_hal_i2c.o
HAL_I2C_Mem_Write_DMA                             build/stm32f1xx_hal_i2c.o
HAL_I2C_Mem_Write_IT                              build/stm32f1xx_hal_i2c.o
HAL_I2C_MspDeInit                                 build/stm32f1xx_hal_msp.o
HAL_I2C_MspInit                                   build/stm32f1xx_hal_msp.o
HAL_I2C_SlaveRxCpltCallback                       build/stm32f1xx_hal_i2c.o
HAL_I2C_SlaveTxCpltCallback                       build/stm32f1xx_hal_i2c.o
HAL_I2C_Slave_Receive                             build/stm32f1xx_hal_i2c.o
HAL_I2C_Slave_Receive_DMA                         build/stm32f1xx_hal_i2c.o
HAL_I2C_Slave_Receive_IT                          build/stm32f1xx_hal_i2c.o
HAL_I2C_Slave_Seq_Receive_DMA                     build/stm32f1xx_hal_i2c.o
HAL_I2C_Slave_Seq_Receive_IT                      build/stm32f1xx_hal_i2c.o
HAL_I2C_Slave_Seq_Transmit_DMA                    build/stm32f1xx_hal_i2c.o
HAL_I2C_Slave_Seq_Transmit_IT                     build/stm32f1xx_hal_i2c.o
HAL_I2C_Slave_Transmit                            build/stm32f1xx_hal_i2c.o
HAL_I2C_Slave_Transmit_DMA                        build/stm32f1xx_hal_i2c.o
HAL_I2C_Slave_Transmit_IT                         build/stm32f1xx_hal_i2c.o
HAL_IncTick                                       build/stm32f1xx_hal.o
                                                  build/stm32f1xx_it.o
HAL_Init                                          build/stm32f1xx_hal.o
                                                  build/main.o
HAL_InitTick                                      build/stm32f1xx_hal.o
                                                  build/stm32f1xx_hal_rcc.o
HAL_LIN_Init                                      build/stm32f1xx_hal_uart.o
HAL_LIN_SendBreak                                 build/stm32f1xx_hal_uart.o
HAL_MspDeInit                                     build/stm32f1xx_hal.o
HAL_MspInit                                       build/stm32f1xx_hal_msp.o
HAL_MultiProcessor_EnterMuteMode                  build/stm32f1xx_hal_uart.o
HAL_MultiProcessor_ExitMuteMode                   build/stm32f1xx_hal_uart.o
HAL_MultiProcessor_Init                           build/stm32f1xx_hal_uart.o
HAL_NVIC_ClearPendingIRQ                          build/stm32f1xx_hal_cortex.o
HAL_NVIC_DisableIRQ                               build/stm32f1xx_hal_cortex.o
                                                  build/stm32f1xx_hal_msp.o
HAL_NVIC_EnableIRQ                                build/stm32f1xx_hal_cortex.o
                                                  build/stm32f1xx_hal_msp.o
                                                  build/main.o
HAL_NVIC_GetActive                                build/stm32f1xx_hal_cortex.o
HAL_NVIC_GetPendingIRQ                            build/stm32f1xx_hal_cortex.o
HAL_NVIC_GetPriority                              build/stm32f1xx_hal_cortex.o
HAL_NVIC_GetPriorityGrouping                      build/stm32f1xx_hal_cortex.o
HAL_NVIC_SetPendingIRQ                            build/stm32f1xx_hal_cortex.o
HAL_NVIC_SetPriority                              build/stm32f1xx_hal_cortex.o
                                                  build/stm32f1xx_hal.o
                                                  build/stm32f1xx_hal_msp.o
                                                  build/main.o
HAL_NVIC_SetPriorityGrouping                      build/stm32f1xx_hal_cortex.o
                                                  build/stm32f1xx_hal.o
HAL_NVIC_SystemReset                              build/stm32f1xx_hal_cortex.o
                                                  build/stm32f1xx_hal_flash.o
HAL_PWR_ConfigPVD                                 build/stm32f1xx_hal_pwr.o
HAL_PWR_DeInit                                    build/stm32f1xx_hal_pwr.o
HAL_PWR_DisableBkUpAccess                         build/stm32f1xx_hal_pwr.o
HAL_PWR_DisablePVD                                build/stm32f1xx_hal_pwr.o
HAL_PWR_DisableSEVOnPend                          build/stm32f1xx_hal_pwr.o
HAL_PWR_DisableSleepOnExit                        build/stm32f1xx_hal_pwr.o
HAL_PWR_DisableWakeUpPin                          build/stm32f1xx_hal_pwr.o
HAL_PWR_EnableBkUpAccess                          build/stm32f1xx_hal_pwr.o
HAL_PWR_EnablePVD                                 build/stm32f1xx_hal_pwr.o
HAL_PWR_EnableSEVOnPend                           build/stm32f1xx_hal_pwr.o
HAL_PWR_EnableSleepOnExit                         build/stm32f1xx_hal_pwr.o
HAL_PWR_EnableWakeUpPin                           build/stm32f1xx_hal_pwr.o
HAL_PWR_EnterSLEEPMode                            build/stm32f1xx_hal_pwr.o
HAL_PWR_EnterSTANDBYMode                          build/stm32f1xx_hal_pwr.o
HAL_PWR_EnterSTOPMode                             build/stm32f1xx_hal_pwr.o
HAL_PWR_PVDCallback                               build/stm32f1xx_hal_pwr.o
HAL_PWR_PVD_IRQHandler                            build/stm32f1xx_hal_pwr.o
HAL_RCCEx_GetPeriphCLKConfig                      build/stm32f1xx_hal_rcc_ex.o
HAL_RCCEx_GetPeriphCLKFreq                        build/stm32f1xx_hal_rcc_ex.o
HAL_RCCEx_PeriphCLKConfig                         build/stm32f1xx_hal_rcc_ex.o
HAL_RCC_CSSCallback                               build/stm32f1xx_hal_rcc.o
HAL_RCC_ClockConfig                               build/stm32f1xx_hal_rcc.o
                                                  build/main.o
HAL_RCC_DeInit                                    build/stm32f1xx_hal_rcc.o
HAL_RCC_DisableCSS                                build/stm32f1xx_hal_rcc.o
HAL_RCC_EnableCSS                                 build/stm32f1xx_hal_rcc.o
HAL_RCC_GetClockConfig                            build/stm32f1xx_hal_rcc.o
HAL_RCC_GetHCLKFreq                               build/stm32f1xx_hal_rcc.o
HAL_RCC_GetOscConfig                              build/stm32f1xx_hal_rcc.o
HAL_RCC_GetPCLK1Freq                              build/stm32f1xx_hal_rcc.o
                                                  build/stm32f1xx_hal_uart.o
                                                  build/stm32f1xx_hal_i2c.o
HAL_RCC_GetPCLK2Freq                              build/stm32f1xx_hal_rcc.o
                                                  build/stm32f1xx_hal_uart.o
                                                  build/stm32f1xx_hal_rcc_ex.o
HAL_RCC_GetSysClockFreq                           build/stm32f1xx_hal_rcc.o
HAL_RCC_MCOConfig                                 build/stm32f1xx_hal_rcc.o
HAL_RCC_NMI_IRQHandler                            build/stm32f1xx_hal_rcc.o
HAL_RCC_OscConfig                                 build/stm32f1xx_hal_rcc.o
                                                  build/main.o
HAL_ResumeTick                                    build/stm32f1xx_hal.o
HAL_SYSTICK_CLKSourceConfig                       build/stm32f1xx_hal_cortex.o
HAL_SYSTICK_Callback                              build/stm32f1xx_hal_cortex.o
HAL_SYSTICK_Config                                build/stm32f1xx_hal_cortex.o
                                                  build/stm32f1xx_hal.o
HAL_SYSTICK_IRQHandler                            build/stm32f1xx_hal_cortex.o
HAL_SetTickFreq                                   build/stm32f1xx_hal.o
HAL_SuspendTick                                   build/stm32f1xx_hal.o
HAL_UARTEx_ReceiveToIdle                          build/stm32f1xx_hal_uart.o
HAL_UARTEx_ReceiveToIdle_DMA                      build/stm32f1xx_hal_uart.o
HAL_UARTEx_ReceiveToIdle_IT                       build/stm32f1xx_hal_uart.o
HAL_UARTEx_RxEventCallback                        build/stm32f1xx_hal_uart.o
HAL_UART_Abort                                    build/stm32f1xx_hal_uart.o
HAL_UART_AbortCpltCallback                        build/stm32f1xx_hal_uart.o
HAL_UART_AbortReceive                             build/stm32f1xx_hal_uart.o
HAL_UART_AbortReceiveCpltCallback                 build/stm32f1xx_hal_uart.o
HAL_UART_AbortReceive_IT                          build/stm32f1xx_hal_uart.o
HAL_UART_AbortTransmit                            build/stm32f1xx_hal_uart.o
HAL_UART_AbortTransmitCpltCallback                build/stm32f1xx_hal_uart.o
HAL_UART_AbortTransmit_IT                         build/stm32f1xx_hal_uart.o
HAL_UART_Abort_IT                                 build/stm32f1xx_hal_uart.o
HAL_UART_DMAPause                                 build/stm32f1xx_hal_uart.o
HAL_UART_DMAResume                                build/stm32f1xx_hal_uart.o
HAL_UART_DMAStop                                  build/stm32f1xx_hal_uart.o
                                                  build/u3radar.o
                                                  build/u2ec20.o
                                                  build/u1rs232.o
HAL_UART_DeInit                                   build/stm32f1xx_hal_uart.o
HAL_UART_ErrorCallback                            build/stm32f1xx_hal_uart.o
HAL_UART_GetError                                 build/stm32f1xx_hal_uart.o
HAL_UART_GetState                                 build/stm32f1xx_hal_uart.o
HAL_UART_IRQHandler                               build/stm32f1xx_hal_uart.o
                                                  build/stm32f1xx_it.o
HAL_UART_Init                                     build/stm32f1xx_hal_uart.o
                                                  build/main.o
HAL_UART_MspDeInit                                build/stm32f1xx_hal_msp.o
HAL_UART_MspInit                                  build/stm32f1xx_hal_msp.o
HAL_UART_Receive                                  build/stm32f1xx_hal_uart.o
HAL_UART_Receive_DMA                              build/stm32f1xx_hal_uart.o
                                                  build/u3radar.o
                                                  build/u2ec20.o
                                                  build/u1rs232.o
                                                  build/radarandec20.o
HAL_UART_Receive_IT                               build/stm32f1xx_hal_uart.o
HAL_UART_RxCpltCallback                           build/stm32f1xx_hal_uart.o
HAL_UART_RxHalfCpltCallback                       build/stm32f1xx_hal_uart.o
HAL_UART_Transmit                                 build/stm32f1xx_hal_uart.o
                                                  build/u2ec20.o
                                                  build/u1rs232.o
                                                  build/radarandec20.o
HAL_UART_Transmit_DMA                             build/stm32f1xx_hal_uart.o
HAL_UART_Transmit_IT                              build/stm32f1xx_hal_uart.o
HAL_UART_TxCpltCallback                           build/stm32f1xx_hal_uart.o
HAL_UART_TxHalfCpltCallback                       build/stm32f1xx_hal_uart.o
HardFault_Handler                                 build/stm32f1xx_it.o
HexStrConvert                                     build/radarandec20.o
Hzk                                               build/oled.o
I2C1_ER_IRQHandler                                build/startup_stm32f103xb.o
I2C1_EV_IRQHandler                                build/startup_stm32f103xb.o
I2C2_ER_IRQHandler                                build/startup_stm32f103xb.o
I2C2_EV_IRQHandler                                build/startup_stm32f103xb.o
MemManage_Handler                                 build/stm32f1xx_it.o
NMI_Handler                                       build/stm32f1xx_it.o
OLED_CLS                                          build/oled.o
OLED_Clear                                        build/oled.o
OLED_Fill                                         build/oled.o
OLED_Init                                         build/oled.o
OLED_OFF                                          build/oled.o
OLED_ON                                           build/oled.o
OLED_Set_Pos                                      build/oled.o
OLED_ShowCHinese                                  build/oled.o
OLED_ShowChar                                     build/oled.o
OLED_ShowCharNomAndRev                            build/oled.o
OLED_ShowString                                   build/oled.o
OLED_WR_Byte                                      build/oled.o
POLLTime                                          build/radarandec20.o
PVD_IRQHandler                                    build/startup_stm32f103xb.o
PendSV_Handler                                    build/stm32f1xx_it.o
PollFun                                           build/radarandec20.o
                                                  build/main.o
PollTimeCnt                                       build/radarandec20.o
                                                  build/stm32f1xx_it.o
PrintHZ                                           build/oled.o
ProSta                                            build/radarandec20.o
RCC_IRQHandler                                    build/startup_stm32f103xb.o
RTC_Alarm_IRQHandler                              build/startup_stm32f103xb.o
RTC_IRQHandler                                    build/startup_stm32f103xb.o
RecExpected                                       build/radarandec20.o
Reset_Handler                                     build/startup_stm32f103xb.o
RxBufferDMA                                       build/radarandec20.o
                                                  build/u2ec20.o
RxLenU3                                           build/radarandec20.o
                                                  build/u3radar.o
SPI1_IRQHandler                                   build/startup_stm32f103xb.o
SPI2_IRQHandler                                   build/startup_stm32f103xb.o
SVC_Handler                                       build/stm32f1xx_it.o
SendCntRecClear                                   build/radarandec20.o
SendGPSCnt                                        build/radarandec20.o
SendID                                            build/radarandec20.o
SendList                                          build/radarandec20.o
SendTxBuf                                         build/u2ec20.o
                                                  build/radarandec20.o
SendTxDebug                                       build/u1rs232.o
                                                  build/radarandec20.o
SysTick_Handler                                   build/stm32f1xx_it.o
SystemClock_Config                                build/main.o
SystemCoreClock                                   build/system_stm32f1xx.o
                                                  build/stm32f1xx_hal_rcc.o
                                                  build/stm32f1xx_hal.o
                                                  build/stm32f1xx_hal_i2c.o
SystemCoreClockUpdate                             build/system_stm32f1xx.o
SystemInit                                        build/system_stm32f1xx.o
                                                  build/startup_stm32f103xb.o
TAMPER_IRQHandler                                 build/startup_stm32f103xb.o
TIM1_BRK_IRQHandler                               build/startup_stm32f103xb.o
TIM1_CC_IRQHandler                                build/startup_stm32f103xb.o
TIM1_TRG_COM_IRQHandler                           build/startup_stm32f103xb.o
TIM1_UP_IRQHandler                                build/startup_stm32f103xb.o
TIM2_IRQHandler                                   build/startup_stm32f103xb.o
TIM3_IRQHandler                                   build/startup_stm32f103xb.o
TIM4_IRQHandler                                   build/startup_stm32f103xb.o
UART_Start_Receive_DMA                            build/stm32f1xx_hal_uart.o
UART_Start_Receive_IT                             build/stm32f1xx_hal_uart.o
USART1_IRQHandler                                 build/stm32f1xx_it.o
USART2_IRQHandler                                 build/stm32f1xx_it.o
USART3_IRQHandler                                 build/stm32f1xx_it.o
USBWakeUp_IRQHandler                              build/startup_stm32f103xb.o
USB_HP_CAN1_TX_IRQHandler                         build/startup_stm32f103xb.o
USB_LP_CAN1_RX0_IRQHandler                        build/startup_stm32f103xb.o
UsageFault_Handler                                build/stm32f1xx_it.o
WWDG_IRQHandler                                   build/startup_stm32f103xb.o
WriteCmd                                          build/oled.o
WriteDat                                          build/oled.o
__bss_end__                                       c:/program files/gcc-arm-none-eabi-10.3-2021.10-win32/bin/../lib/gcc/arm-none-eabi/10.3.1/../../../../arm-none-eabi/lib/thumb/v7-m/nofp/crt0.o
__bss_start__                                     c:/program files/gcc-arm-none-eabi-10.3-2021.10-win32/bin/../lib/gcc/arm-none-eabi/10.3.1/../../../../arm-none-eabi/lib/thumb/v7-m/nofp/crt0.o
__call_exitprocs                                  c:/program files/gcc-arm-none-eabi-10.3-2021.10-win32/bin/../lib/gcc/arm-none-eabi/10.3.1/../../../../arm-none-eabi/lib/thumb/v7-m/nofp\libc_nano.a(lib_a-exit.o)
__deregister_frame_info                           c:/program files/gcc-arm-none-eabi-10.3-2021.10-win32/bin/../lib/gcc/arm-none-eabi/10.3.1/thumb/v7-m/nofp/crtbegin.o
__dso_handle                                      c:/program files/gcc-arm-none-eabi-10.3-2021.10-win32/bin/../lib/gcc/arm-none-eabi/10.3.1/thumb/v7-m/nofp/crtbegin.o
__init_array_end                                  c:/program files/gcc-arm-none-eabi-10.3-2021.10-win32/bin/../lib/gcc/arm-none-eabi/10.3.1/../../../../arm-none-eabi/lib/thumb/v7-m/nofp\libc_nano.a(lib_a-init.o)
__init_array_start                                c:/program files/gcc-arm-none-eabi-10.3-2021.10-win32/bin/../lib/gcc/arm-none-eabi/10.3.1/../../../../arm-none-eabi/lib/thumb/v7-m/nofp\libc_nano.a(lib_a-init.o)
__libc_fini_array                                 c:/program files/gcc-arm-none-eabi-10.3-2021.10-win32/bin/../lib/gcc/arm-none-eabi/10.3.1/../../../../arm-none-eabi/lib/thumb/v7-m/nofp/crt0.o
__libc_init_array                                 c:/program files/gcc-arm-none-eabi-10.3-2021.10-win32/bin/../lib/gcc/arm-none-eabi/10.3.1/../../../../arm-none-eabi/lib/thumb/v7-m/nofp\libc_nano.a(lib_a-init.o)
                                                  build/startup_stm32f103xb.o
                                                  c:/program files/gcc-arm-none-eabi-10.3-2021.10-win32/bin/../lib/gcc/arm-none-eabi/10.3.1/../../../../arm-none-eabi/lib/thumb/v7-m/nofp/crt0.o
__lock___arc4random_mutex                         c:/program files/gcc-arm-none-eabi-10.3-2021.10-win32/bin/../lib/gcc/arm-none-eabi/10.3.1/../../../../arm-none-eabi/lib/thumb/v7-m/nofp\libc_nano.a(lib_a-lock.o)
__lock___at_quick_exit_mutex                      c:/program files/gcc-arm-none-eabi-10.3-2021.10-win32/bin/../lib/gcc/arm-none-eabi/10.3.1/../../../../arm-none-eabi/lib/thumb/v7-m/nofp\libc_nano.a(lib_a-lock.o)
__lock___atexit_recursive_mutex                   c:/program files/gcc-arm-none-eabi-10.3-2021.10-win32/bin/../lib/gcc/arm-none-eabi/10.3.1/../../../../arm-none-eabi/lib/thumb/v7-m/nofp\libc_nano.a(lib_a-lock.o)
__lock___dd_hash_mutex                            c:/program files/gcc-arm-none-eabi-10.3-2021.10-win32/bin/../lib/gcc/arm-none-eabi/10.3.1/../../../../arm-none-eabi/lib/thumb/v7-m/nofp\libc_nano.a(lib_a-lock.o)