Archive member included to satisfy reference by file (symbol)

/usr/lib/gcc/arm-none-eabi/6.3.1/../../../arm-none-eabi/lib/thumb/v7-m/libc_nano.a(lib_a-atexit.o)
                              /usr/lib/gcc/arm-none-eabi/6.3.1/../../../arm-none-eabi/lib/thumb/v7-m/crt0.o (atexit)
/usr/lib/gcc/arm-none-eabi/6.3.1/../../../arm-none-eabi/lib/thumb/v7-m/libc_nano.a(lib_a-exit.o)
                              /usr/lib/gcc/arm-none-eabi/6.3.1/../../../arm-none-eabi/lib/thumb/v7-m/crt0.o (exit)
/usr/lib/gcc/arm-none-eabi/6.3.1/../../../arm-none-eabi/lib/thumb/v7-m/libc_nano.a(lib_a-fini.o)
                              /usr/lib/gcc/arm-none-eabi/6.3.1/../../../arm-none-eabi/lib/thumb/v7-m/crt0.o (__libc_fini_array)
/usr/lib/gcc/arm-none-eabi/6.3.1/../../../arm-none-eabi/lib/thumb/v7-m/libc_nano.a(lib_a-impure.o)
                              /usr/lib/gcc/arm-none-eabi/6.3.1/../../../arm-none-eabi/lib/thumb/v7-m/libc_nano.a(lib_a-exit.o) (_global_impure_ptr)
/usr/lib/gcc/arm-none-eabi/6.3.1/../../../arm-none-eabi/lib/thumb/v7-m/libc_nano.a(lib_a-init.o)
                              /usr/lib/gcc/arm-none-eabi/6.3.1/../../../arm-none-eabi/lib/thumb/v7-m/crt0.o (__libc_init_array)
/usr/lib/gcc/arm-none-eabi/6.3.1/../../../arm-none-eabi/lib/thumb/v7-m/libc_nano.a(lib_a-memcpy.o)
                              build/radarandec20.o (memcpy)
/usr/lib/gcc/arm-none-eabi/6.3.1/../../../arm-none-eabi/lib/thumb/v7-m/libc_nano.a(lib_a-memset.o)
                              /usr/lib/gcc/arm-none-eabi/6.3.1/../../../arm-none-eabi/lib/thumb/v7-m/crt0.o (memset)
/usr/lib/gcc/arm-none-eabi/6.3.1/../../../arm-none-eabi/lib/thumb/v7-m/libc_nano.a(lib_a-sprintf.o)
                              build/radarandec20.o (sprintf)
/usr/lib/gcc/arm-none-eabi/6.3.1/../../../arm-none-eabi/lib/thumb/v7-m/libc_nano.a(lib_a-strlen-stub.o)
                              build/u1rs232.o (strlen)
/usr/lib/gcc/arm-none-eabi/6.3.1/../../../arm-none-eabi/lib/thumb/v7-m/libc_nano.a(lib_a-strstr.o)
                              build/radarandec20.o (strstr)
/usr/lib/gcc/arm-none-eabi/6.3.1/../../../arm-none-eabi/lib/thumb/v7-m/libc_nano.a(lib_a-__atexit.o)
                              /usr/lib/gcc/arm-none-eabi/6.3.1/../../../arm-none-eabi/lib/thumb/v7-m/libc_nano.a(lib_a-atexit.o) (__register_exitproc)
/usr/lib/gcc/arm-none-eabi/6.3.1/../../../arm-none-eabi/lib/thumb/v7-m/libc_nano.a(lib_a-__call_atexit.o)
                              /usr/lib/gcc/arm-none-eabi/6.3.1/../../../arm-none-eabi/lib/thumb/v7-m/libc_nano.a(lib_a-__atexit.o) (__call_exitprocs)
/usr/lib/gcc/arm-none-eabi/6.3.1/../../../arm-none-eabi/lib/thumb/v7-m/libc_nano.a(lib_a-memchr-stub.o)
                              /usr/lib/gcc/arm-none-eabi/6.3.1/../../../arm-none-eabi/lib/thumb/v7-m/libc_nano.a(lib_a-strstr.o) (memchr)
/usr/lib/gcc/arm-none-eabi/6.3.1/../../../arm-none-eabi/lib/thumb/v7-m/libc_nano.a(lib_a-memcmp.o)
                              /usr/lib/gcc/arm-none-eabi/6.3.1/../../../arm-none-eabi/lib/thumb/v7-m/libc_nano.a(lib_a-strstr.o) (memcmp)
/usr/lib/gcc/arm-none-eabi/6.3.1/../../../arm-none-eabi/lib/thumb/v7-m/libc_nano.a(lib_a-nano-svfprintf.o)
                              /usr/lib/gcc/arm-none-eabi/6.3.1/../../../arm-none-eabi/lib/thumb/v7-m/libc_nano.a(lib_a-sprintf.o) (_svfprintf_r)
/usr/lib/gcc/arm-none-eabi/6.3.1/../../../arm-none-eabi/lib/thumb/v7-m/libc_nano.a(lib_a-nano-vfprintf_i.o)
                              /usr/lib/gcc/arm-none-eabi/6.3.1/../../../arm-none-eabi/lib/thumb/v7-m/libc_nano.a(lib_a-nano-svfprintf.o) (_printf_i)
/usr/lib/gcc/arm-none-eabi/6.3.1/../../../arm-none-eabi/lib/thumb/v7-m/libc_nano.a(lib_a-strchr.o)
                              /usr/lib/gcc/arm-none-eabi/6.3.1/../../../arm-none-eabi/lib/thumb/v7-m/libc_nano.a(lib_a-strstr.o) (strchr)
/usr/lib/gcc/arm-none-eabi/6.3.1/../../../arm-none-eabi/lib/thumb/v7-m/libc_nano.a(lib_a-memmove.o)
                              /usr/lib/gcc/arm-none-eabi/6.3.1/../../../arm-none-eabi/lib/thumb/v7-m/libc_nano.a(lib_a-nano-svfprintf.o) (memmove)
/usr/lib/gcc/arm-none-eabi/6.3.1/../../../arm-none-eabi/lib/thumb/v7-m/libc_nano.a(lib_a-nano-freer.o)
                              /usr/lib/gcc/arm-none-eabi/6.3.1/../../../arm-none-eabi/lib/thumb/v7-m/libc_nano.a(lib_a-nano-svfprintf.o) (_free_r)
/usr/lib/gcc/arm-none-eabi/6.3.1/../../../arm-none-eabi/lib/thumb/v7-m/libc_nano.a(lib_a-nano-mallocr.o)
                              /usr/lib/gcc/arm-none-eabi/6.3.1/../../../arm-none-eabi/lib/thumb/v7-m/libc_nano.a(lib_a-nano-svfprintf.o) (_malloc_r)
/usr/lib/gcc/arm-none-eabi/6.3.1/../../../arm-none-eabi/lib/thumb/v7-m/libc_nano.a(lib_a-nano-reallocr.o)
                              /usr/lib/gcc/arm-none-eabi/6.3.1/../../../arm-none-eabi/lib/thumb/v7-m/libc_nano.a(lib_a-nano-svfprintf.o) (_realloc_r)
/usr/lib/gcc/arm-none-eabi/6.3.1/../../../arm-none-eabi/lib/thumb/v7-m/libc_nano.a(lib_a-sbrkr.o)
[...]
Memory Configuration

Name             Origin             Length             Attributes
RAM              0x0000000020000000 0x0000000000005000 xrw
FLASH            0x0000000008000000 0x0000000000020000 xr
*default*        0x0000000000000000 0xffffffffffffffff

Linker script and memory map

LOAD /usr/lib/gcc/arm-none-eabi/6.3.1/thumb/v7-m/crti.o
LOAD /usr/lib/gcc/arm-none-eabi/6.3.1/thumb/v7-m/crtbegin.o
LOAD /usr/lib/gcc/arm-none-eabi/6.3.1/../../../arm-none-eabi/lib/thumb/v7-m/crt0.o
LOAD build/main.o
LOAD build/oled.o
LOAD build/radarandec20.o
LOAD build/u1rs232.o
LOAD build/u2ec20.o
LOAD build/u3radar.o
LOAD build/stm32f1xx_it.o
LOAD build/stm32f1xx_hal_msp.o
LOAD build/stm32f1xx_hal_gpio_ex.o
LOAD build/stm32f1xx_hal_i2c.o
LOAD build/stm32f1xx_hal.o
LOAD build/stm32f1xx_hal_rcc.o
LOAD build/stm32f1xx_hal_rcc_ex.o
LOAD build/stm32f1xx_hal_gpio.o
LOAD build/stm32f1xx_hal_dma.o
LOAD build/stm32f1xx_hal_cortex.o
LOAD build/stm32f1xx_hal_pwr.o
LOAD build/stm32f1xx_hal_flash.o
LOAD build/stm32f1xx_hal_flash_ex.o
LOAD build/stm32f1xx_hal_exti.o
LOAD build/stm32f1xx_hal_tim.o
LOAD build/stm32f1xx_hal_tim_ex.o
LOAD build/stm32f1xx_hal_uart.o
LOAD build/system_stm32f1xx.o
LOAD build/startup_stm32f103xb.o
LOAD /usr/lib/gcc/arm-none-eabi/6.3.1/../../../arm-none-eabi/lib/thumb/v7-m/libc_nano.a
LOAD /usr/lib/gcc/arm-none-eabi/6.3.1/../../../arm-none-eabi/lib/thumb/v7-m/libm.a
LOAD /usr/lib/gcc/arm-none-eabi/6.3.1/../../../arm-none-eabi/lib/thumb/v7-m/libnosys.a
START GROUP
LOAD /usr/lib/gcc/arm-none-eabi/6.3.1/thumb/v7-m/libgcc.a
LOAD /usr/lib/gcc/arm-none-eabi/6.3.1/../../../arm-none-eabi/lib/thumb/v7-m/libc_nano.a
END GROUP
START GROUP
LOAD /usr/lib/gcc/arm-none-eabi/6.3.1/thumb/v7-m/libgcc.a
LOAD /usr/lib/gcc/arm-none-eabi/6.3.1/../../../arm-none-eabi/lib/thumb/v7-m/libc_nano.a
END GROUP
LOAD /usr/lib/gcc/arm-none-eabi/6.3.1/thumb/v7-m/crtend.o
LOAD /usr/lib/gcc/arm-none-eabi/6.3.1/thumb/v7-m/crtn.o
                0x0000000020005000                _estack = (ORIGIN (RAM) + LENGTH (RAM))
                0x0000000000000200                _Min_Heap_Size = 0x200
                0x0000000000000400                _Min_Stack_Size = 0x400

.isr_vector     0x0000000008000000      0x10c
                0x0000000008000000                . = ALIGN (0x4)
 *(.isr_vector)
 .isr_vector    0x0000000008000000      0x10c build/startup_stm32f103xb.o
                0x0000000008000000                g_pfnVectors
                0x000000000800010c                . = ALIGN (0x4)

.text           0x000000000800010c     0x505c
                0x000000000800010c                . = ALIGN (0x4)
 *(.text)
 .text          0x000000000800010c       0xa4 /usr/lib/gcc/arm-none-eabi/6.3.1/thumb/v7-m/crtbegin.o
 .text          0x00000000080001b0       0x50 /usr/lib/gcc/arm-none-eabi/6.3.1/../../../arm-none-eabi/lib/thumb/v7-m/libc_nano.a(lib_a-init.o)
                0x00000000080001b0                __libc_init_array
 .text          0x0000000008000200       0xec /usr/lib/gcc/arm-none-eabi/6.3.1/../../../arm-none-eabi/lib/thumb/v7-m/libc_nano.a(lib_a-memcpy.o)
                0x0000000008000200                memcpy
 .text          0x00000000080002ec       0x9c /usr/lib/gcc/arm-none-eabi/6.3.1/../../../arm-none-eabi/lib/thumb/v7-m/libc_nano.a(lib_a-memset.o)
                0x00000000080002ec                memset
 .text          0x0000000008000388       0x90 /usr/lib/gcc/arm-none-eabi/6.3.1/../../../arm-none-eabi/lib/thumb/v7-m/libc_nano.a(lib_a-sprintf.o)
                0x0000000008000388                _siprintf_r
                0x0000000008000388                _sprintf_r
                0x00000000080003cc                sprintf
                0x00000000080003cc                siprintf
 .text          0x0000000008000418       0x5c /usr/lib/gcc/arm-none-eabi/6.3.1/../../../arm-none-eabi/lib/thumb/v7-m/libc_nano.a(lib_a-strlen-stub.o)
                0x0000000008000418                strlen
 .text          0x0000000008000474      0x4c8 /usr/lib/gcc/arm-none-eabi/6.3.1/../../../arm-none-eabi/lib/thumb/v7-m/libc_nano.a(lib_a-strstr.o)
                0x0000000008000724                strstr
 .text          0x000000000800093c       0x8c /usr/lib/gcc/arm-none-eabi/6.3.1/../../../arm-none-eabi/lib/thumb/v7-m/libc_nano.a(lib_a-memchr-stub.o)
                0x000000000800093c                memchr
 .text          0x00000000080009c8       0x60 /usr/lib/gcc/arm-none-eabi/6.3.1/../../../arm-none-eabi/lib/thumb/v7-m/libc_nano.a(lib_a-memcmp.o)
                0x00000000080009c8                memcmp
 .text          0x0000000008000a28      0x408 /usr/lib/gcc/arm-none-eabi/6.3.1/../../../arm-none-eabi/lib/thumb/v7-m/libc_nano.a(lib_a-nano-svfprintf.o)
                0x0000000008000a28                __ssputs_r
                0x0000000008000aec                __ssprint_r
                0x0000000008000be8                _svfprintf_r
                0x0000000008000be8                _svfiprintf_r
 .text          0x0000000008000e30      0x3cc /usr/lib/gcc/arm-none-eabi/6.3.1/../../../arm-none-eabi/lib/thumb/v7-m/libc_nano.a(lib_a-nano-vfprintf_i.o)
                0x0000000008000e30                _printf_common
                0x0000000008000f60                _printf_i
 .text          0x00000000080011fc       0xe8 /usr/lib/gcc/arm-none-eabi/6.3.1/../../../arm-none-eabi/lib/thumb/v7-m/libc_nano.a(lib_a-strchr.o)
                0x00000000080011fc                strchr
 .text          0x00000000080012e4       0xc8 /usr/lib/gcc/arm-none-eabi/6.3.1/../../../arm-none-eabi/lib/thumb/v7-m/libc_nano.a(lib_a-memmove.o)
                0x00000000080012e4                memmove
 .text          0x00000000080013ac       0x90 /usr/lib/gcc/arm-none-eabi/6.3.1/../../../arm-none-eabi/lib/thumb/v7-m/libc_nano.a(lib_a-nano-freer.o)
                0x00000000080013ac                _free_r
 .text          0x000000000800143c       0xbc /usr/lib/gcc/arm-none-eabi/6.3.1/../../../arm-none-eabi/lib/thumb/v7-m/libc_nano.a(lib_a-nano-mallocr.o)
                0x000000000800143c                _malloc_r
 .text          0x00000000080014f8       0x50 /usr/lib/gcc/arm-none-eabi/6.3.1/../../../arm-none-eabi/lib/thumb/v7-m/libc_nano.a(lib_a-nano-reallocr.o)
                0x00000000080014f8                _realloc_r
 .text          0x0000000008001548       0x24 /usr/lib/gcc/arm-none-eabi/6.3.1/../../../arm-none-eabi/lib/thumb/v7-m/libc_nano.a(lib_a-sbrkr.o)
                0x0000000008001548                _sbrk_r
 .text          0x000000000800156c       0x14 /usr/lib/gcc/arm-none-eabi/6.3.1/../../../arm-none-eabi/lib/thumb/v7-m/libc_nano.a(lib_a-nano-msizer.o)
                0x000000000800156c                _malloc_usable_size_r
 .text          0x0000000008001580       0x1c /usr/lib/gcc/arm-none-eabi/6.3.1/../../../arm-none-eabi/lib/thumb/v7-m/libnosys.a(sbrk.o)
                0x0000000008001580                _sbrk
 *(.text*)
 .text.main     0x000000000800159c       0x2a build/main.o
                0x000000000800159c                main
 .text.SystemClock_Config
                0x00000000080015c6       0x8a build/main.o
                0x00000000080015c6                SystemClock_Config
 .text.MX_I2C1_Init
                0x0000000008001650       0x5c build/main.o
 .text.MX_USART1_UART_Init
                0x00000000080016ac       0x54 build/main.o
 .text.MX_USART2_UART_Init
                0x0000000008001700       0x54 build/main.o
 .text.MX_USART3_UART_Init
                0x0000000008001754       0x54 build/main.o
 .text.MX_DMA_Init
                0x00000000080017a8       0x5c build/main.o
 .text.MX_GPIO_Init
                0x0000000008001804       0xf4 build/main.o
 .text.Error_Handler
                0x00000000080018f8        0xc build/main.o
                0x00000000080018f8                Error_Handler
 .text.delay_us
                0x0000000008001904       0x26 build/oled.o
 .text.delay_oledms
                0x000000000800192a       0x26 build/oled.o
                0x000000000800192a                delay_oledms
 .text.Clear_Buffer
                0x0000000008001950       0x3c build/radarandec20.o
                0x0000000008001950                Clear_Buffer
 .text.ucharCmp
                0x000000000800198c       0x46 build/radarandec20.o
                0x000000000800198c                ucharCmp
 .text.findStrCmp
                0x00000000080019d2       0x56 build/radarandec20.o
                0x00000000080019d2                findStrCmp
 .text.HexStrConvert
                0x0000000008001a28       0x8c build/radarandec20.o
                0x0000000008001a28                HexStrConvert
 .text.ec20power
                0x0000000008001ab4       0x68 build/radarandec20.o
                0x0000000008001ab4                ec20power
 .text.GetIDCode
                0x0000000008001b1c       0x78 build/radarandec20.o
                0x0000000008001b1c                GetIDCode
 .text.DataSendPre
                0x0000000008001b94      0x28c build/radarandec20.o
                0x0000000008001b94                DataSendPre
 .text.ec20ProcessFun
                0x0000000008001e20      0x548 build/radarandec20.o
                0x0000000008001e20                ec20ProcessFun
 .text.PollFun  0x0000000008002368      0x260 build/radarandec20.o
                0x0000000008002368                PollFun
 .text.u1Conf   0x00000000080025c8       0x2c build/u1rs232.o
                0x00000000080025c8                u1Conf
 .text.u1rxitProcess
                0x00000000080025f4       0x4c build/u1rs232.o
                0x00000000080025f4                u1rxitProcess
 .text.SendTxDebug
                0x0000000008002640       0x2c build/u1rs232.o
                0x0000000008002640                SendTxDebug
 .text.u2Conf   0x000000000800266c       0x2c build/u2ec20.o
                0x000000000800266c                u2Conf
 .text.u2rxitProcess
                0x0000000008002698       0xc4 build/u2ec20.o
                0x0000000008002698                u2rxitProcess
 .text.SendTxBuf
                0x000000000800275c       0x2c build/u2ec20.o
                0x000000000800275c                SendTxBuf
 .text.u3Conf   0x0000000008002788       0x2c build/u3radar.o
                0x0000000008002788                u3Conf
 .text.u3rxProcess
                0x00000000080027b4      0x104 build/u3radar.o
                0x00000000080027b4                u3rxProcess
 .text.NMI_Handler
                0x00000000080028b8        0xc build/stm32f1xx_it.o
                0x00000000080028b8                NMI_Handler
 .text.HardFault_Handler
                0x00000000080028c4        0x6 build/stm32f1xx_it.o
                0x00000000080028c4                HardFault_Handler
 .text.MemManage_Handler
                0x00000000080028ca        0x6 build/stm32f1xx_it.o
                0x00000000080028ca                MemManage_Handler
 .text.BusFault_Handler
                0x00000000080028d0        0x6 build/stm32f1xx_it.o
                0x00000000080028d0                BusFault_Handler
 .text.UsageFault_Handler
                0x00000000080028d6        0x6 build/stm32f1xx_it.o
                0x00000000080028d6                UsageFault_Handler
 .text.SVC_Handler
                0x00000000080028dc        0xc build/stm32f1xx_it.o
                0x00000000080028dc                SVC_Handler
 .text.DebugMon_Handler
                0x00000000080028e8        0xc build/stm32f1xx_it.o
                0x00000000080028e8                DebugMon_Handler
 .text.PendSV_Handler
                0x00000000080028f4        0xc build/stm32f1xx_it.o
                0x00000000080028f4                PendSV_Handler
 .text.SysTick_Handler
                0x0000000008002900       0xc8 build/stm32f1xx_it.o
                0x0000000008002900                SysTick_Handler
 .text.DMA1_Channel3_IRQHandler
                0x00000000080029c8       0x14 build/stm32f1xx_it.o
                0x00000000080029c8                DMA1_Channel3_IRQHandler
 .text.DMA1_Channel5_IRQHandler
                0x00000000080029dc       0x14 build/stm32f1xx_it.o
                0x00000000080029dc                DMA1_Channel5_IRQHandler
 .text.DMA1_Channel6_IRQHandler
                0x00000000080029f0       0x14 build/stm32f1xx_it.o
                0x00000000080029f0                DMA1_Channel6_IRQHandler
 .text.USART1_IRQHandler
                0x0000000008002a04       0x18 build/stm32f1xx_it.o
                0x0000000008002a04                USART1_IRQHandler
 .text.USART2_IRQHandler
                0x0000000008002a1c       0x18 build/stm32f1xx_it.o
                0x0000000008002a1c                USART2_IRQHandler
 .text.USART3_IRQHandler
                0x0000000008002a34       0x18 build/stm32f1xx_it.o
                0x0000000008002a34                USART3_IRQHandler
 .text.HAL_MspInit
                0x0000000008002a4c       0x64 build/stm32f1xx_hal_msp.o
                0x0000000008002a4c                HAL_MspInit
 .text.HAL_I2C_MspInit
                0x0000000008002ab0       0x7c build/stm32f1xx_hal_msp.o
                0x0000000008002ab0                HAL_I2C_MspInit
 .text.HAL_UART_MspInit
                0x0000000008002b2c      0x2ac build/stm32f1xx_hal_msp.o
                0x0000000008002b2c                HAL_UART_MspInit
 .text.HAL_I2C_Init
                0x0000000008002dd8      0x270 build/stm32f1xx_hal_i2c.o
                0x0000000008002dd8                HAL_I2C_Init
 .text.HAL_Init
                0x0000000008003048       0x2c build/stm32f1xx_hal.o
                0x0000000008003048                HAL_Init
 .text.HAL_InitTick
                0x0000000008003074       0x60 build/stm32f1xx_hal.o
                0x0000000008003074                HAL_InitTick
 .text.HAL_IncTick
                0x00000000080030d4       0x24 build/stm32f1xx_hal.o
                0x00000000080030d4                HAL_IncTick
 .text.HAL_GetTick
                0x00000000080030f8       0x14 build/stm32f1xx_hal.o
                0x00000000080030f8                HAL_GetTick
 .text.HAL_RCC_OscConfig
                0x000000000800310c      0x500 build/stm32f1xx_hal_rcc.o
                0x000000000800310c                HAL_RCC_OscConfig
 .text.HAL_RCC_ClockConfig
                0x000000000800360c      0x1d4 build/stm32f1xx_hal_rcc.o
                0x000000000800360c                HAL_RCC_ClockConfig
 .text.HAL_RCC_GetSysClockFreq
                0x00000000080037e0       0xc4 build/stm32f1xx_hal_rcc.o
                0x00000000080037e0                HAL_RCC_GetSysClockFreq
 .text.HAL_RCC_GetHCLKFreq
                0x00000000080038a4       0x14 build/stm32f1xx_hal_rcc.o
                0x00000000080038a4                HAL_RCC_GetHCLKFreq
 .text.HAL_RCC_GetPCLK1Freq
                0x00000000080038b8       0x28 build/stm32f1xx_hal_rcc.o
                0x00000000080038b8                HAL_RCC_GetPCLK1Freq
 .text.HAL_RCC_GetPCLK2Freq
                0x00000000080038e0       0x28 build/stm32f1xx_hal_rcc.o
                0x00000000080038e0                HAL_RCC_GetPCLK2Freq
 .text.RCC_Delay
                0x0000000008003908       0x3c build/stm32f1xx_hal_rcc.o
 .text.HAL_GPIO_Init
                0x0000000008003944      0x2b4 build/stm32f1xx_hal_gpio.o
                0x0000000008003944                HAL_GPIO_Init
 .text.HAL_GPIO_ReadPin
                0x0000000008003bf8       0x2e build/stm32f1xx_hal_gpio.o
                0x0000000008003bf8                HAL_GPIO_ReadPin
 .text.HAL_GPIO_WritePin
                0x0000000008003c26       0x30 build/stm32f1xx_hal_gpio.o
                0x0000000008003c26                HAL_GPIO_WritePin
 *fill*         0x0000000008003c56        0x2 
 .text.HAL_DMA_Init
                0x0000000008003c58       0xb4 build/stm32f1xx_hal_dma.o
                0x0000000008003c58                HAL_DMA_Init
 .text.HAL_DMA_Start_IT
                0x0000000008003d0c       0xbe build/stm32f1xx_hal_dma.o
                0x0000000008003d0c                HAL_DMA_Start_IT
 .text.HAL_DMA_Abort
                0x0000000008003dca       0x74 build/stm32f1xx_hal_dma.o
                0x0000000008003dca                HAL_DMA_Abort
 *fill*         0x0000000008003e3e        0x2 
 .text.HAL_DMA_Abort_IT
                0x0000000008003e40       0xf8 build/stm32f1xx_hal_dma.o
                0x0000000008003e40                HAL_DMA_Abort_IT
 .text.HAL_DMA_IRQHandler
                0x0000000008003f38      0x224 build/stm32f1xx_hal_dma.o
                0x0000000008003f38                HAL_DMA_IRQHandler
 .text.DMA_SetConfig
                0x000000000800415c       0x5a build/stm32f1xx_hal_dma.o
 *fill*         0x00000000080041b6        0x2 
 .text.__NVIC_SetPriorityGrouping
                0x00000000080041b8       0x48 build/stm32f1xx_hal_cortex.o
 .text.__NVIC_GetPriorityGrouping
                0x0000000008004200       0x1c build/stm32f1xx_hal_cortex.o
 .text.__NVIC_EnableIRQ
                0x000000000800421c       0x38 build/stm32f1xx_hal_cortex.o
 .text.__NVIC_SetPriority
                0x0000000008004254       0x54 build/stm32f1xx_hal_cortex.o
 .text.NVIC_EncodePriority
                0x00000000080042a8       0x60 build/stm32f1xx_hal_cortex.o
 .text.SysTick_Config
                0x0000000008004308       0x44 build/stm32f1xx_hal_cortex.o
 .text.HAL_NVIC_SetPriorityGrouping
                0x000000000800434c       0x16 build/stm32f1xx_hal_cortex.o
                0x000000000800434c                HAL_NVIC_SetPriorityGrouping
 .text.HAL_NVIC_SetPriority
                0x0000000008004362       0x38 build/stm32f1xx_hal_cortex.o
                0x0000000008004362                HAL_NVIC_SetPriority
 .text.HAL_NVIC_EnableIRQ
                0x000000000800439a       0x1c build/stm32f1xx_hal_cortex.o
                0x000000000800439a                HAL_NVIC_EnableIRQ
 .text.HAL_SYSTICK_Config
                0x00000000080043b6       0x18 build/stm32f1xx_hal_cortex.o
                0x00000000080043b6                HAL_SYSTICK_Config
 .text.HAL_UART_Init
                0x00000000080043ce       0x9a build/stm32f1xx_hal_uart.o
                0x00000000080043ce                HAL_UART_Init
 .text.HAL_UART_Transmit
                0x0000000008004468      0x122 build/stm32f1xx_hal_uart.o
                0x0000000008004468                HAL_UART_Transmit
 .text.HAL_UART_Receive_DMA
                0x000000000800458a       0x60 build/stm32f1xx_hal_uart.o
                0x000000000800458a                HAL_UART_Receive_DMA
 .text.HAL_UART_DMAStop
                0x00000000080045ea       0xb6 build/stm32f1xx_hal_uart.o
                0x00000000080045ea                HAL_UART_DMAStop
 .text.HAL_UART_IRQHandler
                0x00000000080046a0      0x358 build/stm32f1xx_hal_uart.o
                0x00000000080046a0                HAL_UART_IRQHandler
 .text.HAL_UART_TxCpltCallback
                0x00000000080049f8       0x12 build/stm32f1xx_hal_uart.o
                0x00000000080049f8                HAL_UART_TxCpltCallback
 .text.HAL_UART_RxCpltCallback
                0x0000000008004a0a       0x12 build/stm32f1xx_hal_uart.o
                0x0000000008004a0a                HAL_UART_RxCpltCallback
 .text.HAL_UART_RxHalfCpltCallback
                0x0000000008004a1c       0x12 build/stm32f1xx_hal_uart.o
                0x0000000008004a1c                HAL_UART_RxHalfCpltCallback
 .text.HAL_UART_ErrorCallback
                0x0000000008004a2e       0x12 build/stm32f1xx_hal_uart.o
                0x0000000008004a2e                HAL_UART_ErrorCallback
 .text.HAL_UARTEx_RxEventCallback
                0x0000000008004a40       0x16 build/stm32f1xx_hal_uart.o
                0x0000000008004a40                HAL_UARTEx_RxEventCallback
 .text.UART_DMAReceiveCplt
                0x0000000008004a56       0x96 build/stm32f1xx_hal_uart.o
 .text.UART_DMARxHalfCplt
                0x0000000008004aec       0x36 build/stm32f1xx_hal_uart.o
 .text.UART_DMAError
                0x0000000008004b22       0x94 build/stm32f1xx_hal_uart.o
 .text.UART_WaitOnFlagUntilTimeout
                0x0000000008004bb6       0x94 build/stm32f1xx_hal_uart.o
 *fill*         0x0000000008004c4a        0x2 
 .text.UART_Start_Receive_DMA
                0x0000000008004c4c       0xc8 build/stm32f1xx_hal_uart.o
                0x0000000008004c4c                UART_Start_Receive_DMA
 .text.UART_EndTxTransfer
                0x0000000008004d14       0x2a build/stm32f1xx_hal_uart.o
 .text.UART_EndRxTransfer
                0x0000000008004d3e       0x58 build/stm32f1xx_hal_uart.o
 .text.UART_DMAAbortOnError
                0x0000000008004d96       0x28 build/stm32f1xx_hal_uart.o
 .text.UART_Transmit_IT
                0x0000000008004dbe       0x9c build/stm32f1xx_hal_uart.o
 .text.UART_EndTransmit_IT
                0x0000000008004e5a       0x30 build/stm32f1xx_hal_uart.o
 .text.UART_Receive_IT
                0x0000000008004e8a      0x152 build/stm32f1xx_hal_uart.o
 .text.UART_SetConfig
                0x0000000008004fdc      0x11c build/stm32f1xx_hal_uart.o
 .text.SystemInit
                0x00000000080050f8        0xc build/system_stm32f1xx.o
                0x00000000080050f8                SystemInit
 .text.Reset_Handler
                0x0000000008005104       0x48 build/startup_stm32f103xb.o
                0x0000000008005104                Reset_Handler
 .text.Default_Handler
                0x000000000800514c        0x2 build/startup_stm32f103xb.o
                0x000000000800514c                RTC_Alarm_IRQHandler
                0x000000000800514c                EXTI2_IRQHandler
                0x000000000800514c                TIM1_CC_IRQHandler
                0x000000000800514c                PVD_IRQHandler
                0x000000000800514c                EXTI3_IRQHandler
                0x000000000800514c                EXTI0_IRQHandler
                0x000000000800514c                I2C2_EV_IRQHandler
                0x000000000800514c                ADC1_2_IRQHandler
                0x000000000800514c                SPI1_IRQHandler
                0x000000000800514c                TAMPER_IRQHandler
                0x000000000800514c                DMA1_Channel4_IRQHandler
                0x000000000800514c                RTC_IRQHandler
                0x000000000800514c                DMA1_Channel7_IRQHandler
                0x000000000800514c                CAN1_RX1_IRQHandler
                0x000000000800514c                TIM4_IRQHandler
                0x000000000800514c                I2C1_EV_IRQHandler
                0x000000000800514c                TIM3_IRQHandler
                0x000000000800514c                RCC_IRQHandler
                0x000000000800514c                TIM1_TRG_COM_IRQHandler
                0x000000000800514c                DMA1_Channel1_IRQHandler
                0x000000000800514c                Default_Handler
                0x000000000800514c                EXTI15_10_IRQHandler
                0x000000000800514c                EXTI9_5_IRQHandler
                0x000000000800514c                SPI2_IRQHandler
                0x000000000800514c                EXTI4_IRQHandler
                0x000000000800514c                USB_LP_CAN1_RX0_IRQHandler
                0x000000000800514c                USB_HP_CAN1_TX_IRQHandler
                0x000000000800514c                TIM1_UP_IRQHandler
                0x000000000800514c                WWDG_IRQHandler
                0x000000000800514c                TIM2_IRQHandler
                0x000000000800514c                TIM1_BRK_IRQHandler
                0x000000000800514c                EXTI1_IRQHandler
                0x000000000800514c                I2C2_ER_IRQHandler
                0x000000000800514c                DMA1_Channel2_IRQHandler
                0x000000000800514c                CAN1_SCE_IRQHandler
                0x000000000800514c                FLASH_IRQHandler
                0x000000000800514c                I2C1_ER_IRQHandler
                0x000000000800514c                USBWakeUp_IRQHandler
 *(.glue_7)
 .glue_7        0x000000000800514e        0x0 linker stubs
 *(.glue_7t)
 .glue_7t       0x000000000800514e        0x0 linker stubs
 *(.eh_frame)
 *fill*         0x000000000800514e        0x2 
 .eh_frame      0x0000000008005150        0x0 /usr/lib/gcc/arm-none-eabi/6.3.1/thumb/v7-m/crtbegin.o
 *(.init)
 .init          0x0000000008005150        0x4 /usr/lib/gcc/arm-none-eabi/6.3.1/thumb/v7-m/crti.o
                0x0000000008005150                _init
 .init          0x0000000008005154        0x8 /usr/lib/gcc/arm-none-eabi/6.3.1/thumb/v7-m/crtn.o
 *(.fini)
 .fini          0x000000000800515c        0x4 /usr/lib/gcc/arm-none-eabi/6.3.1/thumb/v7-m/crti.o
                0x000000000800515c                _fini
 .fini          0x0000000008005160        0x8 /usr/lib/gcc/arm-none-eabi/6.3.1/thumb/v7-m/crtn.o
                0x0000000008005168                . = ALIGN (0x4)
                0x0000000008005168                _etext = .

.vfp11_veneer   0x0000000008005168        0x0
 .vfp11_veneer  0x0000000008005168        0x0 linker stubs

.v4_bx          0x0000000008005168        0x0
 .v4_bx         0x0000000008005168        0x0 linker stubs

.iplt           0x0000000008005168        0x0
 .iplt          0x0000000008005168        0x0 /usr/lib/gcc/arm-none-eabi/6.3.1/thumb/v7-m/crtbegin.o

.rodata         0x0000000008005168      0x2f8
                0x0000000008005168                . = ALIGN (0x4)
 *(.rodata)
 .rodata        0x0000000008005168      0x28a build/radarandec20.o
 *fill*         0x00000000080053f2        0x2 
 .rodata        0x00000000080053f4       0x12 build/stm32f1xx_hal_rcc.o
 *(.rodata*)
 *fill*         0x0000000008005406        0x2 
 .rodata.AHBPrescTable
                0x0000000008005408       0x10 build/system_stm32f1xx.o
                0x0000000008005408                AHBPrescTable
 .rodata.APBPrescTable
                0x0000000008005418        0x8 build/system_stm32f1xx.o
                0x0000000008005418                APBPrescTable
 .rodata.str1.4
                0x0000000008005420        0x2 /usr/lib/gcc/arm-none-eabi/6.3.1/../../../arm-none-eabi/lib/thumb/v7-m/libc_nano.a(lib_a-impure.o)
 *fill*         0x0000000008005422        0x2 
 .rodata.str1.4
                0x0000000008005424       0x13 /usr/lib/gcc/arm-none-eabi/6.3.1/../../../arm-none-eabi/lib/thumb/v7-m/libc_nano.a(lib_a-nano-svfprintf.o)
 *fill*         0x0000000008005437        0x1 
 .rodata.str1.4
                0x0000000008005438       0x28 /usr/lib/gcc/arm-none-eabi/6.3.1/../../../arm-none-eabi/lib/thumb/v7-m/libc_nano.a(lib_a-nano-vfprintf_i.o)
                                         0x25 (size before relaxing)
                0x0000000008005460                . = ALIGN (0x4)

.rel.dyn        0x0000000008005460        0x0
 .rel.iplt      0x0000000008005460        0x0 /usr/lib/gcc/arm-none-eabi/6.3.1/thumb/v7-m/crtbegin.o

.ARM.extab
 *(.ARM.extab* .gnu.linkonce.armextab.*)

.ARM            0x0000000008005460        0x0
                0x0000000008005460                __exidx_start = .
 *(.ARM.exidx*)
                0x0000000008005460                __exidx_end = .

.preinit_array  0x0000000008005460        0x0
                0x0000000008005460                PROVIDE (__preinit_array_start, .)
 *(.preinit_array*)
                0x0000000008005460                PROVIDE (__preinit_array_end, .)

.init_array     0x0000000008005460        0x4
                0x0000000008005460                PROVIDE (__init_array_start, .)
 *(SORT(.init_array.*))
 *(.init_array*)
 .init_array    0x0000000008005460        0x4 /usr/lib/gcc/arm-none-eabi/6.3.1/thumb/v7-m/crtbegin.o
                0x0000000008005464                PROVIDE (__init_array_end, .)

.fini_array     0x0000000008005464        0x4
                0x0000000008005464                PROVIDE (__fini_array_start, .)
 *(SORT(.fini_array.*))
 *(.fini_array*)
 .fini_array    0x0000000008005464        0x4 /usr/lib/gcc/arm-none-eabi/6.3.1/thumb/v7-m/crtbegin.o
                0x0000000008005468                PROVIDE (__fini_array_end, .)
                0x0000000008005468                _sidata = LOADADDR (.data)

.data           0x0000000020000000       0xf8 load address 0x0000000008005468
                0x0000000020000000                . = ALIGN (0x4)
                0x0000000020000000                _sdata = .
 *(.data)
 .data          0x0000000020000000       0x64 /usr/lib/gcc/arm-none-eabi/6.3.1/../../../arm-none-eabi/lib/thumb/v7-m/libc_nano.a(lib_a-impure.o)
                0x0000000020000000                _impure_ptr
 *(.data*)
 .data.POLLTime
                0x0000000020000064        0x4 build/radarandec20.o
                0x0000000020000064                POLLTime
 .data.SendList
                0x0000000020000068       0x40 build/radarandec20.o
                0x0000000020000068                SendList
 .data.RecExpected
                0x00000000200000a8       0x44 build/radarandec20.o
                0x00000000200000a8                RecExpected
 .data.uwTickPrio
                0x00000000200000ec        0x4 build/stm32f1xx_hal.o
                0x00000000200000ec                uwTickPrio
 .data.uwTickFreq
                0x00000000200000f0        0x1 build/stm32f1xx_hal.o
                0x00000000200000f0                uwTickFreq
 *fill*         0x00000000200000f1        0x3 
 .data.SystemCoreClock
                0x00000000200000f4        0x4 build/system_stm32f1xx.o
                0x00000000200000f4                SystemCoreClock
                0x00000000200000f8                . = ALIGN (0x4)
                0x00000000200000f8                _edata = .

.jcr            0x00000000200000f8        0x0 load address 0x0000000008005560
 .jcr           0x00000000200000f8        0x0 /usr/lib/gcc/arm-none-eabi/6.3.1/thumb/v7-m/crtbegin.o

.tm_clone_table
                0x00000000200000f8        0x0 load address 0x0000000008005560
 .tm_clone_table
                0x00000000200000f8        0x0 /usr/lib/gcc/arm-none-eabi/6.3.1/thumb/v7-m/crtbegin.o
 .tm_clone_table
                0x00000000200000f8        0x0 /usr/lib/gcc/arm-none-eabi/6.3.1/thumb/v7-m/crtend.o

.igot.plt       0x00000000200000f8        0x0 load address 0x0000000008005560
 .igot.plt      0x00000000200000f8        0x0 /usr/lib/gcc/arm-none-eabi/6.3.1/thumb/v7-m/crtbegin.o
                0x00000000200000f8                . = ALIGN (0x4)

.bss            0x00000000200000f8      0x804 load address 0x0000000008005560
                0x00000000200000f8                _sbss = .
                0x00000000200000f8                __bss_start__ = _sbss
 *(.bss)
 .bss           0x00000000200000f8       0x1c /usr/lib/gcc/arm-none-eabi/6.3.1/thumb/v7-m/crtbegin.o
 .bss           0x0000000020000114        0x8 /usr/lib/gcc/arm-none-eabi/6.3.1/../../../arm-none-eabi/lib/thumb/v7-m/libc_nano.a(lib_a-nano-mallocr.o)
                0x0000000020000114                __malloc_free_list
                0x0000000020000118                __malloc_sbrk_start
 .bss           0x000000002000011c        0x4 /usr/lib/gcc/arm-none-eabi/6.3.1/../../../arm-none-eabi/lib/thumb/v7-m/libnosys.a(sbrk.o)
 *(.bss*)
 .bss.GpsRecFlag
                0x0000000020000120        0x1 build/radarandec20.o
                0x0000000020000120                GpsRecFlag
 .bss.CloudtriggerFlag
                0x0000000020000121        0x1 build/radarandec20.o
                0x0000000020000121                CloudtriggerFlag
 *fill*         0x0000000020000122        0x2 
 .bss.CloudtriggerTime
                0x0000000020000124        0x4 build/radarandec20.o
                0x0000000020000124                CloudtriggerTime
 .bss.PollTimeCnt
                0x0000000020000128        0x2 build/radarandec20.o
                0x0000000020000128                PollTimeCnt
 .bss.DMARxLenU2
                0x000000002000012a        0x2 build/radarandec20.o
                0x000000002000012a                DMARxLenU2
 .bss.rsRxIndexLen
                0x000000002000012c        0x4 build/radarandec20.o
                0x000000002000012c                rsRxIndexLen
 .bss.rsRxLen   0x0000000020000130        0x4 build/radarandec20.o
                0x0000000020000130                rsRxLen
 .bss.rsRxTime  0x0000000020000134        0x4 build/radarandec20.o
                0x0000000020000134                rsRxTime
 .bss.rsPackFlag
                0x0000000020000138        0x1 build/radarandec20.o
                0x0000000020000138                rsPackFlag
 .bss.rsRecFlag
                0x0000000020000139        0x1 build/radarandec20.o
                0x0000000020000139                rsRecFlag
 .bss.ProSta    0x000000002000013a        0x1 build/radarandec20.o
                0x000000002000013a                ProSta
 .bss.linkflagSta
                0x000000002000013b        0x1 build/radarandec20.o
                0x000000002000013b                linkflagSta
 .bss.CurStaSendCnt
                0x000000002000013c        0x1 build/radarandec20.o
                0x000000002000013c                CurStaSendCnt
 *fill*         0x000000002000013d        0x3 
 .bss.SendCntRecClear
                0x0000000020000140        0x4 build/radarandec20.o
                0x0000000020000140                SendCntRecClear
 .bss.SendGPSCnt
                0x0000000020000144        0x4 build/radarandec20.o
                0x0000000020000144                SendGPSCnt
 .bss.GPSStatFlag
                0x0000000020000148        0x1 build/radarandec20.o
                0x0000000020000148                GPSStatFlag
 *fill*         0x0000000020000149        0x3 
 .bss.msint     0x000000002000014c        0x4 build/radarandec20.o
                0x000000002000014c                msint
 .bss.danger_keep
                0x0000000020000150        0x1 build/radarandec20.o
                0x0000000020000150                danger_keep
 .bss.ready_2_warning
                0x0000000020000151        0x1 build/radarandec20.o
                0x0000000020000151                ready_2_warning
 .bss.waringtimeflag
                0x0000000020000152        0x1 build/radarandec20.o
                0x0000000020000152                waringtimeflag
 .bss.waringspeedflag
                0x0000000020000153        0x1 build/radarandec20.o
                0x0000000020000153                waringspeedflag
 .bss.waringtime
                0x0000000020000154        0x4 build/radarandec20.o
                0x0000000020000154                waringtime
 .bss.warning_ID
                0x0000000020000158        0x1 build/radarandec20.o
                0x0000000020000158                warning_ID
 *fill*         0x0000000020000159        0x1 
 .bss.ms10      0x000000002000015a        0x2 build/radarandec20.o
                0x000000002000015a                ms10
 .bss.warmSend  0x000000002000015c        0x4 build/radarandec20.o
                0x000000002000015c                warmSend
 .bss.warmnobeep
                0x0000000020000160        0x1 build/radarandec20.o
                0x0000000020000160                warmnobeep
 .bss.linkflag  0x0000000020000161        0x1 build/radarandec20.o
                0x0000000020000161                linkflag
 .bss.sendingflag
                0x0000000020000162        0x1 build/radarandec20.o
                0x0000000020000162                sendingflag
 *fill*         0x0000000020000163        0x1 
 .bss.simCnt    0x0000000020000164        0x4 build/radarandec20.o
                0x0000000020000164                simCnt
 .bss.readsxtioflag
                0x0000000020000168        0x1 build/radarandec20.o
                0x0000000020000168                readsxtioflag
 .bss.sendedflag
                0x0000000020000169        0x1 build/radarandec20.o
                0x0000000020000169                sendedflag
 .bss.warmonceflag
                0x000000002000016a        0x1 build/radarandec20.o
                0x000000002000016a                warmonceflag
 *fill*         0x000000002000016b        0x1 
 .bss.indx.7598
                0x000000002000016c        0x4 build/radarandec20.o
 .bss.initflag.7612
                0x0000000020000170        0x1 build/radarandec20.o
 .bss.sflagCnt.7056
                0x0000000020000171        0x1 build/u3radar.o
 *(COMMON)
 *fill*         0x0000000020000172        0x2 
 COMMON         0x0000000020000174      0x1ec build/main.o
                0x0000000020000174                hdma_usart2_rx
                0x00000000200001b8                hdma_usart3_rx
                0x00000000200001fc                huart3
                0x0000000020000240                hi2c1
                0x0000000020000294                hdma_usart1_rx
                0x00000000200002d8                huart1
                0x000000002000031c                huart2
 COMMON         0x0000000020000360      0x530 build/radarandec20.o
                0x0000000020000360                RxLenU3
                0x0000000020000364                sendbuf
                0x0000000020000464                SendID
                0x0000000020000468                RxBufferDMA
                0x00000000200004cc                txb
                0x00000000200004e0                u3rx
                0x0000000020000544                rsRxBuf
                0x000000002000060c                ec20heart
                0x0000000020000614                GSMinit
                0x0000000020000638                ec20send
                0x0000000020000680                pech20
                0x0000000020000684                gspdata
                0x0000000020000878                CpuID
                0x0000000020000884                lifetime_count
                0x0000000020000888                pec20
                0x000000002000088c                psend
 COMMON         0x0000000020000890       0x64 build/u1rs232.o
                0x0000000020000890                u1buf
 COMMON         0x00000000200008f4        0x4 build/stm32f1xx_hal.o
                0x00000000200008f4                uwTick
 COMMON         0x00000000200008f8        0x4 /usr/lib/gcc/arm-none-eabi/6.3.1/../../../arm-none-eabi/lib/thumb/v7-m/libc_nano.a(lib_a-reent.o)
                0x00000000200008f8                errno
                0x00000000200008fc                . = ALIGN (0x4)
                0x00000000200008fc                _ebss = .
                0x00000000200008fc                __bss_end__ = _ebss

._user_heap_stack
                0x00000000200008fc      0x604 load address 0x0000000008005560
                0x0000000020000900                . = ALIGN (0x8)
 *fill*         0x00000000200008fc        0x4 
                0x0000000020000900                PROVIDE (end, .)
                [!provide]                        PROVIDE (_end, .)
                0x0000000020000b00                . = (. + _Min_Heap_Size)
 *fill*         0x0000000020000900      0x200 
                0x0000000020000f00                . = (. + _Min_Stack_Size)
 *fill*         0x0000000020000b00      0x400 
                0x0000000020000f00                . = ALIGN (0x8)

/DISCARD/
 libc.a(*)
 libm.a(*)
 libgcc.a(*)

.ARM.attributes
                0x0000000000000000       0x29
 *(.ARM.attributes)
 .ARM.attributes
                0x0000000000000000       0x1d /usr/lib/gcc/arm-none-eabi/6.3.1/thumb/v7-m/crti.o
 .ARM.attributes
                0x000000000000001d       0x2d /usr/lib/gcc/arm-none-eabi/6.3.1/thumb/v7-m/crtbegin.o
 .ARM.attributes
                0x000000000000004a       0x33 build/main.o
 .ARM.attributes
                0x000000000000007d       0x33 build/oled.o
 .ARM.attributes
                0x00000000000000b0       0x33 build/radarandec20.o
 .ARM.attributes
                0x00000000000000e3       0x33 build/u1rs232.o
 .ARM.attributes
                0x0000000000000116       0x33 build/u2ec20.o
 .ARM.attributes
                0x0000000000000149       0x33 build/u3radar.o
 .ARM.attributes
                0x000000000000017c       0x33 build/stm32f1xx_it.o
 .ARM.attributes
                0x00000000000001af       0x33 build/stm32f1xx_hal_msp.o
 .ARM.attributes
                0x00000000000001e2       0x33 build/stm32f1xx_hal_i2c.o
 .ARM.attributes
                0x0000000000000215       0x33 build/stm32f1xx_hal.o
 .ARM.attributes
                0x0000000000000248       0x33 build/stm32f1xx_hal_rcc.o
 .ARM.attributes
                0x000000000000027b       0x33 build/stm32f1xx_hal_gpio.o
 .ARM.attributes
                0x00000000000002ae       0x33 build/stm32f1xx_hal_dma.o
 .ARM.attributes
                0x00000000000002e1       0x33 build/stm32f1xx_hal_cortex.o
 .ARM.attributes
                0x0000000000000314       0x33 build/stm32f1xx_hal_uart.o
 .ARM.attributes
                0x0000000000000347       0x33 build/system_stm32f1xx.o
 .ARM.attributes
                0x000000000000037a       0x21 build/startup_stm32f103xb.o
 .ARM.attributes
                0x000000000000039b       0x2d /usr/lib/gcc/arm-none-eabi/6.3.1/../../../arm-none-eabi/lib/thumb/v7-m/libc_nano.a(lib_a-impure.o)
 .ARM.attributes
                0x00000000000003c8       0x2d /usr/lib/gcc/arm-none-eabi/6.3.1/../../../arm-none-eabi/lib/thumb/v7-m/libc_nano.a(lib_a-init.o)
 .ARM.attributes
                0x00000000000003f5       0x1b /usr/lib/gcc/arm-none-eabi/6.3.1/../../../arm-none-eabi/lib/thumb/v7-m/libc_nano.a(lib_a-memcpy.o)
 .ARM.attributes
                0x0000000000000410       0x2d /usr/lib/gcc/arm-none-eabi/6.3.1/../../../arm-none-eabi/lib/thumb/v7-m/libc_nano.a(lib_a-memset.o)
 .ARM.attributes
                0x000000000000043d       0x2d /usr/lib/gcc/arm-none-eabi/6.3.1/../../../arm-none-eabi/lib/thumb/v7-m/libc_nano.a(lib_a-sprintf.o)
 .ARM.attributes
                0x000000000000046a       0x2d /usr/lib/gcc/arm-none-eabi/6.3.1/../../../arm-none-eabi/lib/thumb/v7-m/libc_nano.a(lib_a-strlen-stub.o)
 .ARM.attributes
                0x0000000000000497       0x2d /usr/lib/gcc/arm-none-eabi/6.3.1/../../../arm-none-eabi/lib/thumb/v7-m/libc_nano.a(lib_a-strstr.o)
 .ARM.attributes
                0x00000000000004c4       0x2d /usr/lib/gcc/arm-none-eabi/6.3.1/../../../arm-none-eabi/lib/thumb/v7-m/libc_nano.a(lib_a-memchr-stub.o)
 .ARM.attributes
                0x00000000000004f1       0x2d /usr/lib/gcc/arm-none-eabi/6.3.1/../../../arm-none-eabi/lib/thumb/v7-m/libc_nano.a(lib_a-memcmp.o)
 .ARM.attributes
                0x000000000000051e       0x2d /usr/lib/gcc/arm-none-eabi/6.3.1/../../../arm-none-eabi/lib/thumb/v7-m/libc_nano.a(lib_a-nano-svfprintf.o)
 .ARM.attributes
                0x000000000000054b       0x2d /usr/lib/gcc/arm-none-eabi/6.3.1/../../../arm-none-eabi/lib/thumb/v7-m/libc_nano.a(lib_a-nano-vfprintf_i.o)
 .ARM.attributes
                0x0000000000000578       0x2d /usr/lib/gcc/arm-none-eabi/6.3.1/../../../arm-none-eabi/lib/thumb/v7-m/libc_nano.a(lib_a-strchr.o)
 .ARM.attributes
                0x00000000000005a5       0x2d /usr/lib/gcc/arm-none-eabi/6.3.1/../../../arm-none-eabi/lib/thumb/v7-m/libc_nano.a(lib_a-memmove.o)
 .ARM.attributes
                0x00000000000005d2       0x2d /usr/lib/gcc/arm-none-eabi/6.3.1/../../../arm-none-eabi/lib/thumb/v7-m/libc_nano.a(lib_a-nano-freer.o)
 .ARM.attributes
                0x00000000000005ff       0x2d /usr/lib/gcc/arm-none-eabi/6.3.1/../../../arm-none-eabi/lib/thumb/v7-m/libc_nano.a(lib_a-nano-mallocr.o)
 .ARM.attributes
                0x000000000000062c       0x2d /usr/lib/gcc/arm-none-eabi/6.3.1/../../../arm-none-eabi/lib/thumb/v7-m/libc_nano.a(lib_a-nano-reallocr.o)
 .ARM.attributes
                0x0000000000000659       0x2d /usr/lib/gcc/arm-none-eabi/6.3.1/../../../arm-none-eabi/lib/thumb/v7-m/libc_nano.a(lib_a-sbrkr.o)
 .ARM.attributes
                0x0000000000000686       0x2d /usr/lib/gcc/arm-none-eabi/6.3.1/../../../arm-none-eabi/lib/thumb/v7-m/libc_nano.a(lib_a-nano-msizer.o)
 .ARM.attributes
                0x00000000000006b3       0x2d /usr/lib/gcc/arm-none-eabi/6.3.1/../../../arm-none-eabi/lib/thumb/v7-m/libc_nano.a(lib_a-reent.o)
 .ARM.attributes
                0x00000000000006e0       0x2d /usr/lib/gcc/arm-none-eabi/6.3.1/../../../arm-none-eabi/lib/thumb/v7-m/libnosys.a(sbrk.o)
 .ARM.attributes
                0x000000000000070d       0x2d /usr/lib/gcc/arm-none-eabi/6.3.1/thumb/v7-m/crtend.o
 .ARM.attributes
                0x000000000000073a       0x1d /usr/lib/gcc/arm-none-eabi/6.3.1/thumb/v7-m/crtn.o
OUTPUT(build/EC20103RB.elf elf32-littlearm)

.comment        0x0000000000000000       0x31
 .comment       0x0000000000000000       0x31 /usr/lib/gcc/arm-none-eabi/6.3.1/thumb/v7-m/crtbegin.o
                                         0x32 (size before relaxing)
 .comment       0x0000000000000031       0x32 build/main.o
 .comment       0x0000000000000031       0x32 build/oled.o
 .comment       0x0000000000000031       0x32 build/radarandec20.o
 .comment       0x0000000000000031       0x32 build/u1rs232.o
 .comment       0x0000000000000031       0x32 build/u2ec20.o
 .comment       0x0000000000000031       0x32 build/u3radar.o
 .comment       0x0000000000000031       0x32 build/stm32f1xx_it.o
 .comment       0x0000000000000031       0x32 build/stm32f1xx_hal_msp.o
 .comment       0x0000000000000031       0x32 build/stm32f1xx_hal_i2c.o
 .comment       0x0000000000000031       0x32 build/stm32f1xx_hal.o
 .comment       0x0000000000000031       0x32 build/stm32f1xx_hal_rcc.o
 .comment       0x0000000000000031       0x32 build/stm32f1xx_hal_gpio.o
 .comment       0x0000000000000031       0x32 build/stm32f1xx_hal_dma.o
 .comment       0x0000000000000031       0x32 build/stm32f1xx_hal_cortex.o
 .comment       0x0000000000000031       0x32 build/stm32f1xx_hal_uart.o
 .comment       0x0000000000000031       0x32 build/system_stm32f1xx.o
 .comment       0x0000000000000031       0x32 /usr/lib/gcc/arm-none-eabi/6.3.1/../../../arm-none-eabi/lib/thumb/v7-m/libc_nano.a(lib_a-impure.o)
 .comment       0x0000000000000031       0x32 /usr/lib/gcc/arm-none-eabi/6.3.1/../../../arm-none-eabi/lib/thumb/v7-m/libc_nano.a(lib_a-init.o)
 .comment       0x0000000000000031       0x32 /usr/lib/gcc/arm-none-eabi/6.3.1/../../../arm-none-eabi/lib/thumb/v7-m/libc_nano.a(lib_a-memset.o)
 .comment       0x0000000000000031       0x32 /usr/lib/gcc/arm-none-eabi/6.3.1/../../../arm-none-eabi/lib/thumb/v7-m/libc_nano.a(lib_a-sprintf.o)
 .comment       0x0000000000000031       0x32 /usr/lib/gcc/arm-none-eabi/6.3.1/../../../arm-none-eabi/lib/thumb/v7-m/libc_nano.a(lib_a-strlen-stub.o)
 .comment       0x0000000000000031       0x32 /usr/lib/gcc/arm-none-eabi/6.3.1/../../../arm-none-eabi/lib/thumb/v7-m/libc_nano.a(lib_a-strstr.o)
 .comment       0x0000000000000031       0x32 /usr/lib/gcc/arm-none-eabi/6.3.1/../../../arm-none-eabi/lib/thumb/v7-m/libc_nano.a(lib_a-memchr-stub.o)
 .comment       0x0000000000000031       0x32 /usr/lib/gcc/arm-none-eabi/6.3.1/../../../arm-none-eabi/lib/thumb/v7-m/libc_nano.a(lib_a-memcmp.o)
 .comment       0x0000000000000031       0x32 /usr/lib/gcc/arm-none-eabi/6.3.1/../../../arm-none-eabi/lib/thumb/v7-m/libc_nano.a(lib_a-nano-svfprintf.o)
 .comment       0x0000000000000031       0x32 /usr/lib/gcc/arm-none-eabi/6.3.1/../../../arm-none-eabi/lib/thumb/v7-m/libc_nano.a(lib_a-nano-vfprintf_i.o)
 .comment       0x0000000000000031       0x32 /usr/lib/gcc/arm-none-eabi/6.3.1/../../../arm-none-eabi/lib/thumb/v7-m/libc_nano.a(lib_a-strchr.o)
 .comment       0x0000000000000031       0x32 /usr/lib/gcc/arm-none-eabi/6.3.1/../../../arm-none-eabi/lib/thumb/v7-m/libc_nano.a(lib_a-memmove.o)
 .comment       0x0000000000000031       0x32 /usr/lib/gcc/arm-none-eabi/6.3.1/../../../arm-none-eabi/lib/thumb/v7-m/libc_nano.a(lib_a-nano-freer.o)
 .comment       0x0000000000000031       0x32 /usr/lib/gcc/arm-none-eabi/6.3.1/../../../arm-none-eabi/lib/thumb/v7-m/libc_nano.a(lib_a-nano-mallocr.o)
 .comment       0x0000000000000031       0x32 /usr/lib/gcc/arm-none-eabi/6.3.1/../../../arm-none-eabi/lib/thumb/v7-m/libc_nano.a(lib_a-nano-reallocr.o)
 .comment       0x0000000000000031       0x32 /usr/lib/gcc/arm-none-eabi/6.3.1/../../../arm-none-eabi/lib/thumb/v7-m/libc_nano.a(lib_a-sbrkr.o)
 .comment       0x0000000000000031       0x32 /usr/lib/gcc/arm-none-eabi/6.3.1/../../../arm-none-eabi/lib/thumb/v7-m/libc_nano.a(lib_a-nano-msizer.o)
 .comment       0x0000000000000031       0x32 /usr/lib/gcc/arm-none-eabi/6.3.1/../../../arm-none-eabi/lib/thumb/v7-m/libc_nano.a(lib_a-reent.o)
 .comment       0x0000000000000031       0x32 /usr/lib/gcc/arm-none-eabi/6.3.1/../../../arm-none-eabi/lib/thumb/v7-m/libnosys.a(sbrk.o)
 .comment       0x0000000000000031       0x32 /usr/lib/gcc/arm-none-eabi/6.3.1/thumb/v7-m/crtend.o

.debug_info     0x0000000000000000    0x1d52c
 .debug_info    0x0000000000000000     0x1b11 build/main.o
 .debug_info    0x0000000000001b11     0x1a9c build/oled.o
 .debug_info    0x00000000000035ad     0x1d8b build/radarandec20.o
 .debug_info    0x0000000000005338     0x1304 build/u1rs232.o
 .debug_info    0x000000000000663c     0x1308 build/u2ec20.o
 .debug_info    0x0000000000007944     0x12e8 build/u3radar.o
 .debug_info    0x0000000000008c2c     0x1468 build/stm32f1xx_it.o
 .debug_info    0x000000000000a094      0xe6a build/stm32f1xx_hal_msp.o
 .debug_info    0x000000000000aefe     0x276a build/stm32f1xx_hal_i2c.o
 .debug_info    0x000000000000d668      0x7d5 build/stm32f1xx_hal.o
 .debug_info    0x000000000000de3d      0x8ca build/stm32f1xx_hal_rcc.o
 .debug_info    0x000000000000e707      0x715 build/stm32f1xx_hal_gpio.o
 .debug_info    0x000000000000ee1c      0x833 build/stm32f1xx_hal_dma.o
 .debug_info    0x000000000000f64f      0xc39 build/stm32f1xx_hal_cortex.o
 .debug_info    0x0000000000010288     0x1688 build/stm32f1xx_hal_uart.o
 .debug_info    0x0000000000011910      0x2cb build/system_stm32f1xx.o
 .debug_info    0x0000000000011bdb       0x4d build/startup_stm32f103xb.o
 .debug_info    0x0000000000011c28      0x8a0 /usr/lib/gcc/arm-none-eabi/6.3.1/../../../arm-none-eabi/lib/thumb/v7-m/libc_nano.a(lib_a-impure.o)
 .debug_info    0x00000000000124c8      0x110 /usr/lib/gcc/arm-none-eabi/6.3.1/../../../arm-none-eabi/lib/thumb/v7-m/libc_nano.a(lib_a-init.o)
 .debug_info    0x00000000000125d8       0xcd /usr/lib/gcc/arm-none-eabi/6.3.1/../../../arm-none-eabi/lib/thumb/v7-m/libc_nano.a(lib_a-memcpy.o)
 .debug_info    0x00000000000126a5      0x916 /usr/lib/gcc/arm-none-eabi/6.3.1/../../../arm-none-eabi/lib/thumb/v7-m/libc_nano.a(lib_a-memset.o)
 .debug_info    0x0000000000012fbb      0xbcb /usr/lib/gcc/arm-none-eabi/6.3.1/../../../arm-none-eabi/lib/thumb/v7-m/libc_nano.a(lib_a-sprintf.o)
 .debug_info    0x0000000000013b86      0x8b1 /usr/lib/gcc/arm-none-eabi/6.3.1/../../../arm-none-eabi/lib/thumb/v7-m/libc_nano.a(lib_a-strlen-stub.o)
 .debug_info    0x0000000000014437      0xca7 /usr/lib/gcc/arm-none-eabi/6.3.1/../../../arm-none-eabi/lib/thumb/v7-m/libc_nano.a(lib_a-strstr.o)
 .debug_info    0x00000000000150de      0x930 /usr/lib/gcc/arm-none-eabi/6.3.1/../../../arm-none-eabi/lib/thumb/v7-m/libc_nano.a(lib_a-memchr-stub.o)
 .debug_info    0x0000000000015a0e      0x914 /usr/lib/gcc/arm-none-eabi/6.3.1/../../../arm-none-eabi/lib/thumb/v7-m/libc_nano.a(lib_a-memcmp.o)
 .debug_info    0x0000000000016322     0x11b2 /usr/lib/gcc/arm-none-eabi/6.3.1/../../../arm-none-eabi/lib/thumb/v7-m/libc_nano.a(lib_a-nano-svfprintf.o)
 .debug_info    0x00000000000174d4      0xfb4 /usr/lib/gcc/arm-none-eabi/6.3.1/../../../arm-none-eabi/lib/thumb/v7-m/libc_nano.a(lib_a-nano-vfprintf_i.o)
 .debug_info    0x0000000000018488      0x90c /usr/lib/gcc/arm-none-eabi/6.3.1/../../../arm-none-eabi/lib/thumb/v7-m/libc_nano.a(lib_a-strchr.o)
 .debug_info    0x0000000000018d94      0x925 /usr/lib/gcc/arm-none-eabi/6.3.1/../../../arm-none-eabi/lib/thumb/v7-m/libc_nano.a(lib_a-memmove.o)
 .debug_info    0x00000000000196b9      0xa51 /usr/lib/gcc/arm-none-eabi/6.3.1/../../../arm-none-eabi/lib/thumb/v7-m/libc_nano.a(lib_a-nano-freer.o)
 .debug_info    0x000000000001a10a      0xb1f /usr/lib/gcc/arm-none-eabi/6.3.1/../../../arm-none-eabi/lib/thumb/v7-m/libc_nano.a(lib_a-nano-mallocr.o)
 .debug_info    0x000000000001ac29      0xac0 /usr/lib/gcc/arm-none-eabi/6.3.1/../../../arm-none-eabi/lib/thumb/v7-m/libc_nano.a(lib_a-nano-reallocr.o)
 .debug_info    0x000000000001b6e9      0x955 /usr/lib/gcc/arm-none-eabi/6.3.1/../../../arm-none-eabi/lib/thumb/v7-m/libc_nano.a(lib_a-sbrkr.o)
 .debug_info    0x000000000001c03e      0x9f7 /usr/lib/gcc/arm-none-eabi/6.3.1/../../../arm-none-eabi/lib/thumb/v7-m/libc_nano.a(lib_a-nano-msizer.o)
 .debug_info    0x000000000001ca35      0xa67 /usr/lib/gcc/arm-none-eabi/6.3.1/../../../arm-none-eabi/lib/thumb/v7-m/libc_nano.a(lib_a-reent.o)
 .debug_info    0x000000000001d49c       0x90 /usr/lib/gcc/arm-none-eabi/6.3.1/../../../arm-none-eabi/lib/thumb/v7-m/libnosys.a(sbrk.o)

.debug_abbrev   0x0000000000000000     0x44d2
 .debug_abbrev  0x0000000000000000      0x281 build/main.o
 .debug_abbrev  0x0000000000000281      0x2e9 build/oled.o
 .debug_abbrev  0x000000000000056a      0x300 build/radarandec20.o
 .debug_abbrev  0x000000000000086a      0x227 build/u1rs232.o
 .debug_abbrev  0x0000000000000a91      0x216 build/u2ec20.o
 .debug_abbrev  0x0000000000000ca7      0x207 build/u3radar.o
 .debug_abbrev  0x0000000000000eae      0x1ed build/stm32f1xx_it.o
 .debug_abbrev  0x000000000000109b      0x1ca build/stm32f1xx_hal_msp.o
 .debug_abbrev  0x0000000000001265      0x255 build/stm32f1xx_hal_i2c.o
 .debug_abbrev  0x00000000000014ba      0x1c4 build/stm32f1xx_hal.o
 .debug_abbrev  0x000000000000167e      0x240 build/stm32f1xx_hal_rcc.o
 .debug_abbrev  0x00000000000018be      0x1bd build/stm32f1xx_hal_gpio.o
 .debug_abbrev  0x0000000000001a7b      0x1fb build/stm32f1xx_hal_dma.o
 .debug_abbrev  0x0000000000001c76      0x2b4 build/stm32f1xx_hal_cortex.o
 .debug_abbrev  0x0000000000001f2a      0x25a build/stm32f1xx_hal_uart.o
 .debug_abbrev  0x0000000000002184      0x131 build/system_stm32f1xx.o
 .debug_abbrev  0x00000000000022b5       0x12 build/startup_stm32f103xb.o
 .debug_abbrev  0x00000000000022c7      0x153 /usr/lib/gcc/arm-none-eabi/6.3.1/../../../arm-none-eabi/lib/thumb/v7-m/libc_nano.a(lib_a-impure.o)
 .debug_abbrev  0x000000000000241a       0xba /usr/lib/gcc/arm-none-eabi/6.3.1/../../../arm-none-eabi/lib/thumb/v7-m/libc_nano.a(lib_a-init.o)
 .debug_abbrev  0x00000000000024d4       0x14 /usr/lib/gcc/arm-none-eabi/6.3.1/../../../arm-none-eabi/lib/thumb/v7-m/libc_nano.a(lib_a-memcpy.o)
 .debug_abbrev  0x00000000000024e8      0x197 /usr/lib/gcc/arm-none-eabi/6.3.1/../../../arm-none-eabi/lib/thumb/v7-m/libc_nano.a(lib_a-memset.o)
 .debug_abbrev  0x000000000000267f      0x217 /usr/lib/gcc/arm-none-eabi/6.3.1/../../../arm-none-eabi/lib/thumb/v7-m/libc_nano.a(lib_a-sprintf.o)
 .debug_abbrev  0x0000000000002896      0x168 /usr/lib/gcc/arm-none-eabi/6.3.1/../../../arm-none-eabi/lib/thumb/v7-m/libc_nano.a(lib_a-strlen-stub.o)
 .debug_abbrev  0x00000000000029fe      0x2b7 /usr/lib/gcc/arm-none-eabi/6.3.1/../../../arm-none-eabi/lib/thumb/v7-m/libc_nano.a(lib_a-strstr.o)
 .debug_abbrev  0x0000000000002cb5      0x19c /usr/lib/gcc/arm-none-eabi/6.3.1/../../../arm-none-eabi/lib/thumb/v7-m/libc_nano.a(lib_a-memchr-stub.o)
 .debug_abbrev  0x0000000000002e51      0x17e /usr/lib/gcc/arm-none-eabi/6.3.1/../../../arm-none-eabi/lib/thumb/v7-m/libc_nano.a(lib_a-memcmp.o)
 .debug_abbrev  0x0000000000002fcf      0x2d7 /usr/lib/gcc/arm-none-eabi/6.3.1/../../../arm-none-eabi/lib/thumb/v7-m/libc_nano.a(lib_a-nano-svfprintf.o)
 .debug_abbrev  0x00000000000032a6      0x27c /usr/lib/gcc/arm-none-eabi/6.3.1/../../../arm-none-eabi/lib/thumb/v7-m/libc_nano.a(lib_a-nano-vfprintf_i.o)
 .debug_abbrev  0x0000000000003522      0x188 /usr/lib/gcc/arm-none-eabi/6.3.1/../../../arm-none-eabi/lib/thumb/v7-m/libc_nano.a(lib_a-strchr.o)
 .debug_abbrev  0x00000000000036aa      0x19c /usr/lib/gcc/arm-none-eabi/6.3.1/../../../arm-none-eabi/lib/thumb/v7-m/libc_nano.a(lib_a-memmove.o)
 .debug_abbrev  0x0000000000003846      0x1ef /usr/lib/gcc/arm-none-eabi/6.3.1/../../../arm-none-eabi/lib/thumb/v7-m/libc_nano.a(lib_a-nano-freer.o)
 .debug_abbrev  0x0000000000003a35      0x274 /usr/lib/gcc/arm-none-eabi/6.3.1/../../../arm-none-eabi/lib/thumb/v7-m/libc_nano.a(lib_a-nano-mallocr.o)
 .debug_abbrev  0x0000000000003ca9      0x1ee /usr/lib/gcc/arm-none-eabi/6.3.1/../../../arm-none-eabi/lib/thumb/v7-m/libc_nano.a(lib_a-nano-reallocr.o)
 .debug_abbrev  0x0000000000003e97      0x1d6 /usr/lib/gcc/arm-none-eabi/6.3.1/../../../arm-none-eabi/lib/thumb/v7-m/libc_nano.a(lib_a-sbrkr.o)
 .debug_abbrev  0x000000000000406d      0x1ab /usr/lib/gcc/arm-none-eabi/6.3.1/../../../arm-none-eabi/lib/thumb/v7-m/libc_nano.a(lib_a-nano-msizer.o)
 .debug_abbrev  0x0000000000004218      0x228 /usr/lib/gcc/arm-none-eabi/6.3.1/../../../arm-none-eabi/lib/thumb/v7-m/libc_nano.a(lib_a-reent.o)
 .debug_abbrev  0x0000000000004440       0x92 /usr/lib/gcc/arm-none-eabi/6.3.1/../../../arm-none-eabi/lib/thumb/v7-m/libnosys.a(sbrk.o)

.debug_loc      0x0000000000000000     0x87ad
 .debug_loc     0x0000000000000000      0x212 build/main.o
 .debug_loc     0x0000000000000212      0x4e4 build/oled.o
 .debug_loc     0x00000000000006f6      0x32c build/radarandec20.o
 .debug_loc     0x0000000000000a22       0xcc build/u1rs232.o
 .debug_loc     0x0000000000000aee       0xcc build/u2ec20.o
 .debug_loc     0x0000000000000bba       0x7c build/u3radar.o
 .debug_loc     0x0000000000000c36      0x2f4 build/stm32f1xx_it.o
 .debug_loc     0x0000000000000f2a      0x19c build/stm32f1xx_hal_msp.o
 .debug_loc     0x00000000000010c6     0x1af6 build/stm32f1xx_hal_i2c.o
 .debug_loc     0x0000000000002bbc      0x698 build/stm32f1xx_hal.o
 .debug_loc     0x0000000000003254      0x444 build/stm32f1xx_hal_rcc.o
 .debug_loc     0x0000000000003698      0x2d4 build/stm32f1xx_hal_gpio.o
 .debug_loc     0x000000000000396c      0x470 build/stm32f1xx_hal_dma.o
 .debug_loc     0x0000000000003ddc      0x8f8 build/stm32f1xx_hal_cortex.o
 .debug_loc     0x00000000000046d4     0x143c build/stm32f1xx_hal_uart.o
 .debug_loc     0x0000000000005b10       0xa0 build/system_stm32f1xx.o
 .debug_loc     0x0000000000005bb0       0xae /usr/lib/gcc/arm-none-eabi/6.3.1/../../../arm-none-eabi/lib/thumb/v7-m/libc_nano.a(lib_a-init.o)
 .debug_loc     0x0000000000005c5e      0x1bd /usr/lib/gcc/arm-none-eabi/6.3.1/../../../arm-none-eabi/lib/thumb/v7-m/libc_nano.a(lib_a-memset.o)
 .debug_loc     0x0000000000005e1b       0x91 /usr/lib/gcc/arm-none-eabi/6.3.1/../../../arm-none-eabi/lib/thumb/v7-m/libc_nano.a(lib_a-sprintf.o)
 .debug_loc     0x0000000000005eac       0x21 /usr/lib/gcc/arm-none-eabi/6.3.1/../../../arm-none-eabi/lib/thumb/v7-m/libc_nano.a(lib_a-strlen-stub.o)
 .debug_loc     0x0000000000005ecd      0xb06 /usr/lib/gcc/arm-none-eabi/6.3.1/../../../arm-none-eabi/lib/thumb/v7-m/libc_nano.a(lib_a-strstr.o)
 .debug_loc     0x00000000000069d3      0x202 /usr/lib/gcc/arm-none-eabi/6.3.1/../../../arm-none-eabi/lib/thumb/v7-m/libc_nano.a(lib_a-memchr-stub.o)
 .debug_loc     0x0000000000006bd5      0x18a /usr/lib/gcc/arm-none-eabi/6.3.1/../../../arm-none-eabi/lib/thumb/v7-m/libc_nano.a(lib_a-memcmp.o)
 .debug_loc     0x0000000000006d5f      0x6cb /usr/lib/gcc/arm-none-eabi/6.3.1/../../../arm-none-eabi/lib/thumb/v7-m/libc_nano.a(lib_a-nano-svfprintf.o)
 .debug_loc     0x000000000000742a      0x67f /usr/lib/gcc/arm-none-eabi/6.3.1/../../../arm-none-eabi/lib/thumb/v7-m/libc_nano.a(lib_a-nano-vfprintf_i.o)
 .debug_loc     0x0000000000007aa9      0x25d /usr/lib/gcc/arm-none-eabi/6.3.1/../../../arm-none-eabi/lib/thumb/v7-m/libc_nano.a(lib_a-strchr.o)
 .debug_loc     0x0000000000007d06      0x281 /usr/lib/gcc/arm-none-eabi/6.3.1/../../../arm-none-eabi/lib/thumb/v7-m/libc_nano.a(lib_a-memmove.o)
 .debug_loc     0x0000000000007f87      0x140 /usr/lib/gcc/arm-none-eabi/6.3.1/../../../arm-none-eabi/lib/thumb/v7-m/libc_nano.a(lib_a-nano-freer.o)
 .debug_loc     0x00000000000080c7      0x378 /usr/lib/gcc/arm-none-eabi/6.3.1/../../../arm-none-eabi/lib/thumb/v7-m/libc_nano.a(lib_a-nano-mallocr.o)
 .debug_loc     0x000000000000843f      0x185 /usr/lib/gcc/arm-none-eabi/6.3.1/../../../arm-none-eabi/lib/thumb/v7-m/libc_nano.a(lib_a-nano-reallocr.o)
 .debug_loc     0x00000000000085c4       0x4d /usr/lib/gcc/arm-none-eabi/6.3.1/../../../arm-none-eabi/lib/thumb/v7-m/libc_nano.a(lib_a-sbrkr.o)
 .debug_loc     0x0000000000008611       0x78 /usr/lib/gcc/arm-none-eabi/6.3.1/../../../arm-none-eabi/lib/thumb/v7-m/libc_nano.a(lib_a-nano-msizer.o)
 .debug_loc     0x0000000000008689       0xec /usr/lib/gcc/arm-none-eabi/6.3.1/../../../arm-none-eabi/lib/thumb/v7-m/libc_nano.a(lib_a-reent.o)
 .debug_loc     0x0000000000008775       0x38 /usr/lib/gcc/arm-none-eabi/6.3.1/../../../arm-none-eabi/lib/thumb/v7-m/libnosys.a(sbrk.o)

.debug_aranges  0x0000000000000000      0xd70
 .debug_aranges
                0x0000000000000000       0x60 build/main.o
 .debug_aranges
                0x0000000000000060       0xa0 build/oled.o
 .debug_aranges
                0x0000000000000100       0x68 build/radarandec20.o
 .debug_aranges
                0x0000000000000168       0x30 build/u1rs232.o
 .debug_aranges
                0x0000000000000198       0x30 build/u2ec20.o
 .debug_aranges
                0x00000000000001c8       0x28 build/u3radar.o
 .debug_aranges
                0x00000000000001f0       0x90 build/stm32f1xx_it.o
 .debug_aranges
                0x0000000000000280       0x40 build/stm32f1xx_hal_msp.o
 .debug_aranges
                0x00000000000002c0      0x2a0 build/stm32f1xx_hal_i2c.o
 .debug_aranges
                0x0000000000000560       0xe0 build/stm32f1xx_hal.o
 .debug_aranges
                0x0000000000000640       0x90 build/stm32f1xx_hal_rcc.o
 .debug_aranges
                0x00000000000006d0       0x58 build/stm32f1xx_hal_gpio.o
 .debug_aranges
                0x0000000000000728       0x80 build/stm32f1xx_hal_dma.o
 .debug_aranges
                0x00000000000007a8      0x100 build/stm32f1xx_hal_cortex.o
 .debug_aranges
                0x00000000000008a8      0x200 build/stm32f1xx_hal_uart.o
 .debug_aranges
                0x0000000000000aa8       0x28 build/system_stm32f1xx.o
 .debug_aranges
                0x0000000000000ad0       0x28 build/startup_stm32f103xb.o
 .debug_aranges
                0x0000000000000af8       0x18 /usr/lib/gcc/arm-none-eabi/6.3.1/../../../arm-none-eabi/lib/thumb/v7-m/libc_nano.a(lib_a-impure.o)
 .debug_aranges
                0x0000000000000b10       0x20 /usr/lib/gcc/arm-none-eabi/6.3.1/../../../arm-none-eabi/lib/thumb/v7-m/libc_nano.a(lib_a-init.o)
 .debug_aranges
                0x0000000000000b30       0x20 /usr/lib/gcc/arm-none-eabi/6.3.1/../../../arm-none-eabi/lib/thumb/v7-m/libc_nano.a(lib_a-memcpy.o)
 .debug_aranges
                0x0000000000000b50       0x20 /usr/lib/gcc/arm-none-eabi/6.3.1/../../../arm-none-eabi/lib/thumb/v7-m/libc_nano.a(lib_a-memset.o)
 .debug_aranges
                0x0000000000000b70       0x20 /usr/lib/gcc/arm-none-eabi/6.3.1/../../../arm-none-eabi/lib/thumb/v7-m/libc_nano.a(lib_a-sprintf.o)
 .debug_aranges
                0x0000000000000b90       0x20 /usr/lib/gcc/arm-none-eabi/6.3.1/../../../arm-none-eabi/lib/thumb/v7-m/libc_nano.a(lib_a-strlen-stub.o)
 .debug_aranges
                0x0000000000000bb0       0x20 /usr/lib/gcc/arm-none-eabi/6.3.1/../../../arm-none-eabi/lib/thumb/v7-m/libc_nano.a(lib_a-strstr.o)
 .debug_aranges
                0x0000000000000bd0       0x20 /usr/lib/gcc/arm-none-eabi/6.3.1/../../../arm-none-eabi/lib/thumb/v7-m/libc_nano.a(lib_a-memchr-stub.o)
 .debug_aranges
                0x0000000000000bf0       0x20 /usr/lib/gcc/arm-none-eabi/6.3.1/../../../arm-none-eabi/lib/thumb/v7-m/libc_nano.a(lib_a-memcmp.o)
 .debug_aranges
                0x0000000000000c10       0x20 /usr/lib/gcc/arm-none-eabi/6.3.1/../../../arm-none-eabi/lib/thumb/v7-m/libc_nano.a(lib_a-nano-svfprintf.o)
 .debug_aranges
                0x0000000000000c30       0x20 /usr/lib/gcc/arm-none-eabi/6.3.1/../../../arm-none-eabi/lib/thumb/v7-m/libc_nano.a(lib_a-nano-vfprintf_i.o)
 .debug_aranges
                0x0000000000000c50       0x20 /usr/lib/gcc/arm-none-eabi/6.3.1/../../../arm-none-eabi/lib/thumb/v7-m/libc_nano.a(lib_a-strchr.o)
 .debug_aranges
                0x0000000000000c70       0x20 /usr/lib/gcc/arm-none-eabi/6.3.1/../../../arm-none-eabi/lib/thumb/v7-m/libc_nano.a(lib_a-memmove.o)
 .debug_aranges
                0x0000000000000c90       0x20 /usr/lib/gcc/arm-none-eabi/6.3.1/../../../arm-none-eabi/lib/thumb/v7-m/libc_nano.a(lib_a-nano-freer.o)
 .debug_aranges
                0x0000000000000cb0       0x20 /usr/lib/gcc/arm-none-eabi/6.3.1/../../../arm-none-eabi/lib/thumb/v7-m/libc_nano.a(lib_a-nano-mallocr.o)
 .debug_aranges
                0x0000000000000cd0       0x20 /usr/lib/gcc/arm-none-eabi/6.3.1/../../../arm-none-eabi/lib/thumb/v7-m/libc_nano.a(lib_a-nano-reallocr.o)
 .debug_aranges
                0x0000000000000cf0       0x20 /usr/lib/gcc/arm-none-eabi/6.3.1/../../../arm-none-eabi/lib/thumb/v7-m/libc_nano.a(lib_a-sbrkr.o)
 .debug_aranges
                0x0000000000000d10       0x20 /usr/lib/gcc/arm-none-eabi/6.3.1/../../../arm-none-eabi/lib/thumb/v7-m/libc_nano.a(lib_a-nano-msizer.o)
 .debug_aranges
                0x0000000000000d30       0x20 /usr/lib/gcc/arm-none-eabi/6.3.1/../../../arm-none-eabi/lib/thumb/v7-m/libc_nano.a(lib_a-reent.o)
 .debug_aranges
                0x0000000000000d50       0x20 /usr/lib/gcc/arm-none-eabi/6.3.1/../../../arm-none-eabi/lib/thumb/v7-m/libnosys.a(sbrk.o)

.debug_ranges   0x0000000000000000      0xc08
 .debug_ranges  0x0000000000000000       0x50 build/main.o
 .debug_ranges  0x0000000000000050       0x90 build/oled.o
 .debug_ranges  0x00000000000000e0       0x58 build/radarandec20.o
 .debug_ranges  0x0000000000000138       0x20 build/u1rs232.o
 .debug_ranges  0x0000000000000158       0x20 build/u2ec20.o
 .debug_ranges  0x0000000000000178       0x18 build/u3radar.o
 .debug_ranges  0x0000000000000190       0x80 build/stm32f1xx_it.o
 .debug_ranges  0x0000000000000210       0x30 build/stm32f1xx_hal_msp.o
 .debug_ranges  0x0000000000000240      0x2b8 build/stm32f1xx_hal_i2c.o
 .debug_ranges  0x00000000000004f8       0xd0 build/stm32f1xx_hal.o
 .debug_ranges  0x00000000000005c8       0x80 build/stm32f1xx_hal_rcc.o
 .debug_ranges  0x0000000000000648       0x48 build/stm32f1xx_hal_gpio.o
 .debug_ranges  0x0000000000000690       0x70 build/stm32f1xx_hal_dma.o
 .debug_ranges  0x0000000000000700       0xf0 build/stm32f1xx_hal_cortex.o
 .debug_ranges  0x00000000000007f0      0x220 build/stm32f1xx_hal_uart.o
 .debug_ranges  0x0000000000000a10       0x18 build/system_stm32f1xx.o
 .debug_ranges  0x0000000000000a28       0x20 build/startup_stm32f103xb.o
 .debug_ranges  0x0000000000000a48       0x10 /usr/lib/gcc/arm-none-eabi/6.3.1/../../../arm-none-eabi/lib/thumb/v7-m/libc_nano.a(lib_a-strlen-stub.o)
 .debug_ranges  0x0000000000000a58       0x80 /usr/lib/gcc/arm-none-eabi/6.3.1/../../../arm-none-eabi/lib/thumb/v7-m/libc_nano.a(lib_a-strstr.o)
 .debug_ranges  0x0000000000000ad8       0x40 /usr/lib/gcc/arm-none-eabi/6.3.1/../../../arm-none-eabi/lib/thumb/v7-m/libc_nano.a(lib_a-nano-svfprintf.o)
 .debug_ranges  0x0000000000000b18       0xb0 /usr/lib/gcc/arm-none-eabi/6.3.1/../../../arm-none-eabi/lib/thumb/v7-m/libc_nano.a(lib_a-nano-vfprintf_i.o)
 .debug_ranges  0x0000000000000bc8       0x40 /usr/lib/gcc/arm-none-eabi/6.3.1/../../../arm-none-eabi/lib/thumb/v7-m/libc_nano.a(lib_a-nano-mallocr.o)

.debug_line     0x0000000000000000     0x739c
 .debug_line    0x0000000000000000      0x339 build/main.o
 .debug_line    0x0000000000000339      0x527 build/oled.o
 .debug_line    0x0000000000000860      0x4cb build/radarandec20.o
 .debug_line    0x0000000000000d2b      0x21b build/u1rs232.o
 .debug_line    0x0000000000000f46      0x231 build/u2ec20.o
 .debug_line    0x0000000000001177      0x23d build/u3radar.o
 .debug_line    0x00000000000013b4      0x31c build/stm32f1xx_it.o
 .debug_line    0x00000000000016d0      0x27c build/stm32f1xx_hal_msp.o
 .debug_line    0x000000000000194c     0x17a8 build/stm32f1xx_hal_i2c.o
 .debug_line    0x00000000000030f4      0x34a build/stm32f1xx_hal.o
 .debug_line    0x000000000000343e      0x462 build/stm32f1xx_hal_rcc.o
 .debug_line    0x00000000000038a0      0x35e build/stm32f1xx_hal_gpio.o
 .debug_line    0x0000000000003bfe      0x5d5 build/stm32f1xx_hal_dma.o
 .debug_line    0x00000000000041d3      0x41a build/stm32f1xx_hal_cortex.o
 .debug_line    0x00000000000045ed      0xbf8 build/stm32f1xx_hal_uart.o
 .debug_line    0x00000000000051e5      0x18a build/system_stm32f1xx.o
 .debug_line    0x000000000000536f       0x75 build/startup_stm32f103xb.o
 .debug_line    0x00000000000053e4       0xe9 /usr/lib/gcc/arm-none-eabi/6.3.1/../../../arm-none-eabi/lib/thumb/v7-m/libc_nano.a(lib_a-impure.o)
 .debug_line    0x00000000000054cd       0xb9 /usr/lib/gcc/arm-none-eabi/6.3.1/../../../arm-none-eabi/lib/thumb/v7-m/libc_nano.a(lib_a-init.o)
 .debug_line    0x0000000000005586       0xbe /usr/lib/gcc/arm-none-eabi/6.3.1/../../../arm-none-eabi/lib/thumb/v7-m/libc_nano.a(lib_a-memcpy.o)
 .debug_line    0x0000000000005644      0x176 /usr/lib/gcc/arm-none-eabi/6.3.1/../../../arm-none-eabi/lib/thumb/v7-m/libc_nano.a(lib_a-memset.o)
 .debug_line    0x00000000000057ba      0x1a9 /usr/lib/gcc/arm-none-eabi/6.3.1/../../../arm-none-eabi/lib/thumb/v7-m/libc_nano.a(lib_a-sprintf.o)
 .debug_line    0x0000000000005963      0x152 /usr/lib/gcc/arm-none-eabi/6.3.1/../../../arm-none-eabi/lib/thumb/v7-m/libc_nano.a(lib_a-strlen-stub.o)
 .debug_line    0x0000000000005ab5      0x30e /usr/lib/gcc/arm-none-eabi/6.3.1/../../../arm-none-eabi/lib/thumb/v7-m/libc_nano.a(lib_a-strstr.o)
 .debug_line    0x0000000000005dc3      0x186 /usr/lib/gcc/arm-none-eabi/6.3.1/../../../arm-none-eabi/lib/thumb/v7-m/libc_nano.a(lib_a-memchr-stub.o)
 .debug_line    0x0000000000005f49      0x166 /usr/lib/gcc/arm-none-eabi/6.3.1/../../../arm-none-eabi/lib/thumb/v7-m/libc_nano.a(lib_a-memcmp.o)
 .debug_line    0x00000000000060af      0x391 /usr/lib/gcc/arm-none-eabi/6.3.1/../../../arm-none-eabi/lib/thumb/v7-m/libc_nano.a(lib_a-nano-svfprintf.o)
 .debug_line    0x0000000000006440      0x39d /usr/lib/gcc/arm-none-eabi/6.3.1/../../../arm-none-eabi/lib/thumb/v7-m/libc_nano.a(lib_a-nano-vfprintf_i.o)
 .debug_line    0x00000000000067dd      0x17b /usr/lib/gcc/arm-none-eabi/6.3.1/../../../arm-none-eabi/lib/thumb/v7-m/libc_nano.a(lib_a-strchr.o)
 .debug_line    0x0000000000006958      0x185 /usr/lib/gcc/arm-none-eabi/6.3.1/../../../arm-none-eabi/lib/thumb/v7-m/libc_nano.a(lib_a-memmove.o)
 .debug_line    0x0000000000006add      0x160 /usr/lib/gcc/arm-none-eabi/6.3.1/../../../arm-none-eabi/lib/thumb/v7-m/libc_nano.a(lib_a-nano-freer.o)
 .debug_line    0x0000000000006c3d      0x1a4 /usr/lib/gcc/arm-none-eabi/6.3.1/../../../arm-none-eabi/lib/thumb/v7-m/libc_nano.a(lib_a-nano-mallocr.o)
 .debug_line    0x0000000000006de1      0x17b /usr/lib/gcc/arm-none-eabi/6.3.1/../../../arm-none-eabi/lib/thumb/v7-m/libc_nano.a(lib_a-nano-reallocr.o)
 .debug_line    0x0000000000006f5c      0x15a /usr/lib/gcc/arm-none-eabi/6.3.1/../../../arm-none-eabi/lib/thumb/v7-m/libc_nano.a(lib_a-sbrkr.o)
 .debug_line    0x00000000000070b6      0x10f /usr/lib/gcc/arm-none-eabi/6.3.1/../../../arm-none-eabi/lib/thumb/v7-m/libc_nano.a(lib_a-nano-msizer.o)
 .debug_line    0x00000000000071c5      0x17c /usr/lib/gcc/arm-none-eabi/6.3.1/../../../arm-none-eabi/lib/thumb/v7-m/libc_nano.a(lib_a-reent.o)
 .debug_line    0x0000000000007341       0x5b /usr/lib/gcc/arm-none-eabi/6.3.1/../../../arm-none-eabi/lib/thumb/v7-m/libnosys.a(sbrk.o)

.debug_str      0x0000000000000000     0x413a
 .debug_str     0x0000000000000000     0x1235 build/main.o
                                       0x1369 (size before relaxing)
 .debug_str     0x0000000000001235      0x152 build/oled.o
                                        0xf51 (size before relaxing)
 .debug_str     0x0000000000001387      0x2df build/radarandec20.o
                                       0x111a (size before relaxing)
 .debug_str     0x0000000000001666       0x35 build/u1rs232.o
                                        0xbc4 (size before relaxing)
 .debug_str     0x000000000000169b       0x2c build/u2ec20.o
                                        0xbbb (size before relaxing)
 .debug_str     0x00000000000016c7       0x2a build/u3radar.o
                                        0xbbe (size before relaxing)
 .debug_str     0x00000000000016f1      0x124 build/stm32f1xx_it.o
                                        0xd06 (size before relaxing)
 .debug_str     0x0000000000001815       0xa3 build/stm32f1xx_hal_msp.o
                                        0xc89 (size before relaxing)
 .debug_str     0x00000000000018b8      0x8d6 build/stm32f1xx_hal_i2c.o
                                        0xfc4 (size before relaxing)
 .debug_str     0x000000000000218e      0x253 build/stm32f1xx_hal.o
                                        0x7d0 (size before relaxing)
 .debug_str     0x00000000000023e1      0x20c build/stm32f1xx_hal_rcc.o
                                        0x63d (size before relaxing)
 .debug_str     0x00000000000025ed      0x139 build/stm32f1xx_hal_gpio.o
                                        0x482 (size before relaxing)
 .debug_str     0x0000000000002726      0x237 build/stm32f1xx_hal_dma.o
                                        0x673 (size before relaxing)
 .debug_str     0x000000000000295d      0x3fd build/stm32f1xx_hal_cortex.o
                                        0x931 (size before relaxing)
 .debug_str     0x0000000000002d5a      0x5db build/stm32f1xx_hal_uart.o
                                        0xc87 (size before relaxing)
 .debug_str     0x0000000000003335       0x4a build/system_stm32f1xx.o
                                        0x293 (size before relaxing)
 .debug_str     0x000000000000337f      0x16f /usr/lib/gcc/arm-none-eabi/6.3.1/../../../arm-none-eabi/lib/thumb/v7-m/libc_nano.a(lib_a-impure.o)
                                        0x5a6 (size before relaxing)
 .debug_str     0x00000000000034ee       0xed /usr/lib/gcc/arm-none-eabi/6.3.1/../../../arm-none-eabi/lib/thumb/v7-m/libc_nano.a(lib_a-init.o)
                                        0x1f7 (size before relaxing)
 .debug_str     0x00000000000035db       0xae /usr/lib/gcc/arm-none-eabi/6.3.1/../../../arm-none-eabi/lib/thumb/v7-m/libc_nano.a(lib_a-memset.o)
                                        0x5be (size before relaxing)
 .debug_str     0x0000000000003689      0x1f0 /usr/lib/gcc/arm-none-eabi/6.3.1/../../../arm-none-eabi/lib/thumb/v7-m/libc_nano.a(lib_a-sprintf.o)
                                        0x721 (size before relaxing)
 .debug_str     0x0000000000003879       0xac /usr/lib/gcc/arm-none-eabi/6.3.1/../../../arm-none-eabi/lib/thumb/v7-m/libc_nano.a(lib_a-strlen-stub.o)
                                        0x5bc (size before relaxing)
 .debug_str     0x0000000000003925       0xf9 /usr/lib/gcc/arm-none-eabi/6.3.1/../../../arm-none-eabi/lib/thumb/v7-m/libc_nano.a(lib_a-strstr.o)
                                        0x679 (size before relaxing)
 .debug_str     0x0000000000003a1e       0x58 /usr/lib/gcc/arm-none-eabi/6.3.1/../../../arm-none-eabi/lib/thumb/v7-m/libc_nano.a(lib_a-memchr-stub.o)
                                        0x5d6 (size before relaxing)
 .debug_str     0x0000000000003a76       0x31 /usr/lib/gcc/arm-none-eabi/6.3.1/../../../arm-none-eabi/lib/thumb/v7-m/libc_nano.a(lib_a-memcmp.o)
                                        0x5aa (size before relaxing)
 .debug_str     0x0000000000003aa7      0x24b /usr/lib/gcc/arm-none-eabi/6.3.1/../../../arm-none-eabi/lib/thumb/v7-m/libc_nano.a(lib_a-nano-svfprintf.o)
                                        0x915 (size before relaxing)
 .debug_str     0x0000000000003cf2       0x8b /usr/lib/gcc/arm-none-eabi/6.3.1/../../../arm-none-eabi/lib/thumb/v7-m/libc_nano.a(lib_a-nano-vfprintf_i.o)
                                        0x8b4 (size before relaxing)
 .debug_str     0x0000000000003d7d       0x31 /usr/lib/gcc/arm-none-eabi/6.3.1/../../../arm-none-eabi/lib/thumb/v7-m/libc_nano.a(lib_a-strchr.o)
                                        0x5b5 (size before relaxing)
 .debug_str     0x0000000000003dae       0x53 /usr/lib/gcc/arm-none-eabi/6.3.1/../../../arm-none-eabi/lib/thumb/v7-m/libc_nano.a(lib_a-memmove.o)
                                        0x5dd (size before relaxing)
 .debug_str     0x0000000000003e01      0x161 /usr/lib/gcc/arm-none-eabi/6.3.1/../../../arm-none-eabi/lib/thumb/v7-m/libc_nano.a(lib_a-nano-freer.o)
                                        0x6b8 (size before relaxing)
 .debug_str     0x0000000000003f62       0x32 /usr/lib/gcc/arm-none-eabi/6.3.1/../../../arm-none-eabi/lib/thumb/v7-m/libc_nano.a(lib_a-nano-mallocr.o)
                                        0x6cf (size before relaxing)
 .debug_str     0x0000000000003f94       0x23 /usr/lib/gcc/arm-none-eabi/6.3.1/../../../arm-none-eabi/lib/thumb/v7-m/libc_nano.a(lib_a-nano-reallocr.o)
                                        0x6d3 (size before relaxing)
 .debug_str     0x0000000000003fb7       0x44 /usr/lib/gcc/arm-none-eabi/6.3.1/../../../arm-none-eabi/lib/thumb/v7-m/libc_nano.a(lib_a-sbrkr.o)
                                        0x5e9 (size before relaxing)
 .debug_str     0x0000000000003ffb        0xf /usr/lib/gcc/arm-none-eabi/6.3.1/../../../arm-none-eabi/lib/thumb/v7-m/libc_nano.a(lib_a-nano-msizer.o)
                                        0x6b1 (size before relaxing)
 .debug_str     0x000000000000400a       0x5b /usr/lib/gcc/arm-none-eabi/6.3.1/../../../arm-none-eabi/lib/thumb/v7-m/libc_nano.a(lib_a-reent.o)
                                        0x5e2 (size before relaxing)
 .debug_str     0x0000000000004065       0xd5 /usr/lib/gcc/arm-none-eabi/6.3.1/../../../arm-none-eabi/lib/thumb/v7-m/libnosys.a(sbrk.o)
                                         0xee (size before relaxing)

.debug_frame    0x0000000000000000     0x32ec
 .debug_frame   0x0000000000000000      0x138 build/main.o
 .debug_frame   0x0000000000000138      0x290 build/oled.o
 .debug_frame   0x00000000000003c8      0x19c build/radarandec20.o
 .debug_frame   0x0000000000000564       0x7c build/u1rs232.o
 .debug_frame   0x00000000000005e0       0x7c build/u2ec20.o
 .debug_frame   0x000000000000065c       0x54 build/u3radar.o
 .debug_frame   0x00000000000006b0      0x1d4 build/stm32f1xx_it.o
 .debug_frame   0x0000000000000884       0xd8 build/stm32f1xx_hal_msp.o
 .debug_frame   0x000000000000095c      0xcc0 build/stm32f1xx_hal_i2c.o
 .debug_frame   0x000000000000161c      0x390 build/stm32f1xx_hal.o
 .debug_frame   0x00000000000019ac      0x23c build/stm32f1xx_hal_rcc.o
 .debug_frame   0x0000000000001be8      0x154 build/stm32f1xx_hal_gpio.o
 .debug_frame   0x0000000000001d3c      0x218 build/stm32f1xx_hal_dma.o
 .debug_frame   0x0000000000001f54      0x460 build/stm32f1xx_hal_cortex.o
 .debug_frame   0x00000000000023b4      0x99c build/stm32f1xx_hal_uart.o
 .debug_frame   0x0000000000002d50       0x5c build/system_stm32f1xx.o
 .debug_frame   0x0000000000002dac       0x2c /usr/lib/gcc/arm-none-eabi/6.3.1/../../../arm-none-eabi/lib/thumb/v7-m/libc_nano.a(lib_a-init.o)
 .debug_frame   0x0000000000002dd8       0x34 /usr/lib/gcc/arm-none-eabi/6.3.1/../../../arm-none-eabi/lib/thumb/v7-m/libc_nano.a(lib_a-memset.o)
 .debug_frame   0x0000000000002e0c       0x84 /usr/lib/gcc/arm-none-eabi/6.3.1/../../../arm-none-eabi/lib/thumb/v7-m/libc_nano.a(lib_a-sprintf.o)
 .debug_frame   0x0000000000002e90       0x20 /usr/lib/gcc/arm-none-eabi/6.3.1/../../../arm-none-eabi/lib/thumb/v7-m/libc_nano.a(lib_a-strlen-stub.o)
 .debug_frame   0x0000000000002eb0       0xd8 /usr/lib/gcc/arm-none-eabi/6.3.1/../../../arm-none-eabi/lib/thumb/v7-m/libc_nano.a(lib_a-strstr.o)
 .debug_frame   0x0000000000002f88       0x34 /usr/lib/gcc/arm-none-eabi/6.3.1/../../../arm-none-eabi/lib/thumb/v7-m/libc_nano.a(lib_a-memchr-stub.o)
 .debug_frame   0x0000000000002fbc       0x3c /usr/lib/gcc/arm-none-eabi/6.3.1/../../../arm-none-eabi/lib/thumb/v7-m/libc_nano.a(lib_a-memcmp.o)
 .debug_frame   0x0000000000002ff8       0x98 /usr/lib/gcc/arm-none-eabi/6.3.1/../../../arm-none-eabi/lib/thumb/v7-m/libc_nano.a(lib_a-nano-svfprintf.o)
 .debug_frame   0x0000000000003090       0x68 /usr/lib/gcc/arm-none-eabi/6.3.1/../../../arm-none-eabi/lib/thumb/v7-m/libc_nano.a(lib_a-nano-vfprintf_i.o)
 .debug_frame   0x00000000000030f8       0x50 /usr/lib/gcc/arm-none-eabi/6.3.1/../../../arm-none-eabi/lib/thumb/v7-m/libc_nano.a(lib_a-strchr.o)
 .debug_frame   0x0000000000003148       0x30 /usr/lib/gcc/arm-none-eabi/6.3.1/../../../arm-none-eabi/lib/thumb/v7-m/libc_nano.a(lib_a-memmove.o)
 .debug_frame   0x0000000000003178       0x40 /usr/lib/gcc/arm-none-eabi/6.3.1/../../../arm-none-eabi/lib/thumb/v7-m/libc_nano.a(lib_a-nano-freer.o)
 .debug_frame   0x00000000000031b8       0x2c /usr/lib/gcc/arm-none-eabi/6.3.1/../../../arm-none-eabi/lib/thumb/v7-m/libc_nano.a(lib_a-nano-mallocr.o)
 .debug_frame   0x00000000000031e4       0x38 /usr/lib/gcc/arm-none-eabi/6.3.1/../../../arm-none-eabi/lib/thumb/v7-m/libc_nano.a(lib_a-nano-reallocr.o)
 .debug_frame   0x000000000000321c       0x2c /usr/lib/gcc/arm-none-eabi/6.3.1/../../../arm-none-eabi/lib/thumb/v7-m/libc_nano.a(lib_a-sbrkr.o)
 .debug_frame   0x0000000000003248       0x20 /usr/lib/gcc/arm-none-eabi/6.3.1/../../../arm-none-eabi/lib/thumb/v7-m/libc_nano.a(lib_a-nano-msizer.o)
 .debug_frame   0x0000000000003268       0x64 /usr/lib/gcc/arm-none-eabi/6.3.1/../../../arm-none-eabi/lib/thumb/v7-m/libc_nano.a(lib_a-reent.o)
 .debug_frame   0x00000000000032cc       0x20 /usr/lib/gcc/arm-none-eabi/6.3.1/../../../arm-none-eabi/lib/thumb/v7-m/libnosys.a(sbrk.o)

Cross Reference Table

Symbol                                            File
ADC1_2_IRQHandler                                 build/startup_stm32f103xb.o
AHBPrescTable                                     build/system_stm32f1xx.o
                                                  build/stm32f1xx_hal_rcc.o
APBPrescTable                                     build/system_stm32f1xx.o
                                                  build/stm32f1xx_hal_rcc.o
BusFault_Handler                                  build/stm32f1xx_it.o
CAN1_RX1_IRQHandler                               build/startup_stm32f103xb.o
CAN1_SCE_IRQHandler                               build/startup_stm32f103xb.o
Clear_Buffer                                      build/radarandec20.o
CloudtriggerFlag                                  build/radarandec20.o
                                                  build/stm32f1xx_it.o
CloudtriggerTime                                  build/radarandec20.o
                                                  build/stm32f1xx_it.o
CpuID                                             build/radarandec20.o
CurStaSendCnt                                     build/radarandec20.o
DMA1_Channel1_IRQHandler                          build/startup_stm32f103xb.o
DMA1_Channel2_IRQHandler                          build/startup_stm32f103xb.o
DMA1_Channel3_IRQHandler                          build/stm32f1xx_it.o
DMA1_Channel4_IRQHandler                          build/startup_stm32f103xb.o
DMA1_Channel5_IRQHandler                          build/stm32f1xx_it.o
DMA1_Channel6_IRQHandler                          build/stm32f1xx_it.o
DMA1_Channel7_IRQHandler                          build/startup_stm32f103xb.o
DMARxLenU2                                        build/radarandec20.o
                                                  build/u2ec20.o
DataSendPre                                       build/radarandec20.o
DebugMon_Handler                                  build/stm32f1xx_it.o
Default_Handler                                   build/startup_stm32f103xb.o
EXTI0_IRQHandler                                  build/startup_stm32f103xb.o
EXTI15_10_IRQHandler                              build/startup_stm32f103xb.o
EXTI1_IRQHandler                                  build/startup_stm32f103xb.o
EXTI2_IRQHandler                                  build/startup_stm32f103xb.o
EXTI3_IRQHandler                                  build/startup_stm32f103xb.o
EXTI4_IRQHandler                                  build/startup_stm32f103xb.o
EXTI9_5_IRQHandler                                build/startup_stm32f103xb.o
Error_Handler                                     build/main.o
                                                  build/stm32f1xx_hal_msp.o
F6x8                                              build/oled.o
F8X16                                             build/oled.o
FLASH_IRQHandler                                  build/startup_stm32f103xb.o
FLASH_PageErase                                   build/stm32f1xx_hal_flash_ex.o
                                                  build/stm32f1xx_hal_flash.o
FLASH_WaitForLastOperation                        build/stm32f1xx_hal_flash.o
                                                  build/stm32f1xx_hal_flash_ex.o
GPSStatFlag                                       build/radarandec20.o
GSMinit                                           build/radarandec20.o
GetIDCode                                         build/radarandec20.o
GpsRecFlag                                        build/radarandec20.o
HAL_DBGMCU_DisableDBGSleepMode                    build/stm32f1xx_hal.o
HAL_DBGMCU_DisableDBGStandbyMode                  build/stm32f1xx_hal.o
HAL_DBGMCU_DisableDBGStopMode                     build/stm32f1xx_hal.o
HAL_DBGMCU_EnableDBGSleepMode                     build/stm32f1xx_hal.o
HAL_DBGMCU_EnableDBGStandbyMode                   build/stm32f1xx_hal.o
HAL_DBGMCU_EnableDBGStopMode                      build/stm32f1xx_hal.o
HAL_DMA_Abort                                     build/stm32f1xx_hal_dma.o
                                                  build/stm32f1xx_hal_uart.o
HAL_DMA_Abort_IT                                  build/stm32f1xx_hal_dma.o
                                                  build/stm32f1xx_hal_uart.o
                                                  build/stm32f1xx_hal_i2c.o
HAL_DMA_DeInit                                    build/stm32f1xx_hal_dma.o
                                                  build/stm32f1xx_hal_msp.o
HAL_DMA_GetError                                  build/stm32f1xx_hal_dma.o
                                                  build/stm32f1xx_hal_uart.o
HAL_DMA_GetState                                  build/stm32f1xx_hal_dma.o
                                                  build/stm32f1xx_hal_i2c.o
HAL_DMA_IRQHandler                                build/stm32f1xx_hal_dma.o
                                                  build/stm32f1xx_it.o
HAL_DMA_Init                                      build/stm32f1xx_hal_dma.o
                                                  build/stm32f1xx_hal_msp.o
HAL_DMA_PollForTransfer                           build/stm32f1xx_hal_dma.o
HAL_DMA_RegisterCallback                          build/stm32f1xx_hal_dma.o
HAL_DMA_Start                                     build/stm32f1xx_hal_dma.o
HAL_DMA_Start_IT                                  build/stm32f1xx_hal_dma.o
                                                  build/stm32f1xx_hal_uart.o
                                                  build/stm32f1xx_hal_i2c.o
HAL_DMA_UnRegisterCallback                        build/stm32f1xx_hal_dma.o
HAL_DeInit                                        build/stm32f1xx_hal.o
HAL_Delay                                         build/stm32f1xx_hal.o
HAL_EXTI_ClearConfigLine                          build/stm32f1xx_hal_exti.o
HAL_EXTI_ClearPending                             build/stm32f1xx_hal_exti.o
HAL_EXTI_GenerateSWI                              build/stm32f1xx_hal_exti.o
HAL_EXTI_GetConfigLine                            build/stm32f1xx_hal_exti.o
HAL_EXTI_GetHandle                                build/stm32f1xx_hal_exti.o
HAL_EXTI_GetPending                               build/stm32f1xx_hal_exti.o
HAL_EXTI_IRQHandler                               build/stm32f1xx_hal_exti.o
HAL_EXTI_RegisterCallback                         build/stm32f1xx_hal_exti.o
HAL_EXTI_SetConfigLine                            build/stm32f1xx_hal_exti.o
HAL_FLASHEx_Erase                                 build/stm32f1xx_hal_flash_ex.o
HAL_FLASHEx_Erase_IT                              build/stm32f1xx_hal_flash_ex.o
HAL_FLASHEx_OBErase                               build/stm32f1xx_hal_flash_ex.o
HAL_FLASHEx_OBGetConfig                           build/stm32f1xx_hal_flash_ex.o
HAL_FLASHEx_OBGetUserData                         build/stm32f1xx_hal_flash_ex.o
HAL_FLASHEx_OBProgram                             build/stm32f1xx_hal_flash_ex.o
HAL_FLASH_EndOfOperationCallback                  build/stm32f1xx_hal_flash.o
HAL_FLASH_GetError                                build/stm32f1xx_hal_flash.o
HAL_FLASH_IRQHandler                              build/stm32f1xx_hal_flash.o
HAL_FLASH_Lock                                    build/stm32f1xx_hal_flash.o
HAL_FLASH_OB_Launch                               build/stm32f1xx_hal_flash.o
HAL_FLASH_OB_Lock                                 build/stm32f1xx_hal_flash.o
HAL_FLASH_OB_Unlock                               build/stm32f1xx_hal_flash.o
HAL_FLASH_OperationErrorCallback                  build/stm32f1xx_hal_flash.o
HAL_FLASH_Program                                 build/stm32f1xx_hal_flash.o
HAL_FLASH_Program_IT                              build/stm32f1xx_hal_flash.o
HAL_FLASH_Unlock                                  build/stm32f1xx_hal_flash.o
HAL_GPIOEx_ConfigEventout                         build/stm32f1xx_hal_gpio_ex.o
HAL_GPIOEx_DisableEventout                        build/stm32f1xx_hal_gpio_ex.o
HAL_GPIOEx_EnableEventout                         build/stm32f1xx_hal_gpio_ex.o
HAL_GPIO_DeInit                                   build/stm32f1xx_hal_gpio.o
                                                  build/stm32f1xx_hal_msp.o
HAL_GPIO_EXTI_Callback                            build/stm32f1xx_hal_gpio.o
HAL_GPIO_EXTI_IRQHandler                          build/stm32f1xx_hal_gpio.o
HAL_GPIO_Init                                     build/stm32f1xx_hal_gpio.o
                                                  build/stm32f1xx_hal_rcc.o
                                                  build/stm32f1xx_hal_msp.o
                                                  build/main.o
HAL_GPIO_LockPin                                  build/stm32f1xx_hal_gpio.o
HAL_GPIO_ReadPin                                  build/stm32f1xx_hal_gpio.o
                                                  build/radarandec20.o
HAL_GPIO_TogglePin                                build/stm32f1xx_hal_gpio.o
HAL_GPIO_WritePin                                 build/stm32f1xx_hal_gpio.o
                                                  build/stm32f1xx_it.o
                                                  build/radarandec20.o
                                                  build/main.o
HAL_GetDEVID                                      build/stm32f1xx_hal.o
HAL_GetHalVersion                                 build/stm32f1xx_hal.o
HAL_GetREVID                                      build/stm32f1xx_hal.o
HAL_GetTick                                       build/stm32f1xx_hal.o
                                                  build/stm32f1xx_hal_uart.o
                                                  build/stm32f1xx_hal_flash.o
                                                  build/stm32f1xx_hal_dma.o
                                                  build/stm32f1xx_hal_rcc_ex.o
                                                  build/stm32f1xx_hal_rcc.o
                                                  build/stm32f1xx_hal_i2c.o
HAL_GetTickFreq                                   build/stm32f1xx_hal.o
HAL_GetTickPrio                                   build/stm32f1xx_hal.o
HAL_GetUIDw0                                      build/stm32f1xx_hal.o
HAL_GetUIDw1                                      build/stm32f1xx_hal.o
HAL_GetUIDw2                                      build/stm32f1xx_hal.o
HAL_HalfDuplex_EnableReceiver                     build/stm32f1xx_hal_uart.o
HAL_HalfDuplex_EnableTransmitter                  build/stm32f1xx_hal_uart.o
HAL_HalfDuplex_Init                               build/stm32f1xx_hal_uart.o
HAL_I2C_AbortCpltCallback                         build/stm32f1xx_hal_i2c.o
HAL_I2C_AddrCallback                              build/stm32f1xx_hal_i2c.o
HAL_I2C_DeInit                                    build/stm32f1xx_hal_i2c.o
HAL_I2C_DisableListen_IT                          build/stm32f1xx_hal_i2c.o
HAL_I2C_ER_IRQHandler                             build/stm32f1xx_hal_i2c.o
HAL_I2C_EV_IRQHandler                             build/stm32f1xx_hal_i2c.o
HAL_I2C_EnableListen_IT                           build/stm32f1xx_hal_i2c.o
HAL_I2C_ErrorCallback                             build/stm32f1xx_hal_i2c.o
HAL_I2C_GetError                                  build/stm32f1xx_hal_i2c.o
HAL_I2C_GetMode                                   build/stm32f1xx_hal_i2c.o
HAL_I2C_GetState                                  build/stm32f1xx_hal_i2c.o
HAL_I2C_Init                                      build/stm32f1xx_hal_i2c.o
                                                  build/main.o
HAL_I2C_IsDeviceReady                             build/stm32f1xx_hal_i2c.o
HAL_I2C_ListenCpltCallback                        build/stm32f1xx_hal_i2c.o
HAL_I2C_MasterRxCpltCallback                      build/stm32f1xx_hal_i2c.o
HAL_I2C_MasterTxCpltCallback                      build/stm32f1xx_hal_i2c.o
HAL_I2C_Master_Abort_IT                           build/stm32f1xx_hal_i2c.o
HAL_I2C_Master_Receive                            build/stm32f1xx_hal_i2c.o
HAL_I2C_Master_Receive_DMA                        build/stm32f1xx_hal_i2c.o
HAL_I2C_Master_Receive_IT                         build/stm32f1xx_hal_i2c.o
HAL_I2C_Master_Seq_Receive_DMA                    build/stm32f1xx_hal_i2c.o
HAL_I2C_Master_Seq_Receive_IT                     build/stm32f1xx_hal_i2c.o
HAL_I2C_Master_Seq_Transmit_DMA                   build/stm32f1xx_hal_i2c.o
HAL_I2C_Master_Seq_Transmit_IT                    build/stm32f1xx_hal_i2c.o
HAL_I2C_Master_Transmit                           build/stm32f1xx_hal_i2c.o
HAL_I2C_Master_Transmit_DMA                       build/stm32f1xx_hal_i2c.o
HAL_I2C_Master_Transmit_IT                        build/stm32f1xx_hal_i2c.o
HAL_I2C_MemRxCpltCallback                         build/stm32f1xx_hal_i2c.o
HAL_I2C_MemTxCpltCallback                         build/stm32f1xx_hal_i2c.o
HAL_I2C_Mem_Read                                  build/stm32f1xx_hal_i2c.o
HAL_I2C_Mem_Read_DMA                              build/stm32f1xx_hal_i2c.o
HAL_I2C_Mem_Read_IT                               build/stm32f1xx_hal_i2c.o
HAL_I2C_Mem_Write                                 build/stm32f1xx_hal_i2c.o
HAL_I2C_Mem_Write_DMA                             build/stm32f1xx_hal_i2c.o