Component: ARM Compiler 5.06 update 6 (build 750) Tool: armlink [4d35ed]

==============================================================================

Section Cross References

    system_stm32f10x.o(.text) refers to system_stm32f10x.o(.data) for SystemCoreClock
    startup_stm32f10x_md.o(STACK) refers (Special) to heapauxi.o(.text) for __use_two_region_memory
    startup_stm32f10x_md.o(HEAP) refers (Special) to heapauxi.o(.text) for __use_two_region_memory
    startup_stm32f10x_md.o(RESET) refers (Special) to heapauxi.o(.text) for __use_two_region_memory
    startup_stm32f10x_md.o(RESET) refers to startup_stm32f10x_md.o(STACK) for __initial_sp
    startup_stm32f10x_md.o(RESET) refers to startup_stm32f10x_md.o(.text) for Reset_Handler
    startup_stm32f10x_md.o(RESET) refers to stm32f10x_it.o(.text) for NMI_Handler
    startup_stm32f10x_md.o(.text) refers (Special) to heapauxi.o(.text) for __use_two_region_memory
    startup_stm32f10x_md.o(.text) refers to system_stm32f10x.o(.text) for SystemInit
    startup_stm32f10x_md.o(.text) refers to __main.o(!!!main) for __main
    startup_stm32f10x_md.o(.text) refers to startup_stm32f10x_md.o(HEAP) for Heap_Mem
    startup_stm32f10x_md.o(.text) refers to startup_stm32f10x_md.o(STACK) for Stack_Mem
    stm32f10x_adc.o(.text) refers to stm32f10x_rcc.o(.text) for RCC_APB2PeriphResetCmd
    stm32f10x_bkp.o(.text) refers to stm32f10x_rcc.o(.text) for RCC_BackupResetCmd
    stm32f10x_can.o(.text) refers to stm32f10x_rcc.o(.text) for RCC_APB1PeriphResetCmd
    stm32f10x_cec.o(.text) refers to stm32f10x_rcc.o(.text) for RCC_APB1PeriphResetCmd
    stm32f10x_dac.o(.text) refers to stm32f10x_rcc.o(.text) for RCC_APB1PeriphResetCmd
    stm32f10x_gpio.o(.text) refers to stm32f10x_rcc.o(.text) for RCC_APB2PeriphResetCmd
    stm32f10x_pwr.o(.text) refers to stm32f10x_rcc.o(.text) for RCC_APB1PeriphResetCmd
    stm32f10x_rcc.o(.text) refers to stm32f10x_rcc.o(.data) for APBAHBPrescTable
    stm32f10x_spi.o(.text) refers to stm32f10x_rcc.o(.text) for RCC_APB2PeriphResetCmd
    stm32f10x_tim.o(.text) refers to stm32f10x_rcc.o(.text) for RCC_APB2PeriphResetCmd
    stm32f10x_usart.o(.text) refers to stm32f10x_rcc.o(.text) for RCC_APB2PeriphResetCmd
    stm32f10x_wwdg.o(.text) refers to stm32f10x_rcc.o(.text) for RCC_APB1PeriphResetCmd
    delay.o(.text) refers to system_stm32f10x.o(.data) for SystemCoreClock
    delay.o(.text) refers to delay.o(.data) for TimingDelay
    deviceinit.o(.text) refers to stm32f10x_usart.o(.text) for USART_DeInit
    deviceinit.o(.text) refers to stm32f10x_tim.o(.text) for TIM_DeInit
    deviceinit.o(.text) refers to stm32f10x_exti.o(.text) for EXTI_DeInit
    deviceinit.o(.text) refers to misc.o(.text) for NVIC_Init
    deviceinit.o(.text) refers to stm32f10x_gpio.o(.text) for GPIO_PinRemapConfig
    deviceinit.o(.text) refers to stm32f10x_pwr.o(.text) for PWR_BackupAccessCmd
    deviceinit.o(.text) refers to stm32f10x_rcc.o(.text) for RCC_LSEConfig
    deviceinit.o(.text) refers to stm32f10x_bkp.o(.text) for BKP_TamperPinCmd
    main.o(.text) refers to _printf_pad.o(.text) for _printf_pre_padding
    main.o(.text) refers to _printf_percent.o(.ARM.Collect$$_printf_percent$$00000000) for _printf_percent
    main.o(.text) refers to _printf_f.o(.ARM.Collect$$_printf_percent$$00000003) for _printf_f
    main.o(.text) refers to printf1.o(x$fpl$printf1) for _printf_fp_dec
    main.o(.text) refers to faddsub_clz.o(x$fpl$fadd) for __aeabi_fadd
    main.o(.text) refers to fdiv.o(x$fpl$fdiv) for __aeabi_fdiv
    main.o(.text) refers to deviceinit.o(.text) for bspinit
    main.o(.text) refers to delay.o(.text) for delay_us
    main.o(.text) refers to stm32f10x_tim.o(.text) for TIM_Cmd
    main.o(.text) refers to ad7124.o(.text) for AD7124_HardInit
    main.o(.text) refers to dflt_clz.o(x$fpl$dflt) for __aeabi_i2d
    main.o(.text) refers to dmul.o(x$fpl$dmul) for __aeabi_dmul
    main.o(.text) refers to ddiv.o(x$fpl$ddiv) for __aeabi_ddiv
    main.o(.text) refers to d2f.o(x$fpl$d2f) for __aeabi_d2f
    main.o(.text) refers to f2d.o(x$fpl$f2d) for __aeabi_f2d
    main.o(.text) refers to daddsub_clz.o(x$fpl$dadd) for __aeabi_dadd
    main.o(.text) refers to pt100.o(.text) for CalculateTemperature
    main.o(.text) refers to thermocouple.o(.text) for T_TtoV
    main.o(.text) refers to noretval__2printf.o(.text) for __2printf
    main.o(.text) refers to ad7124.o(.data) for TH_voltage
    main.o(.text) refers to main.o(.data) for i
    main.o(.text) refers to main.o(.bss) for value_buf
    main.o(.text) refers to global.o(.data) for Resistance
    main.o(.text) refers to ad7124.o(.bss) for Actual_Voltage
    main.o(.text) refers to main.o(.conststring) for .conststring
    stm32f10x_it.o(.text) refers to delay.o(.text) for TimingDelay_Decrement
    stm32f10x_it.o(.text) refers to stm32f10x_usart.o(.text) for USART_GetITStatus
    stm32f10x_it.o(.text) refers to stm32f10x_tim.o(.text) for TIM_Cmd
    stm32f10x_it.o(.text) refers to ad7124.o(.text) for AD_Tim_Scan
[...]
    __lcnum_c_start                          0x08006f1c   Data           0  lc_numeric_c.o(locale$$data)
    __lcnum_c_point                          0x08006f28   Data           0  lc_numeric_c.o(locale$$data)
    __lcnum_c_thousands                      0x08006f2a   Data           0  lc_numeric_c.o(locale$$data)
    __lcnum_c_grouping                       0x08006f2b   Data           0  lc_numeric_c.o(locale$$data)
    __lcnum_c_end                            0x08006f2c   Data           0  lc_numeric_c.o(locale$$data)
    .data                                    0x20000000   Section       20  system_stm32f10x.o(.data)
    .data                                    0x20000014   Section       20  stm32f10x_rcc.o(.data)
    APBAHBPrescTable                         0x20000014   Data          16  stm32f10x_rcc.o(.data)
    ADCPrescTable                            0x20000024   Data           4  stm32f10x_rcc.o(.data)
    .data                                    0x20000028   Section        4  delay.o(.data)
    .data                                    0x2000002c   Section      236  global.o(.data)
    .data                                    0x20000118   Section        2  main.o(.data)
    .data                                    0x2000011c   Section       28  stm32f10x_it.o(.data)
    count                                    0x20000128   Data           1  stm32f10x_it.o(.data)
    i                                        0x20000129   Data           1  stm32f10x_it.o(.data)
    tt                                       0x2000012a   Data           2  stm32f10x_it.o(.data)
    showcounter                              0x2000012c   Data           2  stm32f10x_it.o(.data)
    counter                                  0x20000130   Data           4  stm32f10x_it.o(.data)
    temp                                     0x20000134   Data           4  stm32f10x_it.o(.data)
    .data                                    0x20000138   Section        8  usart.o(.data)
    .data                                    0x20000140   Section     1728  thermocouple.o(.data)
    .data                                    0x20000800   Section       28  ad7124.o(.data)
    ADcounter                                0x2000081a   Data           2  ad7124.o(.data)
    .bss                                     0x2000081c   Section     1608  global.o(.bss)
    .bss                                     0x20000e64   Section      160  main.o(.bss)
    .bss                                     0x20000f04   Section       32  ad7124.o(.bss)
    .bss                                     0x20000f24   Section       96  libspace.o(.bss)
    HEAP                                     0x20000f88   Section      512  startup_stm32f10x_md.o(HEAP)
    Heap_Mem                                 0x20000f88   Data         512  startup_stm32f10x_md.o(HEAP)
    STACK                                    0x20001188   Section     1024  startup_stm32f10x_md.o(STACK)
    Stack_Mem                                0x20001188   Data        1024  startup_stm32f10x_md.o(STACK)
    __initial_sp                             0x20001588   Data           0  startup_stm32f10x_md.o(STACK)

    Global Symbols

    Symbol Name                              Value     Ov Type        Size  Object(Section)

    BuildAttributes$$THM_ISAv4$P$D$K$B$S$PE$A:L22UL41UL21$X:L11$S22US41US21$IEEE1$IW$USESV6$~STKCKD$USESV7$~SHL$OTIME$ROPI$IEEEX$EBA8$UX$STANDARDLIB$REQ8$PRES8$EABIv2 0x00000000   Number         0  anon$$obj.o ABSOLUTE
    __ARM_use_no_argv                        0x00000000   Number         0  main.o ABSOLUTE
    _printf_flags                            0x00000000   Number         0  printf_stubs.o ABSOLUTE
    _printf_return_value                     0x00000000   Number         0  printf_stubs.o ABSOLUTE
    _printf_sizespec                         0x00000000   Number         0  printf_stubs.o ABSOLUTE
    _printf_widthprec                        0x00000000   Number         0  printf_stubs.o ABSOLUTE
    __ARM_exceptions_init                     - Undefined Weak Reference
    __alloca_initialize                       - Undefined Weak Reference
    __arm_preinit_                            - Undefined Weak Reference
    __cpp_initialize__aeabi_                  - Undefined Weak Reference
    __cxa_finalize                            - Undefined Weak Reference
    __sigvec_lookup                           - Undefined Weak Reference
    _atexit_init                              - Undefined Weak Reference
    _call_atexit_fns                          - Undefined Weak Reference
    _clock_init                               - Undefined Weak Reference
    _fp_trap_init                             - Undefined Weak Reference
    _fp_trap_shutdown                         - Undefined Weak Reference
    _get_lc_collate                           - Undefined Weak Reference
    _get_lc_ctype                             - Undefined Weak Reference
    _get_lc_monetary                          - Undefined Weak Reference
    _get_lc_time                              - Undefined Weak Reference
    _getenv_init                              - Undefined Weak Reference
    _handle_redirection                       - Undefined Weak Reference
    _init_alloc                               - Undefined Weak Reference
    _init_user_alloc                          - Undefined Weak Reference
    _initio                                   - Undefined Weak Reference
    _mutex_acquire                            - Undefined Weak Reference
    _mutex_release                            - Undefined Weak Reference
    _rand_init                                - Undefined Weak Reference
    _signal_finish                            - Undefined Weak Reference
    _signal_init                              - Undefined Weak Reference
    _terminate_alloc                          - Undefined Weak Reference
    _terminate_user_alloc                     - Undefined Weak Reference
    _terminateio                              - Undefined Weak Reference
    __Vectors_Size                           0x000000ec   Number         0  startup_stm32f10x_md.o ABSOLUTE
    __Vectors                                0x08000000   Data           4  startup_stm32f10x_md.o(RESET)
    __Vectors_End                            0x080000ec   Data           0  startup_stm32f10x_md.o(RESET)
    __main                                   0x080000ed   Thumb Code     8  __main.o(!!!main)
    __scatterload                            0x080000f5   Thumb Code     0  __scatter.o(!!!scatter)
    __scatterload_rt2                        0x080000f5   Thumb Code    44  __scatter.o(!!!scatter)
    __scatterload_rt2_thumb_only             0x080000f5   Thumb Code     0  __scatter.o(!!!scatter)
    __scatterload_null                       0x08000103   Thumb Code     0  __scatter.o(!!!scatter)
    __decompress                             0x08000129   Thumb Code    90  __dczerorl2.o(!!dczerorl2)
    __decompress1                            0x08000129   Thumb Code     0  __dczerorl2.o(!!dczerorl2)
    __scatterload_zeroinit                   0x08000185   Thumb Code    28  __scatter_zi.o(!!handler_zi)
    _printf_f                                0x080001a1   Thumb Code     0  _printf_f.o(.ARM.Collect$$_printf_percent$$00000003)
    _printf_percent                          0x080001a1   Thumb Code     0  _printf_percent.o(.ARM.Collect$$_printf_percent$$00000000)
    _printf_percent_end                      0x080001a7   Thumb Code     0  _printf_percent_end.o(.ARM.Collect$$_printf_percent$$00000017)
    __rt_lib_init                            0x080001ab   Thumb Code     0  libinit.o(.ARM.Collect$$libinit$$00000000)
    __rt_lib_init_fp_1                       0x080001ad   Thumb Code     0  libinit2.o(.ARM.Collect$$libinit$$00000002)
    __rt_lib_init_heap_1                     0x080001ad   Thumb Code     0  libinit2.o(.ARM.Collect$$libinit$$0000000A)
    __rt_lib_init_lc_common                  0x080001ad   Thumb Code     0  libinit2.o(.ARM.Collect$$libinit$$0000000F)
    __rt_lib_init_preinit_1                  0x080001ad   Thumb Code     0  libinit2.o(.ARM.Collect$$libinit$$00000004)
    __rt_lib_init_rand_1                     0x080001ad   Thumb Code     0  libinit2.o(.ARM.Collect$$libinit$$0000000E)
    __rt_lib_init_user_alloc_1               0x080001ad   Thumb Code     0  libinit2.o(.ARM.Collect$$libinit$$0000000C)
    __rt_lib_init_lc_collate_1               0x080001b3   Thumb Code     0  libinit2.o(.ARM.Collect$$libinit$$00000011)
    __rt_lib_init_lc_ctype_1                 0x080001b3   Thumb Code     0  libinit2.o(.ARM.Collect$$libinit$$00000013)
    __rt_lib_init_lc_monetary_1              0x080001b3   Thumb Code     0  libinit2.o(.ARM.Collect$$libinit$$00000015)
    __rt_lib_init_lc_numeric_2               0x080001b3   Thumb Code     0  libinit2.o(.ARM.Collect$$libinit$$00000016)
    __rt_lib_init_alloca_1                   0x080001bd   Thumb Code     0  libinit2.o(.ARM.Collect$$libinit$$0000002E)
    __rt_lib_init_argv_1                     0x080001bd   Thumb Code     0  libinit2.o(.ARM.Collect$$libinit$$0000002C)
    __rt_lib_init_atexit_1                   0x080001bd   Thumb Code     0  libinit2.o(.ARM.Collect$$libinit$$0000001B)
    __rt_lib_init_clock_1                    0x080001bd   Thumb Code     0  libinit2.o(.ARM.Collect$$libinit$$00000021)
    __rt_lib_init_cpp_1                      0x080001bd   Thumb Code     0  libinit2.o(.ARM.Collect$$libinit$$00000032)
    __rt_lib_init_exceptions_1               0x080001bd   Thumb Code     0  libinit2.o(.ARM.Collect$$libinit$$00000030)
    __rt_lib_init_fp_trap_1                  0x080001bd   Thumb Code     0  libinit2.o(.ARM.Collect$$libinit$$0000001F)
    __rt_lib_init_getenv_1                   0x080001bd   Thumb Code     0  libinit2.o(.ARM.Collect$$libinit$$00000023)
    __rt_lib_init_lc_numeric_1               0x080001bd   Thumb Code     0  libinit2.o(.ARM.Collect$$libinit$$00000017)
    __rt_lib_init_lc_time_1                  0x080001bd   Thumb Code     0  libinit2.o(.ARM.Collect$$libinit$$00000019)
    __rt_lib_init_return                     0x080001bd   Thumb Code     0  libinit2.o(.ARM.Collect$$libinit$$00000033)
    __rt_lib_init_signal_1                   0x080001bd   Thumb Code     0  libinit2.o(.ARM.Collect$$libinit$$0000001D)
    __rt_lib_init_stdio_1                    0x080001bd   Thumb Code     0  libinit2.o(.ARM.Collect$$libinit$$00000025)
    __rt_lib_shutdown                        0x080001bf   Thumb Code     0  libshutdown.o(.ARM.Collect$$libshutdown$$00000000)
    __rt_lib_shutdown_cpp_1                  0x080001c1   Thumb Code     0  libshutdown2.o(.ARM.Collect$$libshutdown$$00000002)
    __rt_lib_shutdown_fp_trap_1              0x080001c1   Thumb Code     0  libshutdown2.o(.ARM.Collect$$libshutdown$$00000007)
    __rt_lib_shutdown_heap_1                 0x080001c1   Thumb Code     0  libshutdown2.o(.ARM.Collect$$libshutdown$$0000000F)
    __rt_lib_shutdown_return                 0x080001c1   Thumb Code     0  libshutdown2.o(.ARM.Collect$$libshutdown$$00000010)
    __rt_lib_shutdown_signal_1               0x080001c1   Thumb Code     0  libshutdown2.o(.ARM.Collect$$libshutdown$$0000000A)
    __rt_lib_shutdown_stdio_1                0x080001c1   Thumb Code     0  libshutdown2.o(.ARM.Collect$$libshutdown$$00000004)
    __rt_lib_shutdown_user_alloc_1           0x080001c1   Thumb Code     0  libshutdown2.o(.ARM.Collect$$libshutdown$$0000000C)
    __rt_entry                               0x080001c3   Thumb Code     0  __rtentry.o(.ARM.Collect$$rtentry$$00000000)
    __rt_entry_presh_1                       0x080001c3   Thumb Code     0  __rtentry2.o(.ARM.Collect$$rtentry$$00000002)
    __rt_entry_sh                            0x080001c3   Thumb Code     0  __rtentry4.o(.ARM.Collect$$rtentry$$00000004)
    __rt_entry_li                            0x080001c9   Thumb Code     0  __rtentry2.o(.ARM.Collect$$rtentry$$0000000A)
    __rt_entry_postsh_1                      0x080001c9   Thumb Code     0  __rtentry2.o(.ARM.Collect$$rtentry$$00000009)
    __rt_entry_main                          0x080001cd   Thumb Code     0  __rtentry2.o(.ARM.Collect$$rtentry$$0000000D)
    __rt_entry_postli_1                      0x080001cd   Thumb Code     0  __rtentry2.o(.ARM.Collect$$rtentry$$0000000C)
    __rt_exit                                0x080001d5   Thumb Code     0  rtexit.o(.ARM.Collect$$rtexit$$00000000)
    __rt_exit_ls                             0x080001d7   Thumb Code     0  rtexit2.o(.ARM.Collect$$rtexit$$00000003)
    __rt_exit_prels_1                        0x080001d7   Thumb Code     0  rtexit2.o(.ARM.Collect$$rtexit$$00000002)
    __rt_exit_exit                           0x080001db   Thumb Code     0  rtexit2.o(.ARM.Collect$$rtexit$$00000004)
    SystemInit                               0x080002bf   Thumb Code    78  system_stm32f10x.o(.text)
    SystemCoreClockUpdate                    0x0800030d   Thumb Code   142  system_stm32f10x.o(.text)
    Reset_Handler                            0x080003c1   Thumb Code     8  startup_stm32f10x_md.o(.text)
    ADC1_2_IRQHandler                        0x080003db   Thumb Code     0  startup_stm32f10x_md.o(.text)
    CAN1_RX1_IRQHandler                      0x080003db   Thumb Code     0  startup_stm32f10x_md.o(.text)
    CAN1_SCE_IRQHandler                      0x080003db   Thumb Code     0  startup_stm32f10x_md.o(.text)
    DMA1_Channel1_IRQHandler                 0x080003db   Thumb Code     0  startup_stm32f10x_md.o(.text)
    DMA1_Channel2_IRQHandler                 0x080003db   Thumb Code     0  startup_stm32f10x_md.o(.text)
    DMA1_Channel3_IRQHandler                 0x080003db   Thumb Code     0  startup_stm32f10x_md.o(.text)
    DMA1_Channel4_IRQHandler                 0x080003db   Thumb Code     0  startup_stm32f10x_md.o(.text)
    DMA1_Channel5_IRQHandler                 0x080003db   Thumb Code     0  startup_stm32f10x_md.o(.text)
    DMA1_Channel6_IRQHandler                 0x080003db   Thumb Code     0  startup_stm32f10x_md.o(.text)
    DMA1_Channel7_IRQHandler                 0x080003db   Thumb Code     0  startup_stm32f10x_md.o(.text)
    EXTI0_IRQHandler                         0x080003db   Thumb Code     0  startup_stm32f10x_md.o(.text)
    EXTI15_10_IRQHandler                     0x080003db   Thumb Code     0  startup_stm32f10x_md.o(.text)
    EXTI1_IRQHandler                         0x080003db   Thumb Code     0  startup_stm32f10x_md.o(.text)
    EXTI2_IRQHandler                         0x080003db   Thumb Code     0  startup_stm32f10x_md.o(.text)
    EXTI3_IRQHandler                         0x080003db   Thumb Code     0  startup_stm32f10x_md.o(.text)
    EXTI4_IRQHandler                         0x080003db   Thumb Code     0  startup_stm32f10x_md.o(.text)
    EXTI9_5_IRQHandler                       0x080003db   Thumb Code     0  startup_stm32f10x_md.o(.text)
    FLASH_IRQHandler                         0x080003db   Thumb Code     0  startup_stm32f10x_md.o(.text)
    I2C1_ER_IRQHandler                       0x080003db   Thumb Code     0  startup_stm32f10x_md.o(.text)
    I2C1_EV_IRQHandler                       0x080003db   Thumb Code     0  startup_stm32f10x_md.o(.text)
    I2C2_ER_IRQHandler                       0x080003db   Thumb Code     0  startup_stm32f10x_md.o(.text)
    I2C2_EV_IRQHandler                       0x080003db   Thumb Code     0  startup_stm32f10x_md.o(.text)
    PVD_IRQHandler                           0x080003db   Thumb Code     0  startup_stm32f10x_md.o(.text)
    RCC_IRQHandler                           0x080003db   Thumb Code     0  startup_stm32f10x_md.o(.text)
    RTCAlarm_IRQHandler                      0x080003db   Thumb Code     0  startup_stm32f10x_md.o(.text)
    RTC_IRQHandler                           0x080003db   Thumb Code     0  startup_stm32f10x_md.o(.text)
    SPI1_IRQHandler                          0x080003db   Thumb Code     0  startup_stm32f10x_md.o(.text)
    SPI2_IRQHandler                          0x080003db   Thumb Code     0  startup_stm32f10x_md.o(.text)
    TAMPER_IRQHandler                        0x080003db   Thumb Code     0  startup_stm32f10x_md.o(.text)
    TIM1_BRK_IRQHandler                      0x080003db   Thumb Code     0  startup_stm32f10x_md.o(.text)
    TIM1_CC_IRQHandler                       0x080003db   Thumb Code     0  startup_stm32f10x_md.o(.text)
    TIM1_TRG_COM_IRQHandler                  0x080003db   Thumb Code     0  startup_stm32f10x_md.o(.text)
    TIM1_UP_IRQHandler                       0x080003db   Thumb Code     0  startup_stm32f10x_md.o(.text)
    USART3_IRQHandler                        0x080003db   Thumb Code     0  startup_stm32f10x_md.o(.text)
    USBWakeUp_IRQHandler                     0x080003db   Thumb Code     0  startup_stm32f10x_md.o(.text)
    USB_HP_CAN1_TX_IRQHandler                0x080003db   Thumb Code     0  startup_stm32f10x_md.o(.text)
    USB_LP_CAN1_RX0_IRQHandler               0x080003db   Thumb Code     0  startup_stm32f10x_md.o(.text)
    WWDG_IRQHandler                          0x080003db   Thumb Code     0  startup_stm32f10x_md.o(.text)
    __user_initial_stackheap                 0x080003dd   Thumb Code     0  startup_stm32f10x_md.o(.text)
    NVIC_PriorityGroupConfig                 0x08000401   Thumb Code    10  misc.o(.text)
    NVIC_Init                                0x0800040b   Thumb Code   100  misc.o(.text)
    NVIC_SetVectorTable                      0x0800046f   Thumb Code    14  misc.o(.text)
    NVIC_SystemLPConfig                      0x0800047d   Thumb Code    34  misc.o(.text)
    SysTick_CLKSourceConfig                  0x0800049f   Thumb Code    40  misc.o(.text)
    BKP_DeInit                               0x080004dd   Thumb Code    16  stm32f10x_bkp.o(.text)
    BKP_TamperPinLevelConfig                 0x080004ed   Thumb Code     6  stm32f10x_bkp.o(.text)
    BKP_TamperPinCmd                         0x080004f3   Thumb Code     8  stm32f10x_bkp.o(.text)
    BKP_ITConfig                             0x080004fb   Thumb Code     8  stm32f10x_bkp.o(.text)
    BKP_RTCOutputConfig                      0x08000503   Thumb Code    22  stm32f10x_bkp.o(.text)
    BKP_SetRTCCalibrationValue               0x08000519   Thumb Code    22  stm32f10x_bkp.o(.text)
    BKP_WriteBackupRegister                  0x0800052f   Thumb Code    24  stm32f10x_bkp.o(.text)
    BKP_ReadBackupRegister                   0x08000547   Thumb Code    26  stm32f10x_bkp.o(.text)
    BKP_GetFlagStatus                        0x08000561   Thumb Code    10  stm32f10x_bkp.o(.text)
    BKP_ClearFlag                            0x0800056b   Thumb Code    18  stm32f10x_bkp.o(.text)
    BKP_GetITStatus                          0x0800057d   Thumb Code    10  stm32f10x_bkp.o(.text)
    BKP_ClearITPendingBit                    0x08000587   Thumb Code    18  stm32f10x_bkp.o(.text)
    DMA_DeInit                               0x080005a1   Thumb Code   324  stm32f10x_dma.o(.text)
    DMA_Init                                 0x080006e5   Thumb Code    60  stm32f10x_dma.o(.text)
    DMA_StructInit                           0x08000721   Thumb Code    26  stm32f10x_dma.o(.text)
    DMA_Cmd                                  0x0800073b   Thumb Code    24  stm32f10x_dma.o(.text)
    DMA_ITConfig                             0x08000753   Thumb Code    18  stm32f10x_dma.o(.text)
    DMA_SetCurrDataCounter                   0x08000765   Thumb Code     4  stm32f10x_dma.o(.text)
    DMA_GetCurrDataCounter                   0x08000769   Thumb Code     8  stm32f10x_dma.o(.text)
    DMA_GetFlagStatus                        0x08000771   Thumb Code    40  stm32f10x_dma.o(.text)
    DMA_ClearFlag                            0x08000799   Thumb Code    22  stm32f10x_dma.o(.text)
    DMA_GetITStatus                          0x080007af   Thumb Code    40  stm32f10x_dma.o(.text)
    DMA_ClearITPendingBit                    0x080007d7   Thumb Code    22  stm32f10x_dma.o(.text)
    EXTI_DeInit                              0x080007f5   Thumb Code    28  stm32f10x_exti.o(.text)
    EXTI_Init                                0x08000811   Thumb Code   142  stm32f10x_exti.o(.text)
    EXTI_StructInit                          0x0800089f   Thumb Code    16  stm32f10x_exti.o(.text)
    EXTI_GenerateSWInterrupt                 0x080008af   Thumb Code    16  stm32f10x_exti.o(.text)
    EXTI_GetFlagStatus                       0x080008bf   Thumb Code    22  stm32f10x_exti.o(.text)
    EXTI_ClearFlag                           0x080008d5   Thumb Code     8  stm32f10x_exti.o(.text)
    EXTI_GetITStatus                         0x080008dd   Thumb Code    34  stm32f10x_exti.o(.text)
    EXTI_ClearITPendingBit                   0x080008ff   Thumb Code     8  stm32f10x_exti.o(.text)
    GPIO_DeInit                              0x08000911   Thumb Code   172  stm32f10x_gpio.o(.text)
    GPIO_AFIODeInit                          0x080009bd   Thumb Code    20  stm32f10x_gpio.o(.text)
    GPIO_Init                                0x080009d1   Thumb Code   278  stm32f10x_gpio.o(.text)
    GPIO_StructInit                          0x08000ae7   Thumb Code    16  stm32f10x_gpio.o(.text)
    GPIO_ReadInputDataBit                    0x08000af7   Thumb Code    18  stm32f10x_gpio.o(.text)
    GPIO_ReadInputData                       0x08000b09   Thumb Code     8  stm32f10x_gpio.o(.text)
    GPIO_ReadOutputDataBit                   0x08000b11   Thumb Code    18  stm32f10x_gpio.o(.text)
    GPIO_ReadOutputData                      0x08000b23   Thumb Code     8  stm32f10x_gpio.o(.text)
    GPIO_SetBits                             0x08000b2b   Thumb Code     4  stm32f10x_gpio.o(.text)
    GPIO_ResetBits                           0x08000b2f   Thumb Code     4  stm32f10x_gpio.o(.text)
    GPIO_WriteBit                            0x08000b33   Thumb Code    10  stm32f10x_gpio.o(.text)
    GPIO_Write                               0x08000b3d   Thumb Code     4  stm32f10x_gpio.o(.text)
    GPIO_PinLockConfig                       0x08000b41   Thumb Code    18  stm32f10x_gpio.o(.text)
    GPIO_EventOutputConfig                   0x08000b53   Thumb Code    26  stm32f10x_gpio.o(.text)
    GPIO_EventOutputCmd                      0x08000b6d   Thumb Code     6  stm32f10x_gpio.o(.text)
    GPIO_PinRemapConfig                      0x08000b73   Thumb Code   138  stm32f10x_gpio.o(.text)
    GPIO_EXTILineConfig                      0x08000bfd   Thumb Code    66  stm32f10x_gpio.o(.text)
    GPIO_ETH_MediaInterfaceConfig            0x08000c3f   Thumb Code     8  stm32f10x_gpio.o(.text)
    PWR_DeInit                               0x08000c6d   Thumb Code    22  stm32f10x_pwr.o(.text)
    PWR_BackupAccessCmd                      0x08000c83   Thumb Code     6  stm32f10x_pwr.o(.text)
    PWR_PVDCmd                               0x08000c89   Thumb Code     6  stm32f10x_pwr.o(.text)
    PWR_PVDLevelConfig                       0x08000c8f   Thumb Code    18  stm32f10x_pwr.o(.text)
    PWR_WakeUpPinCmd                         0x08000ca1   Thumb Code     8  stm32f10x_pwr.o(.text)
    PWR_EnterSTOPMode                        0x08000ca9   Thumb Code    54  stm32f10x_pwr.o(.text)
    PWR_EnterSTANDBYMode                     0x08000cdf   Thumb Code    42  stm32f10x_pwr.o(.text)
    PWR_GetFlagStatus                        0x08000d09   Thumb Code    20  stm32f10x_pwr.o(.text)
    PWR_ClearFlag                            0x08000d1d   Thumb Code    14  stm32f10x_pwr.o(.text)
    RCC_DeInit                               0x08000d39   Thumb Code    64  stm32f10x_rcc.o(.text)
    RCC_HSEConfig                            0x08000d79   Thumb Code    70  stm32f10x_rcc.o(.text)
    RCC_GetFlagStatus                        0x08000dbf   Thumb Code    56  stm32f10x_rcc.o(.text)
    RCC_WaitForHSEStartUp                    0x08000df7   Thumb Code    56  stm32f10x_rcc.o(.text)
    RCC_AdjustHSICalibrationValue            0x08000e2f   Thumb Code    20  stm32f10x_rcc.o(.text)
    RCC_HSICmd                               0x08000e43   Thumb Code     6  stm32f10x_rcc.o(.text)
    RCC_PLLConfig                            0x08000e49   Thumb Code    24  stm32f10x_rcc.o(.text)
    RCC_PLLCmd                               0x08000e61   Thumb Code     6  stm32f10x_rcc.o(.text)
    RCC_SYSCLKConfig                         0x08000e67   Thumb Code    18  stm32f10x_rcc.o(.text)
    RCC_GetSYSCLKSource                      0x08000e79   Thumb Code    10  stm32f10x_rcc.o(.text)
    RCC_HCLKConfig                           0x08000e83   Thumb Code    18  stm32f10x_rcc.o(.text)
    RCC_PCLK1Config                          0x08000e95   Thumb Code    18  stm32f10x_rcc.o(.text)
    RCC_PCLK2Config                          0x08000ea7   Thumb Code    20  stm32f10x_rcc.o(.text)
    RCC_ITConfig                             0x08000ebb   Thumb Code    26  stm32f10x_rcc.o(.text)
    RCC_USBCLKConfig                         0x08000ed5   Thumb Code     8  stm32f10x_rcc.o(.text)
    RCC_ADCCLKConfig                         0x08000edd   Thumb Code    18  stm32f10x_rcc.o(.text)
    RCC_LSEConfig                            0x08000eef   Thumb Code    50  stm32f10x_rcc.o(.text)
    RCC_LSICmd                               0x08000f21   Thumb Code     6  stm32f10x_rcc.o(.text)
    RCC_RTCCLKConfig                         0x08000f27   Thumb Code    12  stm32f10x_rcc.o(.text)
    RCC_RTCCLKCmd                            0x08000f33   Thumb Code     8  stm32f10x_rcc.o(.text)
    RCC_GetClocksFreq                        0x08000f3b   Thumb Code   192  stm32f10x_rcc.o(.text)
    RCC_AHBPeriphClockCmd                    0x08000ffb   Thumb Code    26  stm32f10x_rcc.o(.text)
    RCC_APB2PeriphClockCmd                   0x08001015   Thumb Code    26  stm32f10x_rcc.o(.text)
    RCC_APB1PeriphClockCmd                   0x0800102f   Thumb Code    26  stm32f10x_rcc.o(.text)
    RCC_APB2PeriphResetCmd                   0x08001049   Thumb Code    26  stm32f10x_rcc.o(.text)
    RCC_APB1PeriphResetCmd                   0x08001063   Thumb Code    26  stm32f10x_rcc.o(.text)
    RCC_BackupResetCmd                       0x0800107d   Thumb Code     8  stm32f10x_rcc.o(.text)
    RCC_ClockSecuritySystemCmd               0x08001085   Thumb Code     6  stm32f10x_rcc.o(.text)
    RCC_MCOConfig                            0x0800108b   Thumb Code     6  stm32f10x_rcc.o(.text)
    RCC_ClearFlag                            0x08001091   Thumb Code    14  stm32f10x_rcc.o(.text)
    RCC_GetITStatus                          0x0800109f   Thumb Code    20  stm32f10x_rcc.o(.text)
    RCC_ClearITPendingBit                    0x080010b3   Thumb Code     6  stm32f10x_rcc.o(.text)
    TIM_DeInit                               0x080010dd   Thumb Code   424  stm32f10x_tim.o(.text)
    TIM_TimeBaseInit                         0x08001285   Thumb Code   122  stm32f10x_tim.o(.text)
    TIM_OC1Init                              0x080012ff   Thumb Code   132  stm32f10x_tim.o(.text)
    TIM_OC2Init                              0x08001383   Thumb Code   154  stm32f10x_tim.o(.text)
    TIM_OC3Init                              0x0800141d   Thumb Code   150  stm32f10x_tim.o(.text)
    TIM_OC4Init                              0x080014b3   Thumb Code   182  stm32f10x_tim.o(.text)
    TIM_SetIC4Prescaler                      0x08001569   Thumb Code    26  stm32f10x_tim.o(.text)
    TIM_SetIC3Prescaler                      0x08001605   Thumb Code    18  stm32f10x_tim.o(.text)
    TIM_SetIC2Prescaler                      0x08001691   Thumb Code    26  stm32f10x_tim.o(.text)
    TIM_SetIC1Prescaler                      0x0800172d   Thumb Code    18  stm32f10x_tim.o(.text)
    TIM_ICInit                               0x080017ab   Thumb Code   150  stm32f10x_tim.o(.text)
    TIM_PWMIConfig                           0x08001841   Thumb Code   124  stm32f10x_tim.o(.text)
    TIM_BDTRConfig                           0x080018bd   Thumb Code    32  stm32f10x_tim.o(.text)
    TIM_TimeBaseStructInit                   0x080018dd   Thumb Code    18  stm32f10x_tim.o(.text)
    TIM_OCStructInit                         0x080018ef   Thumb Code    20  stm32f10x_tim.o(.text)
    TIM_ICStructInit                         0x08001903   Thumb Code    18  stm32f10x_tim.o(.text)
    TIM_BDTRStructInit                       0x08001915   Thumb Code    40  stm32f10x_tim.o(.text)
    TIM_Cmd                                  0x0800193d   Thumb Code    24  stm32f10x_tim.o(.text)
    TIM_CtrlPWMOutputs                       0x08001955   Thumb Code    30  stm32f10x_tim.o(.text)
    TIM_ITConfig                             0x08001973   Thumb Code    18  stm32f10x_tim.o(.text)
    TIM_GenerateEvent                        0x08001985   Thumb Code     4  stm32f10x_tim.o(.text)
    TIM_DMAConfig                            0x08001989   Thumb Code    10  stm32f10x_tim.o(.text)
    TIM_DMACmd                               0x08001993   Thumb Code    18  stm32f10x_tim.o(.text)
    TIM_InternalClockConfig                  0x080019a5   Thumb Code    12  stm32f10x_tim.o(.text)
    TIM_SelectInputTrigger                   0x080019b1   Thumb Code    18  stm32f10x_tim.o(.text)
    TIM_ITRxExternalClockConfig              0x080019c3   Thumb Code    24  stm32f10x_tim.o(.text)
    TIM_TIxExternalClockConfig               0x080019db   Thumb Code    62  stm32f10x_tim.o(.text)
    TIM_ETRConfig                            0x08001a19   Thumb Code    28  stm32f10x_tim.o(.text)
    TIM_ETRClockMode1Config                  0x08001a35   Thumb Code    54  stm32f10x_tim.o(.text)
    TIM_ETRClockMode2Config                  0x08001a6b   Thumb Code    32  stm32f10x_tim.o(.text)
    TIM_PrescalerConfig                      0x08001a8b   Thumb Code     6  stm32f10x_tim.o(.text)
    TIM_CounterModeConfig                    0x08001a91   Thumb Code    18  stm32f10x_tim.o(.text)
    TIM_EncoderInterfaceConfig               0x08001aa3   Thumb Code    66  stm32f10x_tim.o(.text)
    TIM_ForcedOC1Config                      0x08001ae5   Thumb Code    18  stm32f10x_tim.o(.text)
    TIM_ForcedOC2Config                      0x08001af7   Thumb Code    26  stm32f10x_tim.o(.text)
    TIM_ForcedOC3Config                      0x08001b11   Thumb Code    18  stm32f10x_tim.o(.text)
    TIM_ForcedOC4Config                      0x08001b23   Thumb Code    26  stm32f10x_tim.o(.text)
    TIM_ARRPreloadConfig                     0x08001b3d   Thumb Code    24  stm32f10x_tim.o(.text)
    TIM_SelectCOM                            0x08001b55   Thumb Code    24  stm32f10x_tim.o(.text)
    TIM_SelectCCDMA                          0x08001b6d   Thumb Code    24  stm32f10x_tim.o(.text)
    TIM_CCPreloadControl                     0x08001b85   Thumb Code    24  stm32f10x_tim.o(.text)
    TIM_OC1PreloadConfig                     0x08001b9d   Thumb Code    18  stm32f10x_tim.o(.text)
    TIM_OC2PreloadConfig                     0x08001baf   Thumb Code    26  stm32f10x_tim.o(.text)
    TIM_OC3PreloadConfig                     0x08001bc9   Thumb Code    18  stm32f10x_tim.o(.text)
    TIM_OC4PreloadConfig                     0x08001bdb   Thumb Code    26  stm32f10x_tim.o(.text)
    TIM_OC1FastConfig                        0x08001bf5   Thumb Code    18  stm32f10x_tim.o(.text)
    TIM_OC2FastConfig                        0x08001c07   Thumb Code    26  stm32f10x_tim.o(.text)
    TIM_OC3FastConfig                        0x08001c21   Thumb Code    18  stm32f10x_tim.o(.text)
    TIM_OC4FastConfig                        0x08001c33   Thumb Code    26  stm32f10x_tim.o(.text)
    TIM_ClearOC1Ref                          0x08001c4d   Thumb Code    18  stm32f10x_tim.o(.text)
    TIM_ClearOC2Ref                          0x08001c5f   Thumb Code    24  stm32f10x_tim.o(.text)
    TIM_ClearOC3Ref                          0x08001c77   Thumb Code    18  stm32f10x_tim.o(.text)
    TIM_ClearOC4Ref                          0x08001c89   Thumb Code    24  stm32f10x_tim.o(.text)
    TIM_OC1PolarityConfig                    0x08001ca1   Thumb Code    18  stm32f10x_tim.o(.text)
    TIM_OC1NPolarityConfig                   0x08001cb3   Thumb Code    18  stm32f10x_tim.o(.text)
    TIM_OC2PolarityConfig                    0x08001cc5   Thumb Code    26  stm32f10x_tim.o(.text)
    TIM_OC2NPolarityConfig                   0x08001cdf   Thumb Code    26  stm32f10x_tim.o(.text)
    TIM_OC3PolarityConfig                    0x08001cf9   Thumb Code    26  stm32f10x_tim.o(.text)
    TIM_OC3NPolarityConfig                   0x08001d13   Thumb Code    26  stm32f10x_tim.o(.text)
    TIM_OC4PolarityConfig                    0x08001d2d   Thumb Code    26  stm32f10x_tim.o(.text)
    TIM_CCxCmd                               0x08001d47   Thumb Code    30  stm32f10x_tim.o(.text)
    TIM_CCxNCmd                              0x08001d65   Thumb Code    30  stm32f10x_tim.o(.text)
    TIM_SelectOCxM                           0x08001d83   Thumb Code    82  stm32f10x_tim.o(.text)
    TIM_UpdateDisableConfig                  0x08001dd5   Thumb Code    24  stm32f10x_tim.o(.text)
    TIM_UpdateRequestConfig                  0x08001ded   Thumb Code    24  stm32f10x_tim.o(.text)
    TIM_SelectHallSensor                     0x08001e05   Thumb Code    24  stm32f10x_tim.o(.text)
    TIM_SelectOnePulseMode                   0x08001e1d   Thumb Code    18  stm32f10x_tim.o(.text)
    TIM_SelectOutputTrigger                  0x08001e2f   Thumb Code    18  stm32f10x_tim.o(.text)
    TIM_SelectSlaveMode                      0x08001e41   Thumb Code    18  stm32f10x_tim.o(.text)
    TIM_SelectMasterSlaveMode                0x08001e53   Thumb Code    18  stm32f10x_tim.o(.text)
    TIM_SetCounter                           0x08001e65   Thumb Code     4  stm32f10x_tim.o(.text)
    TIM_SetAutoreload                        0x08001e69   Thumb Code     4  stm32f10x_tim.o(.text)
    TIM_SetCompare1                          0x08001e6d   Thumb Code     4  stm32f10x_tim.o(.text)
    TIM_SetCompare2                          0x08001e71   Thumb Code     4  stm32f10x_tim.o(.text)
    TIM_SetCompare3                          0x08001e75   Thumb Code     4  stm32f10x_tim.o(.text)
    TIM_SetCompare4                          0x08001e79   Thumb Code     6  stm32f10x_tim.o(.text)
    TIM_SetClockDivision                     0x08001e7f   Thumb Code    18  stm32f10x_tim.o(.text)
    TIM_GetCapture1                          0x08001e91   Thumb Code     6  stm32f10x_tim.o(.text)
    TIM_GetCapture2                          0x08001e97   Thumb Code     6  stm32f10x_tim.o(.text)
    TIM_GetCapture3                          0x08001e9d   Thumb Code     6  stm32f10x_tim.o(.text)
    TIM_GetCapture4                          0x08001ea3   Thumb Code     8  stm32f10x_tim.o(.text)
    TIM_GetCounter                           0x08001eab   Thumb Code     6  stm32f10x_tim.o(.text)
    TIM_GetPrescaler                         0x08001eb1   Thumb Code     6  stm32f10x_tim.o(.text)
    TIM_GetFlagStatus                        0x08001eb7   Thumb Code    18  stm32f10x_tim.o(.text)
    TIM_ClearFlag                            0x08001ec9   Thumb Code     6  stm32f10x_tim.o(.text)
    TIM_GetITStatus                          0x08001ecf   Thumb Code    34  stm32f10x_tim.o(.text)
    TIM_ClearITPendingBit                    0x08001ef1   Thumb Code     6  stm32f10x_tim.o(.text)
    USART_DeInit                             0x08001ef9   Thumb Code   134  stm32f10x_usart.o(.text)
    USART_Init                               0x08001f7f   Thumb Code   210  stm32f10x_usart.o(.text)
    USART_StructInit                         0x08002051   Thumb Code    24  stm32f10x_usart.o(.text)
    USART_ClockInit                          0x08002069   Thumb Code    34  stm32f10x_usart.o(.text)
    USART_ClockStructInit                    0x0800208b   Thumb Code    12  stm32f10x_usart.o(.text)
    USART_Cmd                                0x08002097   Thumb Code    24  stm32f10x_usart.o(.text)
    USART_ITConfig                           0x080020af   Thumb Code    74  stm32f10x_usart.o(.text)
    USART_DMACmd                             0x080020f9   Thumb Code    18  stm32f10x_usart.o(.text)
    USART_SetAddress                         0x0800210b   Thumb Code    18  stm32f10x_usart.o(.text)
    USART_WakeUpConfig                       0x0800211d   Thumb Code    18  stm32f10x_usart.o(.text)
    USART_ReceiverWakeUpCmd                  0x0800212f   Thumb Code    24  stm32f10x_usart.o(.text)
    USART_LINBreakDetectLengthConfig         0x08002147   Thumb Code    18  stm32f10x_usart.o(.text)
    USART_LINCmd                             0x08002159   Thumb Code    24  stm32f10x_usart.o(.text)
    USART_SendData                           0x08002171   Thumb Code     8  stm32f10x_usart.o(.text)
    USART_ReceiveData                        0x08002179   Thumb Code    10  stm32f10x_usart.o(.text)
    USART_SendBreak                          0x08002183   Thumb Code    10  stm32f10x_usart.o(.text)
    USART_SetGuardTime                       0x0800218d   Thumb Code    16  stm32f10x_usart.o(.text)
    USART_SetPrescaler                       0x0800219d   Thumb Code    16  stm32f10x_usart.o(.text)
    USART_SmartCardCmd                       0x080021ad   Thumb Code    24  stm32f10x_usart.o(.text)
    USART_SmartCardNACKCmd                   0x080021c5   Thumb Code    24  stm32f10x_usart.o(.text)
    USART_HalfDuplexCmd                      0x080021dd   Thumb Code    24  stm32f10x_usart.o(.text)
    USART_OverSampling8Cmd                   0x080021f5   Thumb Code    22  stm32f10x_usart.o(.text)
    USART_OneBitMethodCmd                    0x0800220b   Thumb Code    24  stm32f10x_usart.o(.text)
    USART_IrDAConfig                         0x08002223   Thumb Code    18  stm32f10x_usart.o(.text)
    USART_IrDACmd                            0x08002235   Thumb Code    24  stm32f10x_usart.o(.text)
    USART_GetFlagStatus                      0x0800224d   Thumb Code    26  stm32f10x_usart.o(.text)
    USART_ClearFlag                          0x08002267   Thumb Code    18  stm32f10x_usart.o(.text)
    USART_GetITStatus                        0x08002279   Thumb Code    84  stm32f10x_usart.o(.text)
    USART_ClearITPendingBit                  0x080022cd   Thumb Code    52  stm32f10x_usart.o(.text)
    delay_ms                                 0x0800234d   Thumb Code    44  delay.o(.text)
    delay_us                                 0x08002379   Thumb Code    42  delay.o(.text)
    TimingDelay_Decrement                    0x080023a3   Thumb Code    18  delay.o(.text)
    USART_configuration                      0x080023c9   Thumb Code   148  deviceinit.o(.text)
    TIM4_configuration                       0x0800245d   Thumb Code    78  deviceinit.o(.text)
    NVIC_Configuration                       0x080024ab   Thumb Code    66  deviceinit.o(.text)
    GPIO_Configuration                       0x080024ed   Thumb Code   236  deviceinit.o(.text)
    RCC_Configuration                        0x080025d9   Thumb Code    22  deviceinit.o(.text)
    bspinit                                  0x080025ef   Thumb Code    24  deviceinit.o(.text)
    TIM2_configuration                       0x08002607   Thumb Code    86  deviceinit.o(.text)
    TIM3_configuration                       0x0800265d   Thumb Code    78  deviceinit.o(.text)
    AD_filter                                0x080026d1   Thumb Code    76  main.o(.text)
    AD_filter2                               0x0800271d   Thumb Code    76  main.o(.text)
    main                                     0x08002769   Thumb Code   384  main.o(.text)
    NMI_Handler                              0x08002965   Thumb Code     2  stm32f10x_it.o(.text)
    HardFault_Handler                        0x08002967   Thumb Code     4  stm32f10x_it.o(.text)
    MemManage_Handler                        0x0800296b   Thumb Code     4  stm32f10x_it.o(.text)
    BusFault_Handler                         0x0800296f   Thumb Code     4  stm32f10x_it.o(.text)
    UsageFault_Handler                       0x08002973   Thumb Code     4  stm32f10x_it.o(.text)
    SVC_Handler                              0x08002977   Thumb Code     2  stm32f10x_it.o(.text)
    DebugMon_Handler                         0x08002979   Thumb Code     2  stm32f10x_it.o(.text)
    PendSV_Handler                           0x0800297b   Thumb Code     2  stm32f10x_it.o(.text)
    SysTick_Handler                          0x0800297d   Thumb Code     8  stm32f10x_it.o(.text)
    USART1_IRQHandler                        0x08002985   Thumb Code    88  stm32f10x_it.o(.text)
    USART2_IRQHandler                        0x080029dd   Thumb Code    82  stm32f10x_it.o(.text)
    TIM2_IRQHandler                          0x08002a2f   Thumb Code   136  stm32f10x_it.o(.text)
    TIM3_IRQHandler                          0x08002ab7   Thumb Code   114  stm32f10x_it.o(.text)
    TIM4_IRQHandler                          0x08002b29   Thumb Code    56  stm32f10x_it.o(.text)
    usart_SendBuffer                         0x08002ba9   Thumb Code    48  usart.o(.text)
    USART_Tx_Byte                            0x08002bd9   Thumb Code    38  usart.o(.text)
    USART_Tx_nByte                           0x08002bff   Thumb Code    36  usart.o(.text)
    USART_Tx_String                          0x08002c23   Thumb Code    34  usart.o(.text)
    Trans_Byte1                              0x08002c45   Thumb Code    14  usart.o(.text)
    Trans_String                             0x08002c53   Thumb Code    26  usart.o(.text)
    USART_Rx_Byte                            0x08002c81   Thumb Code    34  usart.o(.text)
    SendChar                                 0x08002ca3   Thumb Code    26  usart.o(.text)
    GetKey                                   0x08002cbd   Thumb Code    26  usart.o(.text)
    fputc                                    0x08002cd7   Thumb Code    14  usart.o(.text)
    fgetc                                    0x08002ce5   Thumb Code    16  usart.o(.text)
    _ttywrch                                 0x08002cf5   Thumb Code    12  usart.o(.text)
    _ferror                                  0x08002d01   Thumb Code     8  usart.o(.text)
    _sys_exit                                0x08002d09   Thumb Code     4  usart.o(.text)
    Put_Char                                 0x08002d0d   Thumb Code    14  usart.o(.text)
    CalculateTemperature                     0x08002d2d   Thumb Code   214  pt100.o(.text)
    S_TtoV                                   0x08002e11   Thumb Code   246  thermocouple.o(.text)
    R_TtoV                                   0x08002f07   Thumb Code   246  thermocouple.o(.text)
    B_TtoV                                   0x08002ffd   Thumb Code   178  thermocouple.o(.text)
    K_TtoV                                   0x080030af   Thumb Code   494  thermocouple.o(.text)
    N_TtoV                                   0x0800329d   Thumb Code   146  thermocouple.o(.text)
    E_TtoV                                   0x0800332f   Thumb Code   146  thermocouple.o(.text)
    J_TtoV                                   0x080033c1   Thumb Code   156  thermocouple.o(.text)
    T_TtoV                                   0x0800345d   Thumb Code   146  thermocouple.o(.text)
    S_VtoT                                   0x080034ef   Thumb Code   310  thermocouple.o(.text)
    R_VtoT                                   0x08003625   Thumb Code   412  thermocouple.o(.text)
    B_VtoT                                   0x080037c1   Thumb Code   140  thermocouple.o(.text)
    K_VtoT                                   0x0800384d   Thumb Code   244  thermocouple.o(.text)
    N_VtoT                                   0x08003941   Thumb Code   242  thermocouple.o(.text)
    E_VtoT                                   0x08003a33   Thumb Code   290  thermocouple.o(.text)
    J_VtoT                                   0x08003b55   Thumb Code   242  thermocouple.o(.text)
    T_VtoT                                   0x08003c47   Thumb Code   160  thermocouple.o(.text)
    AD_Delay                                 0x08003d19   Thumb Code    28  ad7124.o(.text)
    AD7124_HardInit                          0x08003d35   Thumb Code    56  ad7124.o(.text)
    AD7124_SPI_WB                            0x08003d6d   Thumb Code    66  ad7124.o(.text)
    AD7124_RDATA                             0x08003daf   Thumb Code    52  ad7124.o(.text)
    AD7124_SPI_RB                            0x08003de3   Thumb Code    56  ad7124.o(.text)
    AD7124_Read_Reg                          0x08003e1b   Thumb Code    98  ad7124.o(.text)
    Get_AD7124_ID                            0x08003e7d   Thumb Code    18  ad7124.o(.text)
    AD7124_Reset                             0x08003e8f   Thumb Code    70  ad7124.o(.text)
    AD7124_Write_Reg                         0x08003ed5   Thumb Code    98  ad7124.o(.text)
    AD7124_Set_Gain                          0x08003f37   Thumb Code   114  ad7124.o(.text)
    AD7124_SINGLE_INIT                       0x08003fa9   Thumb Code   198  ad7124.o(.text)
    AD7124_MUL_INIT                          0x0800406f   Thumb Code   256  ad7124.o(.text)
    AD7124_PT100_INIT_3Wire                  0x0800416f   Thumb Code    74  ad7124.o(.text)
    AD7124_PT100_INIT_4Wire                  0x080041b9   Thumb Code    76  ad7124.o(.text)
    AD7124_Thermocouple_init                 0x08004205   Thumb Code    64  ad7124.o(.text)
    Get_Once_Vol                             0x08004245   Thumb Code   286  ad7124.o(.text)
    AD_Indication                            0x08004363   Thumb Code    28  ad7124.o(.text)
    AD_Tim_Scan                              0x0800437f   Thumb Code   274  ad7124.o(.text)
    __I$use$semihosting                      0x080044c1   Thumb Code     0  use_no_semi.o(.text)
    __use_no_semihosting_swi                 0x080044c1   Thumb Code     2  use_no_semi.o(.text)
    __2printf                                0x080044c5   Thumb Code    20  noretval__2printf.o(.text)
    _printf_pre_padding                      0x080044dd   Thumb Code    44  _printf_pad.o(.text)
    _printf_post_padding                     0x08004509   Thumb Code    34  _printf_pad.o(.text)
    __printf                                 0x0800452d   Thumb Code   308  __printf_flags_wp.o(.text)
    __use_two_region_memory                  0x08004665   Thumb Code     2  heapauxi.o(.text)
    __rt_heap_escrow$2region                 0x08004667   Thumb Code     2  heapauxi.o(.text)
    __rt_heap_expand$2region                 0x08004669   Thumb Code     2  heapauxi.o(.text)
    __read_errno                             0x0800466b   Thumb Code    10  _rserrno.o(.text)
    __set_errno                              0x08004675   Thumb Code    12  _rserrno.o(.text)
    __lib_sel_fp_printf                      0x08004681   Thumb Code     2  _printf_fp_dec.o(.text)
    _printf_fp_dec_real                      0x08004833   Thumb Code   620  _printf_fp_dec.o(.text)
    _printf_char_file                        0x08004aa1   Thumb Code    32  _printf_char_file.o(.text)
    __rt_locale                              0x08004ac5   Thumb Code     8  rt_locale_intlibspace.o(.text)
    __aeabi_errno_addr                       0x08004acd   Thumb Code     8  rt_errno_addr_intlibspace.o(.text)
    __errno$intlibspace                      0x08004acd   Thumb Code     0  rt_errno_addr_intlibspace.o(.text)
    __rt_errno_addr$intlibspace              0x08004acd   Thumb Code     0  rt_errno_addr_intlibspace.o(.text)
    _ll_udiv10                               0x08004ad5   Thumb Code   138  lludiv10.o(.text)
    _printf_char_common                      0x08004b6b   Thumb Code    32  _printf_char_common.o(.text)
    _printf_fp_infnan                        0x08004b91   Thumb Code   112  _printf_fp_infnan.o(.text)
    _btod_etento                             0x08004c11   Thumb Code   224  bigflt0.o(.text)
    ferror                                   0x08004cf5   Thumb Code     8  ferror.o(.text)
    __user_libspace                          0x08004cfd   Thumb Code     8  libspace.o(.text)
    __user_perproc_libspace                  0x08004cfd   Thumb Code     0  libspace.o(.text)
    __user_perthread_libspace                0x08004cfd   Thumb Code     0  libspace.o(.text)
    __user_setup_stackheap                   0x08004d05   Thumb Code    74  sys_stackheap_outer.o(.text)
    exit                                     0x08004d4f   Thumb Code    18  exit.o(.text)
    strcmp                                   0x08004d61   Thumb Code   128  strcmpv7m.o(.text)
    _btod_d2e                                0x08004de1   Thumb Code    62  btod.o(CL$$btod_d2e)
    _d2e_denorm_low                          0x08004e1f   Thumb Code    70  btod.o(CL$$btod_d2e_denorm_low)
    _d2e_norm_op1                            0x08004e65   Thumb Code    96  btod.o(CL$$btod_d2e_norm_op1)
    __btod_div_common                        0x08004ec5   Thumb Code   696  btod.o(CL$$btod_div_common)
    _e2e                                     0x080051fd   Thumb Code   220  btod.o(CL$$btod_e2e)
    _btod_ediv                               0x080052d9   Thumb Code    42  btod.o(CL$$btod_ediv)
    _btod_emul                               0x08005303   Thumb Code    42  btod.o(CL$$btod_emul)
    __btod_mult_common                       0x0800532d   Thumb Code   580  btod.o(CL$$btod_mult_common)
    __ARM_fpclassify                         0x08005571   Thumb Code    40  fpclassify.o(i.__ARM_fpclassify)
    __kernel_poly                            0x08005599   Thumb Code   170  poly.o(i.__kernel_poly)
    __mathlib_dbl_infnan                     0x08005643   Thumb Code     6  dunder.o(i.__mathlib_dbl_infnan)
    __mathlib_dbl_overflow                   0x08005649   Thumb Code    14  dunder.o(i.__mathlib_dbl_overflow)
    __mathlib_dbl_underflow                  0x08005659   Thumb Code    10  dunder.o(i.__mathlib_dbl_underflow)
    _is_digit                                0x08005669   Thumb Code    14  __printf_wp.o(i._is_digit)
    exp                                      0x08005679   Thumb Code   554  exp.o(i.exp)
    _get_lc_numeric                          0x080058fd   Thumb Code    44  lc_numeric_c.o(locale$$code)
    __aeabi_d2f                              0x08005929   Thumb Code     0  d2f.o(x$fpl$d2f)
    _d2f                                     0x08005929   Thumb Code    98  d2f.o(x$fpl$d2f)
    __aeabi_dadd                             0x0800598d   Thumb Code     0  daddsub_clz.o(x$fpl$dadd)
    _dadd                                    0x0800598d   Thumb Code   332  daddsub_clz.o(x$fpl$dadd)
    __fpl_dcheck_NaN1                        0x08005add   Thumb Code    10  dcheck1.o(x$fpl$dcheck1)
    __fpl_dcmp_Inf                           0x08005aed   Thumb Code    24  dcmpi.o(x$fpl$dcmpinf)
    __aeabi_ddiv                             0x08005b05   Thumb Code     0  ddiv.o(x$fpl$ddiv)
    _ddiv                                    0x08005b05   Thumb Code   552  ddiv.o(x$fpl$ddiv)
    __aeabi_d2iz                             0x08005db5   Thumb Code     0  dfix.o(x$fpl$dfix)
    _dfix                                    0x08005db5   Thumb Code    94  dfix.o(x$fpl$dfix)
    __aeabi_i2d                              0x08005e13   Thumb Code     0  dflt_clz.o(x$fpl$dflt)
    _dflt                                    0x08005e13   Thumb Code    46  dflt_clz.o(x$fpl$dflt)
    __aeabi_ui2d                             0x08005e41   Thumb Code     0  dflt_clz.o(x$fpl$dfltu)
    _dfltu                                   0x08005e41   Thumb Code    38  dflt_clz.o(x$fpl$dfltu)
    __aeabi_cdcmple                          0x08005e69   Thumb Code     0  dleqf.o(x$fpl$dleqf)
    _dcmple                                  0x08005e69   Thumb Code   120  dleqf.o(x$fpl$dleqf)
    __fpl_dcmple_InfNaN                      0x08005ecb   Thumb Code     0  dleqf.o(x$fpl$dleqf)
    __aeabi_dmul                             0x08005ee1   Thumb Code     0  dmul.o(x$fpl$dmul)
    _dmul                                    0x08005ee1   Thumb Code   332  dmul.o(x$fpl$dmul)
    __fpl_dnaninf                            0x08006035   Thumb Code   156  dnaninf.o(x$fpl$dnaninf)
    __fpl_dretinf                            0x080060d1   Thumb Code    12  dretinf.o(x$fpl$dretinf)
    __aeabi_cdrcmple                         0x080060dd   Thumb Code     0  drleqf.o(x$fpl$drleqf)
    _drcmple                                 0x080060dd   Thumb Code   108  drleqf.o(x$fpl$drleqf)
    __aeabi_drsub                            0x08006149   Thumb Code     0  daddsub_clz.o(x$fpl$drsb)
    _drsb                                    0x08006149   Thumb Code    22  daddsub_clz.o(x$fpl$drsb)
    __aeabi_dsub                             0x08006161   Thumb Code     0  daddsub_clz.o(x$fpl$dsub)
    _dsub                                    0x08006161   Thumb Code   464  daddsub_clz.o(x$fpl$dsub)
    __aeabi_f2d                              0x08006335   Thumb Code     0  f2d.o(x$fpl$f2d)
    _f2d                                     0x08006335   Thumb Code    86  f2d.o(x$fpl$f2d)
    __aeabi_fadd                             0x0800638d   Thumb Code     0  faddsub_clz.o(x$fpl$fadd)
    _fadd                                    0x0800638d   Thumb Code   196  faddsub_clz.o(x$fpl$fadd)
    __fpl_fcmp_Inf                           0x08006451   Thumb Code    24  fcmpi.o(x$fpl$fcmpinf)
    __aeabi_fdiv                             0x08006469   Thumb Code     0  fdiv.o(x$fpl$fdiv)
    _fdiv                                    0x08006469   Thumb Code   384  fdiv.o(x$fpl$fdiv)
    __aeabi_i2f                              0x080065ed   Thumb Code     0  fflt_clz.o(x$fpl$fflt)
    _fflt                                    0x080065ed   Thumb Code    48  fflt_clz.o(x$fpl$fflt)
    __aeabi_cfcmple                          0x0800661d   Thumb Code     0  fleqf.o(x$fpl$fleqf)
    _fcmple                                  0x0800661d   Thumb Code   104  fleqf.o(x$fpl$fleqf)
    __fpl_fcmple_InfNaN                      0x0800666f   Thumb Code     0  fleqf.o(x$fpl$fleqf)
    __aeabi_fmul                             0x08006685   Thumb Code     0  fmul.o(x$fpl$fmul)
    _fmul                                    0x08006685   Thumb Code   258  fmul.o(x$fpl$fmul)
    __fpl_fnaninf                            0x08006787   Thumb Code   140  fnaninf.o(x$fpl$fnaninf)
    __fpl_fretinf                            0x08006813   Thumb Code    10  fretinf.o(x$fpl$fretinf)
    __aeabi_cfrcmple                         0x0800681d   Thumb Code     0  frleqf.o(x$fpl$frleqf)
    _frcmple                                 0x0800681d   Thumb Code    98  frleqf.o(x$fpl$frleqf)
    __aeabi_fsub                             0x08006881   Thumb Code     0  faddsub_clz.o(x$fpl$fsub)
    _fsub                                    0x08006881   Thumb Code   234  faddsub_clz.o(x$fpl$fsub)
    _printf_fp_dec                           0x0800696b   Thumb Code     4  printf1.o(x$fpl$printf1)
    __fpl_return_NaN                         0x0800696f   Thumb Code   100  retnan.o(x$fpl$retnan)
    __ARM_scalbn                             0x080069d3   Thumb Code    92  scalbn.o(x$fpl$scalbn)
    __fpl_cmpreturn                          0x08006a2f   Thumb Code    48  trapv.o(x$fpl$trapveneer)
    __I$use$fp                               0x08006a5e   Number         0  usenofp.o(x$fpl$usenofp)
    RTD_TAB_PT100                            0x08006a60   Data         844  pt100.o(.constdata)
    Region$$Table$$Base                      0x08006ef0   Number         0  anon$$obj.o(Region$$Table)
    Region$$Table$$Limit                     0x08006f10   Number         0  anon$$obj.o(Region$$Table)
    SystemCoreClock                          0x20000000   Data           4  system_stm32f10x.o(.data)
    AHBPrescTable                            0x20000004   Data          16  system_stm32f10x.o(.data)
    TimingDelay                              0x20000028   Data           4  delay.o(.data)
    e2p_int32                                0x2000002c   Data           4  global.o(.data)
    e2p_float                                0x20000030   Data           4  global.o(.data)
    wflash                                   0x20000034   Data           4  global.o(.data)
    PCBID                                    0x20000038   Data           4  global.o(.data)
    CANID                                    0x2000003c   Data           2  global.o(.data)
    RESO                                     0x20000040   Data           4  global.o(.data)
    RADIO                                    0x20000044   Data           4  global.o(.data)
    OFFSET                                   0x20000048   Data           4  global.o(.data)
    MODE                                     0x2000004c   Data           1  global.o(.data)
    CAN_BAUD                                 0x2000004d   Data           1  global.o(.data)
    ADRATE                                   0x2000004e   Data           1  global.o(.data)
    write_flag                               0x2000004f   Data           1  global.o(.data)
    can_recv_flag                            0x20000050   Data           1  global.o(.data)
    canflag                                  0x20000051   Data           1  global.o(.data)
    myflag                                   0x20000052   Data           1  global.o(.data)
    DeviceType                               0x20000053   Data           1  global.o(.data)
    Trig                                     0x20000054   Data           1  global.o(.data)
    CAN_addr                                 0x20000055   Data           1  global.o(.data)
    CAN_baud                                 0x20000058   Data           4  global.o(.data)
    global_counter                           0x2000005c   Data           4  global.o(.data)
    AD7175_ID                                0x20000060   Data           2  global.o(.data)
    POS_30mV                                 0x20000064   Data           4  global.o(.data)
    Zero_30mV                                0x20000068   Data           4  global.o(.data)
    NEG_30mV                                 0x2000006c   Data           4  global.o(.data)
    POS_300mV                                0x20000070   Data           4  global.o(.data)
    Zero_300mV                               0x20000074   Data           4  global.o(.data)
    NEG_300mV                                0x20000078   Data           4  global.o(.data)
    POS_3V                                   0x2000007c   Data           4  global.o(.data)
    Zero_3V                                  0x20000080   Data           4  global.o(.data)
    NEG_3V                                   0x20000084   Data           4  global.o(.data)
    Acq_value                                0x20000088   Data           4  global.o(.data)
    old_value                                0x2000008c   Data           4  global.o(.data)
    counter                                  0x20000090   Data           4  global.o(.data)
    Acq_value1                               0x20000094   Data           4  global.o(.data)
    measured                                 0x20000098   Data           4  global.o(.data)
    old_measured                             0x2000009c   Data           4  global.o(.data)
    hold_measured                            0x200000a0   Data           4  global.o(.data)
    max_measured                             0x200000a4   Data           4  global.o(.data)
    min_measured                             0x200000a8   Data           4  global.o(.data)
    temp_measured                            0x200000ac   Data           4  global.o(.data)
    current_zero                             0x200000b0   Data           4  global.o(.data)
    init_zero                                0x200000b4   Data           4  global.o(.data)
    Calradio                                 0x200000b8   Data           4  global.o(.data)
    Offset                                   0x200000bc   Data           4  global.o(.data)
    cycle                                    0x200000c0   Data           2  global.o(.data)
    k_zero                                   0x200000c2   Data           1  global.o(.data)
    k_relative                               0x200000c3   Data           1  global.o(.data)
    k_reset                                  0x200000c4   Data           1  global.o(.data)
    measured1                                0x200000c8   Data           4  global.o(.data)
    measured2                                0x200000cc   Data           4  global.o(.data)
    measured3                                0x200000d0   Data           4  global.o(.data)
    measured4                                0x200000d4   Data           4  global.o(.data)
    CAN_measured1                            0x200000d8   Data           4  global.o(.data)
    CAN_measured2                            0x200000dc   Data           4  global.o(.data)
    CAN_measured3                            0x200000e0   Data           4  global.o(.data)
    CAN_measured4                            0x200000e4   Data           4  global.o(.data)
    current_zero1                            0x200000e8   Data           4  global.o(.data)
    current_zero2                            0x200000ec   Data           4  global.o(.data)
    current_zero3                            0x200000f0   Data           4  global.o(.data)
    current_zero4                            0x200000f4   Data           4  global.o(.data)
    init_zero1                               0x200000f8   Data           4  global.o(.data)
    init_zero2                               0x200000fc   Data           4  global.o(.data)
    init_zero3                               0x20000100   Data           4  global.o(.data)
    init_zero4                               0x20000104   Data           4  global.o(.data)
    Resistance                               0x20000108   Data           4  global.o(.data)
    TempPt100                                0x2000010c   Data           4  global.o(.data)
    tempvoltage                              0x20000110   Data           4  global.o(.data)
    THtemp                                   0x20000114   Data           4  global.o(.data)
    i                                        0x20000118   Data           1  main.o(.data)
    i2                                       0x20000119   Data           1  main.o(.data)
    NVIC_InitStructure                       0x2000011c   Data           4  stm32f10x_it.o(.data)
    EXTI_InitStructure                       0x20000120   Data           8  stm32f10x_it.o(.data)
    __stdout                                 0x20000138   Data           4  usart.o(.data)
    __stdin                                  0x2000013c   Data           4  usart.o(.data)
    tmp                                      0x20000140   Data           4  thermocouple.o(.data)
    Var_TtoV_S                               0x20000144   Data         108  thermocouple.o(.data)
    Var_TtoV_R                               0x200001b0   Data         120  thermocouple.o(.data)
    Var_TtoV_B                               0x20000228   Data          72  thermocouple.o(.data)
    Var_TtoV_K                               0x20000270   Data         132  thermocouple.o(.data)
    Var_TtoV_N                               0x200002f4   Data          88  thermocouple.o(.data)
    Var_TtoV_E                               0x2000034c   Data         112  thermocouple.o(.data)
    Var_TtoV_J                               0x200003bc   Data          72  thermocouple.o(.data)
    Var_TtoV_T                               0x20000404   Data         120  thermocouple.o(.data)
    Var_VtoT_S                               0x2000047c   Data         160  thermocouple.o(.data)
    Var_VtoT_R                               0x2000051c   Data         176  thermocouple.o(.data)
    Var_VtoT_B                               0x200005cc   Data          72  thermocouple.o(.data)
    Var_VtoT_K                               0x20000614   Data         120  thermocouple.o(.data)
    Var_VtoT_N                               0x2000068c   Data         120  thermocouple.o(.data)
    Var_VtoT_E                               0x20000704   Data          80  thermocouple.o(.data)
    Var_VtoT_J                               0x20000754   Data         108  thermocouple.o(.data)
    Var_VtoT_T                               0x200007c0   Data          64  thermocouple.o(.data)
    AD_ID_REG                                0x20000800   Data           1  ad7124.o(.data)
    AD_Data                                  0x20000804   Data           4  ad7124.o(.data)
    data_temp                                0x20000808   Data           4  ad7124.o(.data)
    Vol                                      0x2000080c   Data           4  ad7124.o(.data)
    TH_voltage                               0x20000810   Data           4  ad7124.o(.data)
    DATA_STATUS                              0x20000814   Data           1  ad7124.o(.data)
    AD_Gain                                  0x20000815   Data           1  ad7124.o(.data)
    AD_Onetime_Trig                          0x20000816   Data           1  ad7124.o(.data)
    Samprate                                 0x20000817   Data           1  ad7124.o(.data)
    ad_start_working                         0x20000818   Data           1  ad7124.o(.data)
    myusart1                                 0x2000081c   Data         392  global.o(.bss)
    myusart2                                 0x200009a4   Data         392  global.o(.bss)
    can_tx                                   0x20000b2c   Data          20  global.o(.bss)
    can_rx                                   0x20000b40   Data          20  global.o(.bss)
    can_recv                                 0x20000b54   Data         640  global.o(.bss)
    writeoneline                             0x20000dd4   Data         128  global.o(.bss)
    radio                                    0x20000e54   Data          16  global.o(.bss)
    value_buf                                0x20000e64   Data          80  main.o(.bss)
    value_buf2                               0x20000eb4   Data          80  main.o(.bss)
    Actual_Voltage                           0x20000f04   Data          32  ad7124.o(.bss)
    __libspace_start                         0x20000f24   Data          96  libspace.o(.bss)
    __temporary_stack_top$libspace           0x20000f84   Data           0  libspace.o(.bss)



==============================================================================

Memory Map of the image

  Image Entry point : 0x080000ed

  Load Region LR_IROM1 (Base: 0x08000000, Size: 0x00007748, Max: 0x00010000, ABSOLUTE, COMPRESSED[0x000074d4])

    Execution Region ER_IROM1 (Exec base: 0x08000000, Load base: 0x08000000, Size: 0x00006f2c, Max: 0x00010000, ABSOLUTE)

    Exec Addr    Load Addr    Size         Type   Attr      Idx    E Section Name        Object

    0x08000000   0x08000000   0x000000ec   Data   RO           86    RESET               startup_stm32f10x_md.o
    0x080000ec   0x080000ec   0x00000008   Code   RO          640  * !!!main             c_w.l(__main.o)
    0x080000f4   0x080000f4   0x00000034   Code   RO          958    !!!scatter          c_w.l(__scatter.o)
    0x08000128   0x08000128   0x0000005a   Code   RO          956    !!dczerorl2         c_w.l(__dczerorl2.o)
    0x08000182   0x08000182   0x00000002   PAD
    0x08000184   0x08000184   0x0000001c   Code   RO          960    !!handler_zi        c_w.l(__scatter_zi.o)
    0x080001a0   0x080001a0   0x00000000   Code   RO          637    .ARM.Collect$$_printf_percent$$00000000  c_w.l(_printf_percent.o)
    0x080001a0   0x080001a0   0x00000006   Code   RO          636    .ARM.Collect$$_printf_percent$$00000003  c_w.l(_printf_f.o)
    0x080001a6   0x080001a6   0x00000004   Code   RO          709    .ARM.Collect$$_printf_percent$$00000017  c_w.l(_printf_percent_end.o)
    0x080001aa   0x080001aa   0x00000002   Code   RO          831    .ARM.Collect$$libinit$$00000000  c_w.l(libinit.o)
    0x080001ac   0x080001ac   0x00000000   Code   RO          833    .ARM.Collect$$libinit$$00000002  c_w.l(libinit2.o)
    0x080001ac   0x080001ac   0x00000000   Code   RO          835    .ARM.Collect$$libinit$$00000004  c_w.l(libinit2.o)
    0x080001ac   0x080001ac   0x00000000   Code   RO          838    .ARM.Collect$$libinit$$0000000A  c_w.l(libinit2.o)
    0x080001ac   0x080001ac   0x00000000   Code   RO          840    .ARM.Collect$$libinit$$0000000C  c_w.l(libinit2.o)
    0x080001ac   0x080001ac   0x00000000   Code   RO          842    .ARM.Collect$$libinit$$0000000E  c_w.l(libinit2.o)
    0x080001ac   0x080001ac   0x00000006   Code   RO          843    .ARM.Collect$$libinit$$0000000F  c_w.l(libinit2.o)
    0x080001b2   0x080001b2   0x00000000   Code   RO          845    .ARM.Collect$$libinit$$00000011  c_w.l(libinit2.o)
    0x080001b2   0x080001b2   0x00000000   Code   RO          847    .ARM.Collect$$libinit$$00000013  c_w.l(libinit2.o)
    0x080001b2   0x080001b2   0x00000000   Code   RO          849    .ARM.Collect$$libinit$$00000015  c_w.l(libinit2.o)
    0x080001b2   0x080001b2   0x0000000a   Code   RO          850    .ARM.Collect$$libinit$$00000016  c_w.l(libinit2.o)
    0x080001bc   0x080001bc   0x00000000   Code   RO          851    .ARM.Collect$$libinit$$00000017  c_w.l(libinit2.o)
    0x080001bc   0x080001bc   0x00000000   Code   RO          853    .ARM.Collect$$libinit$$00000019  c_w.l(libinit2.o)
    0x080001bc   0x080001bc   0x00000000   Code   RO          855    .ARM.Collect$$libinit$$0000001B  c_w.l(libinit2.o)
    0x080001bc   0x080001bc   0x00000000   Code   RO          857    .ARM.Collect$$libinit$$0000001D  c_w.l(libinit2.o)
    0x080001bc   0x080001bc   0x00000000   Code   RO          859    .ARM.Collect$$libinit$$0000001F  c_w.l(libinit2.o)
    0x080001bc   0x080001bc   0x00000000   Code   RO          861    .ARM.Collect$$libinit$$00000021  c_w.l(libinit2.o)
    0x080001bc   0x080001bc   0x00000000   Code   RO          863    .ARM.Collect$$libinit$$00000023  c_w.l(libinit2.o)
    0x080001bc   0x080001bc   0x00000000   Code   RO          865    .ARM.Collect$$libinit$$00000025  c_w.l(libinit2.o)
    0x080001bc   0x080001bc   0x00000000   Code   RO          869    .ARM.Collect$$libinit$$0000002C  c_w.l(libinit2.o)
    0x080001bc   0x080001bc   0x00000000   Code   RO          871    .ARM.Collect$$libinit$$0000002E  c_w.l(libinit2.o)
    0x080001bc   0x080001bc   0x00000000   Code   RO          873    .ARM.Collect$$libinit$$00000030  c_w.l(libinit2.o)
    0x080001bc   0x080001bc   0x00000000   Code   RO          875    .ARM.Collect$$libinit$$00000032  c_w.l(libinit2.o)
    0x080001bc   0x080001bc   0x00000002   Code   RO          876    .ARM.Collect$$libinit$$00000033  c_w.l(libinit2.o)
    0x080001be   0x080001be   0x00000002   Code   RO          908    .ARM.Collect$$libshutdown$$00000000  c_w.l(libshutdown.o)
    0x080001c0   0x080001c0   0x00000000   Code   RO          917    .ARM.Collect$$libshutdown$$00000002  c_w.l(libshutdown2.o)
    0x080001c0   0x080001c0   0x00000000   Code   RO          919    .ARM.Collect$$libshutdown$$00000004  c_w.l(libshutdown2.o)
    0x080001c0   0x080001c0   0x00000000   Code   RO          922    .ARM.Collect$$libshutdown$$00000007  c_w.l(libshutdown2.o)
    0x080001c0   0x080001c0   0x00000000   Code   RO          925    .ARM.Collect$$libshutdown$$0000000A  c_w.l(libshutdown2.o)
    0x080001c0   0x080001c0   0x00000000   Code   RO          927    .ARM.Collect$$libshutdown$$0000000C  c_w.l(libshutdown2.o)
    0x080001c0   0x080001c0   0x00000000   Code   RO          930    .ARM.Collect$$libshutdown$$0000000F  c_w.l(libshutdown2.o)
    0x080001c0   0x080001c0   0x00000002   Code   RO          931    .ARM.Collect$$libshutdown$$00000010  c_w.l(libshutdown2.o)
    0x080001c2   0x080001c2   0x00000000   Code   RO          702    .ARM.Collect$$rtentry$$00000000  c_w.l(__rtentry.o)
    0x080001c2   0x080001c2   0x00000000   Code   RO          749    .ARM.Collect$$rtentry$$00000002  c_w.l(__rtentry2.o)
    0x080001c2   0x080001c2   0x00000006   Code   RO          761    .ARM.Collect$$rtentry$$00000004  c_w.l(__rtentry4.o)
    0x080001c8   0x080001c8   0x00000000   Code   RO          751    .ARM.Collect$$rtentry$$00000009  c_w.l(__rtentry2.o)
    0x080001c8   0x080001c8   0x00000004   Code   RO          752    .ARM.Collect$$rtentry$$0000000A  c_w.l(__rtentry2.o)
    0x080001cc   0x080001cc   0x00000000   Code   RO          754    .ARM.Collect$$rtentry$$0000000C  c_w.l(__rtentry2.o)
    0x080001cc   0x080001cc   0x00000008   Code   RO          755    .ARM.Collect$$rtentry$$0000000D  c_w.l(__rtentry2.o)
    0x080001d4   0x080001d4   0x00000002   Code   RO          879    .ARM.Collect$$rtexit$$00000000  c_w.l(rtexit.o)
    0x080001d6   0x080001d6   0x00000000   Code   RO          888    .ARM.Collect$$rtexit$$00000002  c_w.l(rtexit2.o)
    0x080001d6   0x080001d6   0x00000004   Code   RO          889    .ARM.Collect$$rtexit$$00000003  c_w.l(rtexit2.o)
    0x080001da   0x080001da   0x00000006   Code   RO          890    .ARM.Collect$$rtexit$$00000004  c_w.l(rtexit2.o)
    0x080001e0   0x080001e0   0x000001e0   Code   RO           17    .text               system_stm32f10x.o
    0x080003c0   0x080003c0   0x00000040   Code   RO           87    .text               startup_stm32f10x_md.o
    0x08000400   0x08000400   0x000000dc   Code   RO           91    .text               misc.o
    0x080004dc   0x080004dc   0x000000c4   Code   RO          138    .text               stm32f10x_bkp.o
    0x080005a0   0x080005a0   0x00000254   Code   RO          222    .text               stm32f10x_dma.o
    0x080007f4   0x080007f4   0x0000011c   Code   RO          234    .text               stm32f10x_exti.o
    0x08000910   0x08000910   0x0000035c   Code   RO          273    .text               stm32f10x_gpio.o
    0x08000c6c   0x08000c6c   0x000000cc   Code   RO          297    .text               stm32f10x_pwr.o
    0x08000d38   0x08000d38   0x000003a4   Code   RO          312    .text               stm32f10x_rcc.o
    0x080010dc   0x080010dc   0x00000e1a   Code   RO          368    .text               stm32f10x_tim.o
    0x08001ef6   0x08001ef6   0x00000002   PAD
    0x08001ef8   0x08001ef8   0x00000408   Code   RO          380    .text               stm32f10x_usart.o
    0x08002300   0x08002300   0x000000c8   Code   RO          407    .text               delay.o
    0x080023c8   0x080023c8   0x00000308   Code   RO          466    .text               deviceinit.o
    0x080026d0   0x080026d0   0x00000294   Code   RO          496    .text               main.o
    0x08002964   0x08002964   0x00000244   Code   RO          513    .text               stm32f10x_it.o
    0x08002ba8   0x08002ba8   0x00000184   Code   RO          536    .text               usart.o
    0x08002d2c   0x08002d2c   0x000000e4   Code   RO          555    .text               pt100.o
    0x08002e10   0x08002e10   0x00000f08   Code   RO          570    .text               thermocouple.o
    0x08003d18   0x08003d18   0x000007a8   Code   RO          585    .text               ad7124.o
    0x080044c0   0x080044c0   0x00000002   Code   RO          606    .text               c_w.l(use_no_semi.o)
    0x080044c2   0x080044c2   0x00000002   PAD
    0x080044c4   0x080044c4   0x00000018   Code   RO          610    .text               c_w.l(noretval__2printf.o)
    0x080044dc   0x080044dc   0x0000004e   Code   RO          614    .text               c_w.l(_printf_pad.o)
    0x0800452a   0x0800452a   0x00000002   PAD
    0x0800452c   0x0800452c   0x00000138   Code   RO          628    .text               c_w.l(__printf_flags_wp.o)
    0x08004664   0x08004664   0x00000006   Code   RO          638    .text               c_w.l(heapauxi.o)
    0x0800466a   0x0800466a   0x00000016   Code   RO          703    .text               c_w.l(_rserrno.o)
    0x08004680   0x08004680   0x0000041e   Code   RO          705    .text               c_w.l(_printf_fp_dec.o)
    0x08004a9e   0x08004a9e   0x00000002   PAD
    0x08004aa0   0x08004aa0   0x00000024   Code   RO          707    .text               c_w.l(_printf_char_file.o)
    0x08004ac4   0x08004ac4   0x00000008   Code   RO          766    .text               c_w.l(rt_locale_intlibspace.o)
    0x08004acc   0x08004acc   0x00000008   Code   RO          771    .text               c_w.l(rt_errno_addr_intlibspace.o)
    0x08004ad4   0x08004ad4   0x0000008a   Code   RO          773    .text               c_w.l(lludiv10.o)
    0x08004b5e   0x08004b5e   0x00000002   PAD
    0x08004b60   0x08004b60   0x00000030   Code   RO          775    .text               c_w.l(_printf_char_common.o)
    0x08004b90   0x08004b90   0x00000080   Code   RO          777    .text               c_w.l(_printf_fp_infnan.o)
    0x08004c10   0x08004c10   0x000000e4   Code   RO          779    .text               c_w.l(bigflt0.o)
    0x08004cf4   0x08004cf4   0x00000008   Code   RO          804    .text               c_w.l(ferror.o)
    0x08004cfc   0x08004cfc   0x00000008   Code   RO          815    .text               c_w.l(libspace.o)
    0x08004d04   0x08004d04   0x0000004a   Code   RO          818    .text               c_w.l(sys_stackheap_outer.o)
    0x08004d4e   0x08004d4e   0x00000012   Code   RO          822    .text               c_w.l(exit.o)
    0x08004d60   0x08004d60   0x00000080   Code   RO          824    .text               c_w.l(strcmpv7m.o)
    0x08004de0   0x08004de0   0x0000003e   Code   RO          782    CL$$btod_d2e        c_w.l(btod.o)
    0x08004e1e   0x08004e1e   0x00000046   Code   RO          784    CL$$btod_d2e_denorm_low  c_w.l(btod.o)
    0x08004e64   0x08004e64   0x00000060   Code   RO          783    CL$$btod_d2e_norm_op1  c_w.l(btod.o)
    0x08004ec4   0x08004ec4   0x00000338   Code   RO          792    CL$$btod_div_common  c_w.l(btod.o)
    0x080051fc   0x080051fc   0x000000dc   Code   RO          789    CL$$btod_e2e        c_w.l(btod.o)
    0x080052d8   0x080052d8   0x0000002a   Code   RO          786    CL$$btod_ediv       c_w.l(btod.o)
    0x08005302   0x08005302   0x0000002a   Code   RO          785    CL$$btod_emul       c_w.l(btod.o)
    0x0800532c   0x0800532c   0x00000244   Code   RO          791    CL$$btod_mult_common  c_w.l(btod.o)
    0x08005570   0x08005570   0x00000028   Code   RO          743    i.__ARM_fpclassify  m_ws.l(fpclassify.o)
    0x08005598   0x08005598   0x000000aa   Code   RO          745    i.__kernel_poly     m_ws.l(poly.o)
    0x08005642   0x08005642   0x00000006   Code   RO          730    i.__mathlib_dbl_infnan  m_ws.l(dunder.o)
    0x08005648   0x08005648   0x0000000e   Code   RO          733    i.__mathlib_dbl_overflow  m_ws.l(dunder.o)
    0x08005656   0x08005656   0x00000002   PAD
    0x08005658   0x08005658   0x00000010   Code   RO          735    i.__mathlib_dbl_underflow  m_ws.l(dunder.o)
    0x08005668   0x08005668   0x0000000e   Code   RO          626    i._is_digit         c_w.l(__printf_wp.o)
    0x08005676   0x08005676   0x00000002   PAD
    0x08005678   0x08005678   0x00000284   Code   RO          693    i.exp               m_ws.l(exp.o)
    0x080058fc   0x080058fc   0x0000002c   Code   RO          809    locale$$code        c_w.l(lc_numeric_c.o)
    0x08005928   0x08005928   0x00000062   Code   RO          642    x$fpl$d2f           fz_ws.l(d2f.o)
    0x0800598a   0x0800598a   0x00000002   PAD
    0x0800598c   0x0800598c   0x00000150   Code   RO          644    x$fpl$dadd          fz_ws.l(daddsub_clz.o)
    0x08005adc   0x08005adc   0x00000010   Code   RO          811    x$fpl$dcheck1       fz_ws.l(dcheck1.o)
    0x08005aec   0x08005aec   0x00000018   Code   RO          710    x$fpl$dcmpinf       fz_ws.l(dcmpi.o)
    0x08005b04   0x08005b04   0x000002b0   Code   RO          651    x$fpl$ddiv          fz_ws.l(ddiv.o)
    0x08005db4   0x08005db4   0x0000005e   Code   RO          712    x$fpl$dfix          fz_ws.l(dfix.o)
    0x08005e12   0x08005e12   0x0000002e   Code   RO          655    x$fpl$dflt          fz_ws.l(dflt_clz.o)
    0x08005e40   0x08005e40   0x00000026   Code   RO          654    x$fpl$dfltu         fz_ws.l(dflt_clz.o)
    0x08005e66   0x08005e66   0x00000002   PAD
    0x08005e68   0x08005e68   0x00000078   Code   RO          660    x$fpl$dleqf         fz_ws.l(dleqf.o)
    0x08005ee0   0x08005ee0   0x00000154   Code   RO          662    x$fpl$dmul          fz_ws.l(dmul.o)
    0x08006034   0x08006034   0x0000009c   Code   RO          716    x$fpl$dnaninf       fz_ws.l(dnaninf.o)
    0x080060d0   0x080060d0   0x0000000c   Code   RO          718    x$fpl$dretinf       fz_ws.l(dretinf.o)
    0x080060dc   0x080060dc   0x0000006c   Code   RO          664    x$fpl$drleqf        fz_ws.l(drleqf.o)
    0x08006148   0x08006148   0x00000016   Code   RO          645    x$fpl$drsb          fz_ws.l(daddsub_clz.o)
    0x0800615e   0x0800615e   0x00000002   PAD
    0x08006160   0x08006160   0x000001d4   Code   RO          646    x$fpl$dsub          fz_ws.l(daddsub_clz.o)
    0x08006334   0x08006334   0x00000056   Code   RO          666    x$fpl$f2d           fz_ws.l(f2d.o)
    0x0800638a   0x0800638a   0x00000002   PAD
    0x0800638c   0x0800638c   0x000000c4   Code   RO          668    x$fpl$fadd          fz_ws.l(faddsub_clz.o)
    0x08006450   0x08006450   0x00000018   Code   RO          720    x$fpl$fcmpinf       fz_ws.l(fcmpi.o)
    0x08006468   0x08006468   0x00000184   Code   RO          675    x$fpl$fdiv          fz_ws.l(fdiv.o)
    0x080065ec   0x080065ec   0x00000030   Code   RO          679    x$fpl$fflt          fz_ws.l(fflt_clz.o)
    0x0800661c   0x0800661c   0x00000068   Code   RO          684    x$fpl$fleqf         fz_ws.l(fleqf.o)
    0x08006684   0x08006684   0x00000102   Code   RO          686    x$fpl$fmul          fz_ws.l(fmul.o)
    0x08006786   0x08006786   0x0000008c   Code   RO          722    x$fpl$fnaninf       fz_ws.l(fnaninf.o)
    0x08006812   0x08006812   0x0000000a   Code   RO          724    x$fpl$fretinf       fz_ws.l(fretinf.o)
    0x0800681c   0x0800681c   0x00000062   Code   RO          688    x$fpl$frleqf        fz_ws.l(frleqf.o)
    0x0800687e   0x0800687e   0x00000002   PAD
    0x08006880   0x08006880   0x000000ea   Code   RO          670    x$fpl$fsub          fz_ws.l(faddsub_clz.o)
    0x0800696a   0x0800696a   0x00000004   Code   RO          690    x$fpl$printf1       fz_ws.l(printf1.o)
    0x0800696e   0x0800696e   0x00000064   Code   RO          877    x$fpl$retnan        fz_ws.l(retnan.o)
    0x080069d2   0x080069d2   0x0000005c   Code   RO          726    x$fpl$scalbn        fz_ws.l(scalbn.o)
    0x08006a2e   0x08006a2e   0x00000030   Code   RO          885    x$fpl$trapveneer    fz_ws.l(trapv.o)
    0x08006a5e   0x08006a5e   0x00000000   Code   RO          728    x$fpl$usenofp       fz_ws.l(usenofp.o)
    0x08006a5e   0x08006a5e   0x00000002   PAD
    0x08006a60   0x08006a60   0x0000034c   Data   RO          556    .constdata          pt100.o
    0x08006dac   0x08006dac   0x00000011   Data   RO          629    .constdata          c_w.l(__printf_flags_wp.o)
    0x08006dbd   0x08006dbd   0x00000003   PAD
    0x08006dc0   0x08006dc0   0x00000058   Data   RO          694    .constdata          m_ws.l(exp.o)
    0x08006e18   0x08006e18   0x00000094   Data   RO          780    .constdata          c_w.l(bigflt0.o)
    0x08006eac   0x08006eac   0x00000041   Data   RO          498    .conststring        main.o
    0x08006eed   0x08006eed   0x00000003   PAD
    0x08006ef0   0x08006ef0   0x00000020   Data   RO          954    Region$$Table       anon$$obj.o
    0x08006f10   0x08006f10   0x0000001c   Data   RO          808    locale$$data        c_w.l(lc_numeric_c.o)


    Execution Region RW_IRAM1 (Exec base: 0x20000000, Load base: 0x08006f2c, Size: 0x00001588, Max: 0x00005000, ABSOLUTE, COMPRESSED[0x000005a8])

    Exec Addr    Load Addr    Size         Type   Attr      Idx    E Section Name        Object

    0x20000000   COMPRESSED   0x00000014   Data   RW           18    .data               system_stm32f10x.o
    0x20000014   COMPRESSED   0x00000014   Data   RW          313    .data               stm32f10x_rcc.o
    0x20000028   COMPRESSED   0x00000004   Data   RW          408    .data               delay.o
    0x2000002c   COMPRESSED   0x000000ec   Data   RW          483    .data               global.o
    0x20000118   COMPRESSED   0x00000002   Data   RW          499    .data               main.o
    0x2000011a   COMPRESSED   0x00000002   PAD
    0x2000011c   COMPRESSED   0x0000001c   Data   RW          515    .data               stm32f10x_it.o
    0x20000138   COMPRESSED   0x00000008   Data   RW          537    .data               usart.o
    0x20000140   COMPRESSED   0x000006c0   Data   RW          571    .data               thermocouple.o
    0x20000800   COMPRESSED   0x0000001c   Data   RW          587    .data               ad7124.o
    0x2000081c        -       0x00000648   Zero   RW          482    .bss                global.o
    0x20000e64        -       0x000000a0   Zero   RW          497    .bss                main.o
    0x20000f04        -       0x00000020   Zero   RW          586    .bss                ad7124.o
    0x20000f24        -       0x00000060   Zero   RW          816    .bss                c_w.l(libspace.o)
    0x20000f84   COMPRESSED   0x00000004   PAD
    0x20000f88        -       0x00000200   Zero   RW           85    HEAP                startup_stm32f10x_md.o
    0x20001188        -       0x00000400   Zero   RW           84    STACK               startup_stm32f10x_md.o


==============================================================================

Image component sizes


      Code (inc. data)   RO Data    RW Data    ZI Data      Debug   Object Name

      1960        102          0         28         32       5549   ad7124.o
         0          0          0          0          0       4540   core_cm3.o
       200         20          0          4          0      17895   delay.o
       776         38          0          0          0       1935   deviceinit.o
         0          0          0        236       1608       4661   global.o
       660        124         65          2        160       1804   main.o
       220         22          0          0          0     216193   misc.o
       228         14        844          0          0       1755   pt100.o
        64         26        236          0       1536        932   startup_stm32f10x_md.o
       196          8          0          0          0       3644   stm32f10x_bkp.o
       596          8          0          0          0       4510   stm32f10x_dma.o
       284         10          0          0          0       2403   stm32f10x_exti.o
       860         38          0          0          0       5877   stm32f10x_gpio.o
       580         54          0         28          0      18279   stm32f10x_it.o
       204         14          0          0          0       2019   stm32f10x_pwr.o
       932         36          0         20          0       9108   stm32f10x_rcc.o
      3610         88          0          0          0      22988   stm32f10x_tim.o
      1032         22          0          0          0       8604   stm32f10x_usart.o
       480         38          0         20          0      56075   system_stm32f10x.o
      3848        356          0       1728          0       7696   thermocouple.o
       388         18          0          8          0       5373   usart.o

    ----------------------------------------------------------------------
     17120       1036       1180       2076       3336     401840   Object Totals
         0          0         32          0          0          0   (incl. Generated)
         2          0          3          2          0          0   (incl. Padding)

    ----------------------------------------------------------------------

      Code (inc. data)   RO Data    RW Data    ZI Data      Debug   Library Member Name

        90          0          0          0          0          0   __dczerorl2.o
         8          0          0          0          0         68   __main.o
       312          4         17          0          0         92   __printf_flags_wp.o
        14          0          0          0          0         68   __printf_wp.o
         0          0          0          0          0          0   __rtentry.o
        12          0          0          0          0          0   __rtentry2.o
         6          0          0          0          0          0   __rtentry4.o
        52          8          0          0          0          0   __scatter.o
        28          0          0          0          0          0   __scatter_zi.o
        48          6          0          0          0         96   _printf_char_common.o
        36          4          0          0          0         80   _printf_char_file.o
         6          0          0          0          0          0   _printf_f.o
      1054          0          0          0          0        216   _printf_fp_dec.o
       128         16          0          0          0         84   _printf_fp_infnan.o
        78          0          0          0          0        108   _printf_pad.o
         0          0          0          0          0          0   _printf_percent.o
         4          0          0          0          0          0   _printf_percent_end.o
        22          0          0          0          0        100   _rserrno.o
       228          4        148          0          0         96   bigflt0.o
      1936        128          0          0          0        672   btod.o
        18          0          0          0          0         80   exit.o
         8          0          0          0          0         68   ferror.o
         6          0          0          0          0        152   heapauxi.o
        44         10         28          0          0         76   lc_numeric_c.o
         2          0          0          0          0          0   libinit.o
        18          0          0          0          0          0   libinit2.o
         2          0          0          0          0          0   libshutdown.o
         2          0          0          0          0          0   libshutdown2.o
         8          4          0          0         96         68   libspace.o
       138          0          0          0          0         80   lludiv10.o
        24          4          0          0          0         84   noretval__2printf.o
         8          4          0          0          0         68   rt_errno_addr_intlibspace.o
         8          4          0          0          0         68   rt_locale_intlibspace.o
         2          0          0          0          0          0   rtexit.o
        10          0          0          0          0          0   rtexit2.o
       128          0          0          0          0         68   strcmpv7m.o
        74          0          0          0          0         80   sys_stackheap_outer.o
         2          0          0          0          0         68   use_no_semi.o
        98          4          0          0          0         92   d2f.o
       826         16          0          0          0        348   daddsub_clz.o
        16          4          0          0          0         68   dcheck1.o
        24          0          0          0          0         68   dcmpi.o
       688        140          0          0          0        208   ddiv.o
        94          4          0          0          0         92   dfix.o
        84          0          0          0          0        136   dflt_clz.o
       120          4          0          0          0         92   dleqf.o
       340         12          0          0          0        104   dmul.o
       156          4          0          0          0         92   dnaninf.o
        12          0          0          0          0         68   dretinf.o
       108          0          0          0          0         80   drleqf.o
        86          4          0          0          0         84   f2d.o
       430          8          0          0          0        168   faddsub_clz.o
        24          0          0          0          0         68   fcmpi.o
       388         76          0          0          0         96   fdiv.o
        48          0          0          0          0         68   fflt_clz.o
       104          4          0          0          0         84   fleqf.o
       258          4          0          0          0         84   fmul.o
       140          4          0          0          0         84   fnaninf.o
        10          0          0          0          0         68   fretinf.o
        98          0          0          0          0         68   frleqf.o
         4          0          0          0          0         68   printf1.o
       100          0          0          0          0         68   retnan.o
        92          0          0          0          0         68   scalbn.o
        48          0          0          0          0         68   trapv.o
         0          0          0          0          0          0   usenofp.o
        36          6          0          0          0        204   dunder.o
       644         90         88          0          0        204   exp.o
        40          0          0          0          0         68   fpclassify.o
       170          0          0          0          0         96   poly.o

    ----------------------------------------------------------------------
      9876        580        284          0        100       5804   Library Totals
        26          0          3          0          4          0   (incl. Padding)

    ----------------------------------------------------------------------

      Code (inc. data)   RO Data    RW Data    ZI Data      Debug   Library Name

      4564        196        193          0         96       2640   c_w.l
      4396        288          0          0          0       2592   fz_ws.l
       890         96         88          0          0        572   m_ws.l

    ----------------------------------------------------------------------
      9876        580        284          0        100       5804   Library Totals

    ----------------------------------------------------------------------

==============================================================================


      Code (inc. data)   RO Data    RW Data    ZI Data      Debug   

     26996       1616       1464       2076       3436     402440   Grand Totals
     26996       1616       1464       1448       3436     402440   ELF Image Totals (compressed)
     26996       1616       1464       1448          0          0   ROM Totals

==============================================================================

    Total RO  Size (Code + RO Data)                28460 (  27.79kB)
    Total RW  Size (RW Data + ZI Data)              5512 (   5.38kB)
    Total ROM Size (Code + RO Data + RW Data)      29908 (  29.21kB)

==============================================================================

