<html>
<body>
<pre>
<h1>µVision Build Log</h1>
<h2>Tool Versions:</h2>
IDE-Version: ¦ÌVision V5.26.2.0
Copyright (C) 2018 ARM Ltd and ARM Germany GmbH. All rights reserved.
License Information: z z, z, LIC=W96CK-ZWZBS-VJL6J-UH2X5-LX2RD-23UK7
 
Tool Versions:
Toolchain:       MDK-ARM Professional  Version: 5.26.2.0
Toolchain Path:  D:\Keil_v5\ARM\ARMCC\Bin
C Compiler:      Armcc.exe V5.06 update 6 (build 750)
Assembler:       Armasm.exe V5.06 update 6 (build 750)
Linker/Locator:  ArmLink.exe V5.06 update 6 (build 750)
Library Manager: ArmAr.exe V5.06 update 6 (build 750)
Hex Converter:   FromElf.exe V5.06 update 6 (build 750)
CPU DLL:         SARMCM3.DLL V5.26.2.0
Dialog DLL:      DCM.DLL V1.17.2.0
Target DLL:      Segger\JL2CM3.dll V2.99.31.0
Dialog DLL:      TCM.DLL V1.36.1.0
 
<h2>Project:</h2>
E:\ÇàÔÆ\Coagulation\reference\AD7124ÎÂ¿Øcode\USER\LCD.uvprojx
Project File Date:  02/15/2022

<h2>Output:</h2>
*** Using Compiler 'V5.06 update 6 (build 750)', folder: 'D:\Keil_v5\ARM\ARMCC\Bin'
Build target 'pid'
compiling myProtocol.c...
compiling queue.c...
compiling stm32f4xx_it.c...
compiling pwm_output.c...
compiling messagePro.c...
compiling timer.c...
compiling system_stm32f4xx.c...
compiling convertTemp.c...
compiling pid.c...
compiling ads1256.c...
ads1256.c(746): warning:  #177-D: variable "AdcDatatable"  was declared but never referenced
  	int32_t AdcDatatable[10];
ads1256.c(747): warning:  #177-D: variable "temp"  was declared but never referenced
  	int32_t temp=0.0;
ads1256.c(751): warning:  #177-D: variable "j"  was declared but never referenced
  	u8 j = 0;
ads1256.c: 3 warnings, 0 errors
compiling main.c...
main.c(168): warning:  #167-D: argument of type "u8 *" is incompatible with parameter of type "char *restrict"
  			sprintf(lcd_id,"%.4f",iTemp);
main.c(172): warning:  #167-D: argument of type "u8 *" is incompatible with parameter of type "char *restrict"
  			sprintf(lcd_id,"%.4f",temp);
main.c(177): warning:  #167-D: argument of type "u8 *" is incompatible with parameter of type "char *restrict"
  			sprintf(lcd_id,"%.4f",pwm*10);
main.c(181): warning:  #167-D: argument of type "u8 *" is incompatible with parameter of type "char *restrict"
  			sprintf(lcd_id,"%f",pid_st.autotemp);
main.c(208): warning:  #167-D: argument of type "u8 *" is incompatible with parameter of type "char *restrict"
  			sprintf(lcd_id,"%f",pid_st.target);
main.c(212): warning:  #167-D: argument of type "u8 *" is incompatible with parameter of type "char *restrict"
  			sprintf(lcd_id,"%f",pid_st.Kp);
main.c(216): warning:  #167-D: argument of type "u8 *" is incompatible with parameter of type "char *restrict"
  			sprintf(lcd_id,"%f",pid_st.Ki);
main.c(220): warning:  #167-D: argument of type "u8 *" is incompatible with parameter of type "char *restrict"
  			sprintf(lcd_id,"%f",pid_st.Kd);
main.c(224): warning:  #167-D: argument of type "u8 *" is incompatible with parameter of type "char *restrict"
  			sprintf(lcd_id,"%f",pid_st.autotemp);
main.c: 9 warnings, 0 errors
assembling startup_stm32f40_41xxx.s...
compiling delay.c...
compiling myspi.c...
compiling key.c...
compiling usart.c...
compiling communication.c...
compiling ad7124.c...
compiling dac.c...
compiling sys.c...
compiling misc.c...
compiling lcd.c...
compiling stm32f4xx_gpio.c...
compiling stm32f4xx_syscfg.c...
compiling stm32f4xx_spi.c...
compiling stm32f4xx_exti.c...
compiling stm32f4xx_dac.c...
compiling stm32f4xx_fsmc.c...
compiling stm32f4xx_usart.c...
compiling stm32f4xx_tim.c...
compiling stm32f4xx_rcc.c...
linking...
Program Size: Code=57098 RO-data=7990 RW-data=284 ZI-data=2804  
FromELF: creating hex file...
"..\OBJ\LCD.axf" - 0 Error(s), 12 Warning(s).

<h2>Software Packages used:</h2>

Package Vendor: Keil
                http://www.keil.com/pack/Keil.STM32F4xx_DFP.2.15.0.pack
                Keil.STM32F4xx_DFP.2.15.0
                STMicroelectronics STM32F4 Series Device Support, Drivers and Examples

<h2>Collection of Component include folders:</h2>
  .\RTE\_pid
  D:\Keil_v5\ARM\PACK\Keil\STM32F4xx_DFP\2.15.0\Drivers\CMSIS\Device\ST\STM32F4xx\Include

<h2>Collection of Component Files used:</h2>
Build Time Elapsed:  00:00:06
</pre>
</body>
</html>
